Archive member included to satisfy reference by file (symbol)

f:/hifive-iot/freedomstudio-4.7.2.2019-05-0-win32.win32.x86_64/sifive/riscv64-unknown-elf-gcc/riscv64-unknown-elf-gcc-8.2.0-2019.05.3/bin/../lib/gcc/riscv64-unknown-elf/8.2.0/../../../../riscv64-unknown-elf/lib/rv32imac/ilp32\libc_nano.a(lib_a-clock.o)
                              C:\Users\maitr\AppData\Local\Temp\ccG9PUit.o (clock)
f:/hifive-iot/freedomstudio-4.7.2.2019-05-0-win32.win32.x86_64/sifive/riscv64-unknown-elf-gcc/riscv64-unknown-elf-gcc-8.2.0-2019.05.3/bin/../lib/gcc/riscv64-unknown-elf/8.2.0/../../../../riscv64-unknown-elf/lib/rv32imac/ilp32\libc_nano.a(lib_a-impure.o)
                              f:/hifive-iot/freedomstudio-4.7.2.2019-05-0-win32.win32.x86_64/sifive/riscv64-unknown-elf-gcc/riscv64-unknown-elf-gcc-8.2.0-2019.05.3/bin/../lib/gcc/riscv64-unknown-elf/8.2.0/../../../../riscv64-unknown-elf/lib/rv32imac/ilp32\libc_nano.a(lib_a-clock.o) (_impure_ptr)
f:/hifive-iot/freedomstudio-4.7.2.2019-05-0-win32.win32.x86_64/sifive/riscv64-unknown-elf-gcc/riscv64-unknown-elf-gcc-8.2.0-2019.05.3/bin/../lib/gcc/riscv64-unknown-elf/8.2.0/../../../../riscv64-unknown-elf/lib/rv32imac/ilp32\libc_nano.a(lib_a-memcpy.o)
                              C:\Users\maitr\AppData\Local\Temp\ccG9PUit.o (memcpy)
f:/hifive-iot/freedomstudio-4.7.2.2019-05-0-win32.win32.x86_64/sifive/riscv64-unknown-elf-gcc/riscv64-unknown-elf-gcc-8.2.0-2019.05.3/bin/../lib/gcc/riscv64-unknown-elf/8.2.0/../../../../riscv64-unknown-elf/lib/rv32imac/ilp32\libc_nano.a(lib_a-memset.o)
                              C:\Users\maitr\AppData\Local\Temp\ccG9PUit.o (memset)
f:/hifive-iot/freedomstudio-4.7.2.2019-05-0-win32.win32.x86_64/sifive/riscv64-unknown-elf-gcc/riscv64-unknown-elf-gcc-8.2.0-2019.05.3/bin/../lib/gcc/riscv64-unknown-elf/8.2.0/../../../../riscv64-unknown-elf/lib/rv32imac/ilp32\libc_nano.a(lib_a-printf.o)
                              C:\Users\maitr\AppData\Local\Temp\ccG9PUit.o (printf)
f:/hifive-iot/freedomstudio-4.7.2.2019-05-0-win32.win32.x86_64/sifive/riscv64-unknown-elf-gcc/riscv64-unknown-elf-gcc-8.2.0-2019.05.3/bin/../lib/gcc/riscv64-unknown-elf/8.2.0/../../../../riscv64-unknown-elf/lib/rv32imac/ilp32\libc_nano.a(lib_a-puts.o)
                              C:\Users\maitr\AppData\Local\Temp\ccG9PUit.o (puts)
f:/hifive-iot/freedomstudio-4.7.2.2019-05-0-win32.win32.x86_64/sifive/riscv64-unknown-elf-gcc/riscv64-unknown-elf-gcc-8.2.0-2019.05.3/bin/../lib/gcc/riscv64-unknown-elf/8.2.0/../../../../riscv64-unknown-elf/lib/rv32imac/ilp32\libc_nano.a(lib_a-strlen.o)
                              C:\Users\maitr\AppData\Local\Temp\ccG9PUit.o (strlen)
f:/hifive-iot/freedomstudio-4.7.2.2019-05-0-win32.win32.x86_64/sifive/riscv64-unknown-elf-gcc/riscv64-unknown-elf-gcc-8.2.0-2019.05.3/bin/../lib/gcc/riscv64-unknown-elf/8.2.0/../../../../riscv64-unknown-elf/lib/rv32imac/ilp32\libc_nano.a(lib_a-timesr.o)
                              f:/hifive-iot/freedomstudio-4.7.2.2019-05-0-win32.win32.x86_64/sifive/riscv64-unknown-elf-gcc/riscv64-unknown-elf-gcc-8.2.0-2019.05.3/bin/../lib/gcc/riscv64-unknown-elf/8.2.0/../../../../riscv64-unknown-elf/lib/rv32imac/ilp32\libc_nano.a(lib_a-clock.o) (_times_r)
f:/hifive-iot/freedomstudio-4.7.2.2019-05-0-win32.win32.x86_64/sifive/riscv64-unknown-elf-gcc/riscv64-unknown-elf-gcc-8.2.0-2019.05.3/bin/../lib/gcc/riscv64-unknown-elf/8.2.0/../../../../riscv64-unknown-elf/lib/rv32imac/ilp32\libc_nano.a(lib_a-wbuf.o)
                              f:/hifive-iot/freedomstudio-4.7.2.2019-05-0-win32.win32.x86_64/sifive/riscv64-unknown-elf-gcc/riscv64-unknown-elf-gcc-8.2.0-2019.05.3/bin/../lib/gcc/riscv64-unknown-elf/8.2.0/../../../../riscv64-unknown-elf/lib/rv32imac/ilp32\libc_nano.a(lib_a-puts.o) (__swbuf_r)
f:/hifive-iot/freedomstudio-4.7.2.2019-05-0-win32.win32.x86_64/sifive/riscv64-unknown-elf-gcc/riscv64-unknown-elf-gcc-8.2.0-2019.05.3/bin/../lib/gcc/riscv64-unknown-elf/8.2.0/../../../../riscv64-unknown-elf/lib/rv32imac/ilp32\libc_nano.a(lib_a-wsetup.o)
                              f:/hifive-iot/freedomstudio-4.7.2.2019-05-0-win32.win32.x86_64/sifive/riscv64-unknown-elf-gcc/riscv64-unknown-elf-gcc-8.2.0-2019.05.3/bin/../lib/gcc/riscv64-unknown-elf/8.2.0/../../../../riscv64-unknown-elf/lib/rv32imac/ilp32\libc_nano.a(lib_a-puts.o) (__swsetup_r)
f:/hifive-iot/freedomstudio-4.7.2.2019-05-0-win32.win32.x86_64/sifive/riscv64-unknown-elf-gcc/riscv64-unknown-elf-gcc-8.2.0-2019.05.3/bin/../lib/gcc/riscv64-unknown-elf/8.2.0/../../../../riscv64-unknown-elf/lib/rv32imac/ilp32\libc_nano.a(lib_a-fflush.o)
                              f:/hifive-iot/freedomstudio-4.7.2.2019-05-0-win32.win32.x86_64/sifive/riscv64-unknown-elf-gcc/riscv64-unknown-elf-gcc-8.2.0-2019.05.3/bin/../lib/gcc/riscv64-unknown-elf/8.2.0/../../../../riscv64-unknown-elf/lib/rv32imac/ilp32\libc_nano.a(lib_a-wbuf.o) (_fflush_r)
[...]
Memory Configuration

Name             Origin             Length             Attributes
ram              0x0000000080000000 0x0000000000004000 axw !rl
flash            0x0000000020010000 0x000000000006a120 axrl !w
*default*        0x0000000000000000 0xffffffffffffffff

Linker script and memory map

LOAD C:\Users\maitr\AppData\Local\Temp\ccG9PUit.o
START GROUP
LOAD f:/hifive-iot/freedomstudio-4.7.2.2019-05-0-win32.win32.x86_64/sifive/riscv64-unknown-elf-gcc/riscv64-unknown-elf-gcc-8.2.0-2019.05.3/bin/../lib/gcc/riscv64-unknown-elf/8.2.0/../../../../riscv64-unknown-elf/lib/rv32imac/ilp32\libc_nano.a
LOAD f:/hifive-iot/freedomstudio-4.7.2.2019-05-0-win32.win32.x86_64/sifive/riscv64-unknown-elf-gcc/riscv64-unknown-elf-gcc-8.2.0-2019.05.3/bin/../lib/gcc/riscv64-unknown-elf/8.2.0/rv32imac/ilp32\libgcc.a
LOAD F:/HiFive-IoT/Workspace/sifive-hifive1-revb-hello/bsp/install/lib/debug/\libmetal.a
LOAD F:/HiFive-IoT/Workspace/sifive-hifive1-revb-hello/bsp/install/lib/debug/\libmetal-gloss.a
END GROUP
                0x0000000000000400                __stack_size = DEFINED (__stack_size)?__stack_size:0x400
                [!provide]                        PROVIDE (__stack_size = __stack_size)
                0x0000000000000400                __heap_size = DEFINED (__heap_size)?__heap_size:0x400
                0x0000000000000000                PROVIDE (__metal_boot_hart = 0x0)
                0x0000000000000000                PROVIDE (__metal_chicken_bit = 0x0)

.init           0x0000000020010000      0x178
 *(.text.metal.init.enter)
 .text.metal.init.enter
                0x0000000020010000       0x60 F:/HiFive-IoT/Workspace/sifive-hifive1-revb-hello/bsp/install/lib/debug/\libmetal.a(libriscv__mmachine___a-entry.o)
                0x0000000020010000                _enter
 *(SORT_NONE(.init))
 *(.text.libgloss.start)
 .text.libgloss.start
                0x0000000020010060      0x118 F:/HiFive-IoT/Workspace/sifive-hifive1-revb-hello/bsp/install/lib/debug/\libmetal-gloss.a(crt0.o)
                0x0000000020010060                _start
                0x0000000020010158                _fini
                0x0000000020010158                _init
                0x000000002001015a                secondary_main

.text           0x0000000020010180     0x63aa
 *(.text.unlikely .text.unlikely.*)
 *(.text.startup .text.startup.*)
 .text.startup.register_fini
                0x0000000020010180       0x18 f:/hifive-iot/freedomstudio-4.7.2.2019-05-0-win32.win32.x86_64/sifive/riscv64-unknown-elf-gcc/riscv64-unknown-elf-gcc-8.2.0-2019.05.3/bin/../lib/gcc/riscv64-unknown-elf/8.2.0/../../../../riscv64-unknown-elf/lib/rv32imac/ilp32\libc_nano.a(lib_a-__call_atexit.o)
 *(.text .text.*)
 .text.delay    0x0000000020010198       0x48 C:\Users\maitr\AppData\Local\Temp\ccG9PUit.o
                0x0000000020010198                delay
 .text.main     0x00000000200101e0      0x3da C:\Users\maitr\AppData\Local\Temp\ccG9PUit.o
                0x00000000200101e0                main
 .text.send_cmd
                0x00000000200105ba      0x294 C:\Users\maitr\AppData\Local\Temp\ccG9PUit.o
                0x00000000200105ba                send_cmd
 .text.get_esp  0x000000002001084e      0x2d8 C:\Users\maitr\AppData\Local\Temp\ccG9PUit.o
                0x000000002001084e                get_esp
 .text.get_data_esp
                0x0000000020010b26      0x4d4 C:\Users\maitr\AppData\Local\Temp\ccG9PUit.o
                0x0000000020010b26                get_data_esp
 .text.input_enable
                0x0000000020010ffa       0x44 C:\Users\maitr\AppData\Local\Temp\ccG9PUit.o
                0x0000000020010ffa                input_enable
 .text.get_input_val
                0x000000002001103e       0x3e C:\Users\maitr\AppData\Local\Temp\ccG9PUit.o
                0x000000002001103e                get_input_val
 .text.clock    0x000000002001107c       0x28 f:/hifive-iot/freedomstudio-4.7.2.2019-05-0-win32.win32.x86_64/sifive/riscv64-unknown-elf-gcc/riscv64-unknown-elf-gcc-8.2.0-2019.05.3/bin/../lib/gcc/riscv64-unknown-elf/8.2.0/../../../../riscv64-unknown-elf/lib/rv32imac/ilp32\libc_nano.a(lib_a-clock.o)
                0x000000002001107c                clock
 .text.memcpy   0x00000000200110a4       0xb6 f:/hifive-iot/freedomstudio-4.7.2.2019-05-0-win32.win32.x86_64/sifive/riscv64-unknown-elf-gcc/riscv64-unknown-elf-gcc-8.2.0-2019.05.3/bin/../lib/gcc/riscv64-unknown-elf/8.2.0/../../../../riscv64-unknown-elf/lib/rv32imac/ilp32\libc_nano.a(lib_a-memcpy.o)
                0x00000000200110a4                memcpy
 .text          0x000000002001115a       0xa8 f:/hifive-iot/freedomstudio-4.7.2.2019-05-0-win32.win32.x86_64/sifive/riscv64-unknown-elf-gcc/riscv64-unknown-elf-gcc-8.2.0-2019.05.3/bin/../lib/gcc/riscv64-unknown-elf/8.2.0/../../../../riscv64-unknown-elf/lib/rv32imac/ilp32\libc_nano.a(lib_a-memset.o)
                0x000000002001115a                memset
 .text.printf   0x0000000020011202       0x40 f:/hifive-iot/freedomstudio-4.7.2.2019-05-0-win32.win32.x86_64/sifive/riscv64-unknown-elf-gcc/riscv64-unknown-elf-gcc-8.2.0-2019.05.3/bin/../lib/gcc/riscv64-unknown-elf/8.2.0/../../../../riscv64-unknown-elf/lib/rv32imac/ilp32\libc_nano.a(lib_a-printf.o)
                0x0000000020011202                iprintf
                0x0000000020011202                printf
 .text._puts_r  0x0000000020011242       0xda f:/hifive-iot/freedomstudio-4.7.2.2019-05-0-win32.win32.x86_64/sifive/riscv64-unknown-elf-gcc/riscv64-unknown-elf-gcc-8.2.0-2019.05.3/bin/../lib/gcc/riscv64-unknown-elf/8.2.0/../../../../riscv64-unknown-elf/lib/rv32imac/ilp32\libc_nano.a(lib_a-puts.o)
                0x0000000020011242                _puts_r
 .text.puts     0x000000002001131c        0xa f:/hifive-iot/freedomstudio-4.7.2.2019-05-0-win32.win32.x86_64/sifive/riscv64-unknown-elf-gcc/riscv64-unknown-elf-gcc-8.2.0-2019.05.3/bin/../lib/gcc/riscv64-unknown-elf/8.2.0/../../../../riscv64-unknown-elf/lib/rv32imac/ilp32\libc_nano.a(lib_a-puts.o)
                0x000000002001131c                puts
 .text.strlen   0x0000000020011326       0x12 f:/hifive-iot/freedomstudio-4.7.2.2019-05-0-win32.win32.x86_64/sifive/riscv64-unknown-elf-gcc/riscv64-unknown-elf-gcc-8.2.0-2019.05.3/bin/../lib/gcc/riscv64-unknown-elf/8.2.0/../../../../riscv64-unknown-elf/lib/rv32imac/ilp32\libc_nano.a(lib_a-strlen.o)
                0x0000000020011326                strlen
 .text._times_r
                0x0000000020011338        0x6 f:/hifive-iot/freedomstudio-4.7.2.2019-05-0-win32.win32.x86_64/sifive/riscv64-unknown-elf-gcc/riscv64-unknown-elf-gcc-8.2.0-2019.05.3/bin/../lib/gcc/riscv64-unknown-elf/8.2.0/../../../../riscv64-unknown-elf/lib/rv32imac/ilp32\libc_nano.a(lib_a-timesr.o)
                0x0000000020011338                _times_r
 .text.__swbuf_r
                0x000000002001133e       0xc0 f:/hifive-iot/freedomstudio-4.7.2.2019-05-0-win32.win32.x86_64/sifive/riscv64-unknown-elf-gcc/riscv64-unknown-elf-gcc-8.2.0-2019.05.3/bin/../lib/gcc/riscv64-unknown-elf/8.2.0/../../../../riscv64-unknown-elf/lib/rv32imac/ilp32\libc_nano.a(lib_a-wbuf.o)
                0x000000002001133e                __swbuf_r
 .text.__swsetup_r
                0x00000000200113fe      0x10c f:/hifive-iot/freedomstudio-4.7.2.2019-05-0-win32.win32.x86_64/sifive/riscv64-unknown-elf-gcc/riscv64-unknown-elf-gcc-8.2.0-2019.05.3/bin/../lib/gcc/riscv64-unknown-elf/8.2.0/../../../../riscv64-unknown-elf/lib/rv32imac/ilp32\libc_nano.a(lib_a-wsetup.o)
                0x00000000200113fe                __swsetup_r
 .text.__sflush_r
                0x000000002001150a      0x13c f:/hifive-iot/freedomstudio-4.7.2.2019-05-0-win32.win32.x86_64/sifive/riscv64-unknown-elf-gcc/riscv64-unknown-elf-gcc-8.2.0-2019.05.3/bin/../lib/gcc/riscv64-unknown-elf/8.2.0/../../../../riscv64-unknown-elf/lib/rv32imac/ilp32\libc_nano.a(lib_a-fflush.o)
                0x000000002001150a                __sflush_r
 .text._fflush_r
                0x0000000020011646       0x64 f:/hifive-iot/freedomstudio-4.7.2.2019-05-0-win32.win32.x86_64/sifive/riscv64-unknown-elf-gcc/riscv64-unknown-elf-gcc-8.2.0-2019.05.3/bin/../lib/gcc/riscv64-unknown-elf/8.2.0/../../../../riscv64-unknown-elf/lib/rv32imac/ilp32\libc_nano.a(lib_a-fflush.o)
                0x0000000020011646                _fflush_r
 .text.std      0x00000000200116aa       0x6a f:/hifive-iot/freedomstudio-4.7.2.2019-05-0-win32.win32.x86_64/sifive/riscv64-unknown-elf-gcc/riscv64-unknown-elf-gcc-8.2.0-2019.05.3/bin/../lib/gcc/riscv64-unknown-elf/8.2.0/../../../../riscv64-unknown-elf/lib/rv32imac/ilp32\libc_nano.a(lib_a-findfp.o)
 .text._cleanup_r
                0x0000000020011714        0xa f:/hifive-iot/freedomstudio-4.7.2.2019-05-0-win32.win32.x86_64/sifive/riscv64-unknown-elf-gcc/riscv64-unknown-elf-gcc-8.2.0-2019.05.3/bin/../lib/gcc/riscv64-unknown-elf/8.2.0/../../../../riscv64-unknown-elf/lib/rv32imac/ilp32\libc_nano.a(lib_a-findfp.o)
                0x0000000020011714                _cleanup_r
 .text.__sfmoreglue
                0x000000002001171e       0x46 f:/hifive-iot/freedomstudio-4.7.2.2019-05-0-win32.win32.x86_64/sifive/riscv64-unknown-elf-gcc/riscv64-unknown-elf-gcc-8.2.0-2019.05.3/bin/../lib/gcc/riscv64-unknown-elf/8.2.0/../../../../riscv64-unknown-elf/lib/rv32imac/ilp32\libc_nano.a(lib_a-findfp.o)
                0x000000002001171e                __sfmoreglue
 .text.__sinit  0x0000000020011764       0x66 f:/hifive-iot/freedomstudio-4.7.2.2019-05-0-win32.win32.x86_64/sifive/riscv64-unknown-elf-gcc/riscv64-unknown-elf-gcc-8.2.0-2019.05.3/bin/../lib/gcc/riscv64-unknown-elf/8.2.0/../../../../riscv64-unknown-elf/lib/rv32imac/ilp32\libc_nano.a(lib_a-findfp.o)
                0x0000000020011764                __sinit
 .text.__sfp    0x00000000200117ca       0x9c f:/hifive-iot/freedomstudio-4.7.2.2019-05-0-win32.win32.x86_64/sifive/riscv64-unknown-elf-gcc/riscv64-unknown-elf-gcc-8.2.0-2019.05.3/bin/../lib/gcc/riscv64-unknown-elf/8.2.0/../../../../riscv64-unknown-elf/lib/rv32imac/ilp32\libc_nano.a(lib_a-findfp.o)
                0x00000000200117ca                __sfp
 .text._fwalk_reent
                0x0000000020011866       0x6c f:/hifive-iot/freedomstudio-4.7.2.2019-05-0-win32.win32.x86_64/sifive/riscv64-unknown-elf-gcc/riscv64-unknown-elf-gcc-8.2.0-2019.05.3/bin/../lib/gcc/riscv64-unknown-elf/8.2.0/../../../../riscv64-unknown-elf/lib/rv32imac/ilp32\libc_nano.a(lib_a-fwalk.o)
                0x0000000020011866                _fwalk_reent
 .text.__swhatbuf_r
                0x00000000200118d2       0x58 f:/hifive-iot/freedomstudio-4.7.2.2019-05-0-win32.win32.x86_64/sifive/riscv64-unknown-elf-gcc/riscv64-unknown-elf-gcc-8.2.0-2019.05.3/bin/../lib/gcc/riscv64-unknown-elf/8.2.0/../../../../riscv64-unknown-elf/lib/rv32imac/ilp32\libc_nano.a(lib_a-makebuf.o)
                0x00000000200118d2                __swhatbuf_r
 .text.__smakebuf_r
                0x000000002001192a       0x9c f:/hifive-iot/freedomstudio-4.7.2.2019-05-0-win32.win32.x86_64/sifive/riscv64-unknown-elf-gcc/riscv64-unknown-elf-gcc-8.2.0-2019.05.3/bin/../lib/gcc/riscv64-unknown-elf/8.2.0/../../../../riscv64-unknown-elf/lib/rv32imac/ilp32\libc_nano.a(lib_a-makebuf.o)
                0x000000002001192a                __smakebuf_r
 .text._free_r  0x00000000200119c6       0xac f:/hifive-iot/freedomstudio-4.7.2.2019-05-0-win32.win32.x86_64/sifive/riscv64-unknown-elf-gcc/riscv64-unknown-elf-gcc-8.2.0-2019.05.3/bin/../lib/gcc/riscv64-unknown-elf/8.2.0/../../../../riscv64-unknown-elf/lib/rv32imac/ilp32\libc_nano.a(lib_a-nano-freer.o)
                0x00000000200119c6                _free_r
 .text._malloc_r
                0x0000000020011a72       0xde f:/hifive-iot/freedomstudio-4.7.2.2019-05-0-win32.win32.x86_64/sifive/riscv64-unknown-elf-gcc/riscv64-unknown-elf-gcc-8.2.0-2019.05.3/bin/../lib/gcc/riscv64-unknown-elf/8.2.0/../../../../riscv64-unknown-elf/lib/rv32imac/ilp32\libc_nano.a(lib_a-nano-mallocr.o)
                0x0000000020011a72                _malloc_r
 .text.__sfputc_r
                0x0000000020011b50       0x2a f:/hifive-iot/freedomstudio-4.7.2.2019-05-0-win32.win32.x86_64/sifive/riscv64-unknown-elf-gcc/riscv64-unknown-elf-gcc-8.2.0-2019.05.3/bin/../lib/gcc/riscv64-unknown-elf/8.2.0/../../../../riscv64-unknown-elf/lib/rv32imac/ilp32\libc_nano.a(lib_a-nano-vfprintf.o)
 .text.__sfputs_r
                0x0000000020011b7a       0x42 f:/hifive-iot/freedomstudio-4.7.2.2019-05-0-win32.win32.x86_64/sifive/riscv64-unknown-elf-gcc/riscv64-unknown-elf-gcc-8.2.0-2019.05.3/bin/../lib/gcc/riscv64-unknown-elf/8.2.0/../../../../riscv64-unknown-elf/lib/rv32imac/ilp32\libc_nano.a(lib_a-nano-vfprintf.o)
                0x0000000020011b7a                __sfputs_r
 .text._vfprintf_r
                0x0000000020011bbc      0x29a f:/hifive-iot/freedomstudio-4.7.2.2019-05-0-win32.win32.x86_64/sifive/riscv64-unknown-elf-gcc/riscv64-unknown-elf-gcc-8.2.0-2019.05.3/bin/../lib/gcc/riscv64-unknown-elf/8.2.0/../../../../riscv64-unknown-elf/lib/rv32imac/ilp32\libc_nano.a(lib_a-nano-vfprintf.o)
                0x0000000020011bbc                _vfprintf_r
                0x0000000020011bbc                _vfiprintf_r
 .text._sbrk_r  0x0000000020011e56       0x2a f:/hifive-iot/freedomstudio-4.7.2.2019-05-0-win32.win32.x86_64/sifive/riscv64-unknown-elf-gcc/riscv64-unknown-elf-gcc-8.2.0-2019.05.3/bin/../lib/gcc/riscv64-unknown-elf/8.2.0/../../../../riscv64-unknown-elf/lib/rv32imac/ilp32\libc_nano.a(lib_a-sbrkr.o)
                0x0000000020011e56                _sbrk_r
 .text.__sread  0x0000000020011e80       0x30 f:/hifive-iot/freedomstudio-4.7.2.2019-05-0-win32.win32.x86_64/sifive/riscv64-unknown-elf-gcc/riscv64-unknown-elf-gcc-8.2.0-2019.05.3/bin/../lib/gcc/riscv64-unknown-elf/8.2.0/../../../../riscv64-unknown-elf/lib/rv32imac/ilp32\libc_nano.a(lib_a-stdio.o)
                0x0000000020011e80                __sread
 .text.__swrite
                0x0000000020011eb0       0x4e f:/hifive-iot/freedomstudio-4.7.2.2019-05-0-win32.win32.x86_64/sifive/riscv64-unknown-elf-gcc/riscv64-unknown-elf-gcc-8.2.0-2019.05.3/bin/../lib/gcc/riscv64-unknown-elf/8.2.0/../../../../riscv64-unknown-elf/lib/rv32imac/ilp32\libc_nano.a(lib_a-stdio.o)
                0x0000000020011eb0                __swrite
 .text.__sseek  0x0000000020011efe       0x36 f:/hifive-iot/freedomstudio-4.7.2.2019-05-0-win32.win32.x86_64/sifive/riscv64-unknown-elf-gcc/riscv64-unknown-elf-gcc-8.2.0-2019.05.3/bin/../lib/gcc/riscv64-unknown-elf/8.2.0/../../../../riscv64-unknown-elf/lib/rv32imac/ilp32\libc_nano.a(lib_a-stdio.o)
                0x0000000020011efe                __sseek
 .text.__sclose
                0x0000000020011f34        0x6 f:/hifive-iot/freedomstudio-4.7.2.2019-05-0-win32.win32.x86_64/sifive/riscv64-unknown-elf-gcc/riscv64-unknown-elf-gcc-8.2.0-2019.05.3/bin/../lib/gcc/riscv64-unknown-elf/8.2.0/../../../../riscv64-unknown-elf/lib/rv32imac/ilp32\libc_nano.a(lib_a-stdio.o)
                0x0000000020011f34                __sclose
 .text._write_r
                0x0000000020011f3a       0x2e f:/hifive-iot/freedomstudio-4.7.2.2019-05-0-win32.win32.x86_64/sifive/riscv64-unknown-elf-gcc/riscv64-unknown-elf-gcc-8.2.0-2019.05.3/bin/../lib/gcc/riscv64-unknown-elf/8.2.0/../../../../riscv64-unknown-elf/lib/rv32imac/ilp32\libc_nano.a(lib_a-writer.o)
                0x0000000020011f3a                _write_r
 .text._close_r
                0x0000000020011f68       0x2a f:/hifive-iot/freedomstudio-4.7.2.2019-05-0-win32.win32.x86_64/sifive/riscv64-unknown-elf-gcc/riscv64-unknown-elf-gcc-8.2.0-2019.05.3/bin/../lib/gcc/riscv64-unknown-elf/8.2.0/../../../../riscv64-unknown-elf/lib/rv32imac/ilp32\libc_nano.a(lib_a-closer.o)
                0x0000000020011f68                _close_r
 .text._fstat_r
                0x0000000020011f92       0x2c f:/hifive-iot/freedomstudio-4.7.2.2019-05-0-win32.win32.x86_64/sifive/riscv64-unknown-elf-gcc/riscv64-unknown-elf-gcc-8.2.0-2019.05.3/bin/../lib/gcc/riscv64-unknown-elf/8.2.0/../../../../riscv64-unknown-elf/lib/rv32imac/ilp32\libc_nano.a(lib_a-fstatr.o)
                0x0000000020011f92                _fstat_r
 .text._isatty_r
                0x0000000020011fbe       0x2a f:/hifive-iot/freedomstudio-4.7.2.2019-05-0-win32.win32.x86_64/sifive/riscv64-unknown-elf-gcc/riscv64-unknown-elf-gcc-8.2.0-2019.05.3/bin/../lib/gcc/riscv64-unknown-elf/8.2.0/../../../../riscv64-unknown-elf/lib/rv32imac/ilp32\libc_nano.a(lib_a-isattyr.o)
                0x0000000020011fbe                _isatty_r
 .text._lseek_r
                0x0000000020011fe8       0x2e f:/hifive-iot/freedomstudio-4.7.2.2019-05-0-win32.win32.x86_64/sifive/riscv64-unknown-elf-gcc/riscv64-unknown-elf-gcc-8.2.0-2019.05.3/bin/../lib/gcc/riscv64-unknown-elf/8.2.0/../../../../riscv64-unknown-elf/lib/rv32imac/ilp32\libc_nano.a(lib_a-lseekr.o)
                0x0000000020011fe8                _lseek_r
 .text.memchr   0x0000000020012016       0x1a f:/hifive-iot/freedomstudio-4.7.2.2019-05-0-win32.win32.x86_64/sifive/riscv64-unknown-elf-gcc/riscv64-unknown-elf-gcc-8.2.0-2019.05.3/bin/../lib/gcc/riscv64-unknown-elf/8.2.0/../../../../riscv64-unknown-elf/lib/rv32imac/ilp32\libc_nano.a(lib_a-memchr.o)
                0x0000000020012016                memchr
 .text.__malloc_lock
                0x0000000020012030        0x2 f:/hifive-iot/freedomstudio-4.7.2.2019-05-0-win32.win32.x86_64/sifive/riscv64-unknown-elf-gcc/riscv64-unknown-elf-gcc-8.2.0-2019.05.3/bin/../lib/gcc/riscv64-unknown-elf/8.2.0/../../../../riscv64-unknown-elf/lib/rv32imac/ilp32\libc_nano.a(lib_a-mlock.o)
                0x0000000020012030                __malloc_lock
 .text.__malloc_unlock
                0x0000000020012032        0x2 f:/hifive-iot/freedomstudio-4.7.2.2019-05-0-win32.win32.x86_64/sifive/riscv64-unknown-elf-gcc/riscv64-unknown-elf-gcc-8.2.0-2019.05.3/bin/../lib/gcc/riscv64-unknown-elf/8.2.0/../../../../riscv64-unknown-elf/lib/rv32imac/ilp32\libc_nano.a(lib_a-mlock.o)
                0x0000000020012032                __malloc_unlock
 .text._printf_common
                0x0000000020012034      0x10c f:/hifive-iot/freedomstudio-4.7.2.2019-05-0-win32.win32.x86_64/sifive/riscv64-unknown-elf-gcc/riscv64-unknown-elf-gcc-8.2.0-2019.05.3/bin/../lib/gcc/riscv64-unknown-elf/8.2.0/../../../../riscv64-unknown-elf/lib/rv32imac/ilp32\libc_nano.a(lib_a-nano-vfprintf_i.o)
                0x0000000020012034                _printf_common
 .text._printf_i
                0x0000000020012140      0x2a2 f:/hifive-iot/freedomstudio-4.7.2.2019-05-0-win32.win32.x86_64/sifive/riscv64-unknown-elf-gcc/riscv64-unknown-elf-gcc-8.2.0-2019.05.3/bin/../lib/gcc/riscv64-unknown-elf/8.2.0/../../../../riscv64-unknown-elf/lib/rv32imac/ilp32\libc_nano.a(lib_a-nano-vfprintf_i.o)
                0x0000000020012140                _printf_i
 .text._read_r  0x00000000200123e2       0x2e f:/hifive-iot/freedomstudio-4.7.2.2019-05-0-win32.win32.x86_64/sifive/riscv64-unknown-elf-gcc/riscv64-unknown-elf-gcc-8.2.0-2019.05.3/bin/../lib/gcc/riscv64-unknown-elf/8.2.0/../../../../riscv64-unknown-elf/lib/rv32imac/ilp32\libc_nano.a(lib_a-readr.o)
                0x00000000200123e2                _read_r
 *fill*         0x0000000020012410        0x0 
 .text.metal.init.trapvec
                0x0000000020012410        0xe F:/HiFive-IoT/Workspace/sifive-hifive1-revb-hello/bsp/install/lib/debug/\libmetal.a(libriscv__mmachine___a-entry.o)
 .text.metal_gpio_enable_output
                0x000000002001241e       0x40 F:/HiFive-IoT/Workspace/sifive-hifive1-revb-hello/bsp/install/lib/debug/\libmetal.a(libriscv__mmachine___a-gpio.o)
                0x000000002001241e                metal_gpio_enable_output
 .text.metal_gpio_set_pin
                0x000000002001245e       0x68 F:/HiFive-IoT/Workspace/sifive-hifive1-revb-hello/bsp/install/lib/debug/\libmetal.a(libriscv__mmachine___a-gpio.o)
                0x000000002001245e                metal_gpio_set_pin
 .text.metal_gpio_get_device
                0x00000000200124c6       0x2e F:/HiFive-IoT/Workspace/sifive-hifive1-revb-hello/bsp/install/lib/debug/\libmetal.a(libriscv__mmachine___a-gpio.o)
                0x00000000200124c6                metal_gpio_get_device
 .text.metal_spi_set_baud_rate
                0x00000000200124f4       0x2e F:/HiFive-IoT/Workspace/sifive-hifive1-revb-hello/bsp/install/lib/debug/\libmetal.a(libriscv__mmachine___a-spi.o)
                0x00000000200124f4                metal_spi_set_baud_rate
 .text.metal_spi_get_device
                0x0000000020012522       0x2c F:/HiFive-IoT/Workspace/sifive-hifive1-revb-hello/bsp/install/lib/debug/\libmetal.a(libriscv__mmachine___a-spi.o)
                0x0000000020012522                metal_spi_get_device
 .text.__metal_driver_sifive_clint0_control_base
                0x000000002001254e       0x26 F:/HiFive-IoT/Workspace/sifive-hifive1-revb-hello/bsp/install/lib/debug/\libmetal.a(libriscv__mmachine___a-riscv_clint0.o)
 .text.__metal_driver_sifive_clint0_num_interrupts
                0x0000000020012574       0x24 F:/HiFive-IoT/Workspace/sifive-hifive1-revb-hello/bsp/install/lib/debug/\libmetal.a(libriscv__mmachine___a-riscv_clint0.o)
 .text.__metal_driver_sifive_clint0_interrupt_parents
                0x0000000020012598       0x3c F:/HiFive-IoT/Workspace/sifive-hifive1-revb-hello/bsp/install/lib/debug/\libmetal.a(libriscv__mmachine___a-riscv_clint0.o)
 .text.__metal_driver_sifive_clint0_interrupt_lines
                0x00000000200125d4       0x30 F:/HiFive-IoT/Workspace/sifive-hifive1-revb-hello/bsp/install/lib/debug/\libmetal.a(libriscv__mmachine___a-riscv_clint0.o)
 .text.__metal_clint0_mtime_get
                0x0000000020012604       0x9a F:/HiFive-IoT/Workspace/sifive-hifive1-revb-hello/bsp/install/lib/debug/\libmetal.a(libriscv__mmachine___a-riscv_clint0.o)
                0x0000000020012604                __metal_clint0_mtime_get
 .text.__metal_driver_riscv_clint0_mtimecmp_set
                0x000000002001269e       0x96 F:/HiFive-IoT/Workspace/sifive-hifive1-revb-hello/bsp/install/lib/debug/\libmetal.a(libriscv__mmachine___a-riscv_clint0.o)
                0x000000002001269e                __metal_driver_riscv_clint0_mtimecmp_set
 .text._get_cpu_intc
                0x0000000020012734       0x34 F:/HiFive-IoT/Workspace/sifive-hifive1-revb-hello/bsp/install/lib/debug/\libmetal.a(libriscv__mmachine___a-riscv_clint0.o)
 .text.__metal_driver_riscv_clint0_init
                0x0000000020012768       0x88 F:/HiFive-IoT/Workspace/sifive-hifive1-revb-hello/bsp/install/lib/debug/\libmetal.a(libriscv__mmachine___a-riscv_clint0.o)
                0x0000000020012768                __metal_driver_riscv_clint0_init
 .text.__metal_driver_riscv_clint0_register
                0x00000000200127f0       0xbc F:/HiFive-IoT/Workspace/sifive-hifive1-revb-hello/bsp/install/lib/debug/\libmetal.a(libriscv__mmachine___a-riscv_clint0.o)
                0x00000000200127f0                __metal_driver_riscv_clint0_register
 .text.__metal_driver_riscv_clint0_enable
                0x00000000200128ac       0xb4 F:/HiFive-IoT/Workspace/sifive-hifive1-revb-hello/bsp/install/lib/debug/\libmetal.a(libriscv__mmachine___a-riscv_clint0.o)
                0x00000000200128ac                __metal_driver_riscv_clint0_enable
 .text.__metal_driver_riscv_clint0_disable
                0x0000000020012960       0xb6 F:/HiFive-IoT/Workspace/sifive-hifive1-revb-hello/bsp/install/lib/debug/\libmetal.a(libriscv__mmachine___a-riscv_clint0.o)
                0x0000000020012960                __metal_driver_riscv_clint0_disable
 .text.__metal_driver_riscv_clint0_command_request
                0x0000000020012a16      0x136 F:/HiFive-IoT/Workspace/sifive-hifive1-revb-hello/bsp/install/lib/debug/\libmetal.a(libriscv__mmachine___a-riscv_clint0.o)
                0x0000000020012a16                __metal_driver_riscv_clint0_command_request
 .text.__metal_driver_cpu_hartid
                0x0000000020012b4c       0x24 F:/HiFive-IoT/Workspace/sifive-hifive1-revb-hello/bsp/install/lib/debug/\libmetal.a(libriscv__mmachine___a-riscv_cpu.o)
 .text.__metal_driver_cpu_timebase
                0x0000000020012b70       0x2a F:/HiFive-IoT/Workspace/sifive-hifive1-revb-hello/bsp/install/lib/debug/\libmetal.a(libriscv__mmachine___a-riscv_cpu.o)
 .text.__metal_driver_cpu_interrupt_controller
                0x0000000020012b9a       0x2a F:/HiFive-IoT/Workspace/sifive-hifive1-revb-hello/bsp/install/lib/debug/\libmetal.a(libriscv__mmachine___a-riscv_cpu.o)
 .text.__metal_driver_cpu_get
                0x0000000020012bc4       0x2c F:/HiFive-IoT/Workspace/sifive-hifive1-revb-hello/bsp/install/lib/debug/\libmetal.a(libriscv__mmachine___a-riscv_cpu.o)
                0x0000000020012bc4                __metal_driver_cpu_get
 .text.__metal_myhart_id
                0x0000000020012bf0       0x1a F:/HiFive-IoT/Workspace/sifive-hifive1-revb-hello/bsp/install/lib/debug/\libmetal.a(libriscv__mmachine___a-riscv_cpu.o)
                0x0000000020012bf0                __metal_myhart_id
 .text.__metal_interrupt_global_enable
                0x0000000020012c0a       0x18 F:/HiFive-IoT/Workspace/sifive-hifive1-revb-hello/bsp/install/lib/debug/\libmetal.a(libriscv__mmachine___a-riscv_cpu.o)
                0x0000000020012c0a                __metal_interrupt_global_enable
 .text.__metal_interrupt_global_disable
                0x0000000020012c22       0x18 F:/HiFive-IoT/Workspace/sifive-hifive1-revb-hello/bsp/install/lib/debug/\libmetal.a(libriscv__mmachine___a-riscv_cpu.o)
                0x0000000020012c22                __metal_interrupt_global_disable
 .text.__metal_interrupt_software_enable
                0x0000000020012c3a       0x18 F:/HiFive-IoT/Workspace/sifive-hifive1-revb-hello/bsp/install/lib/debug/\libmetal.a(libriscv__mmachine___a-riscv_cpu.o)
                0x0000000020012c3a                __metal_interrupt_software_enable
 .text.__metal_interrupt_software_disable
                0x0000000020012c52       0x18 F:/HiFive-IoT/Workspace/sifive-hifive1-revb-hello/bsp/install/lib/debug/\libmetal.a(libriscv__mmachine___a-riscv_cpu.o)
                0x0000000020012c52                __metal_interrupt_software_disable
 .text.__metal_interrupt_timer_enable
                0x0000000020012c6a       0x1a F:/HiFive-IoT/Workspace/sifive-hifive1-revb-hello/bsp/install/lib/debug/\libmetal.a(libriscv__mmachine___a-riscv_cpu.o)
                0x0000000020012c6a                __metal_interrupt_timer_enable
 .text.__metal_interrupt_timer_disable
                0x0000000020012c84       0x1a F:/HiFive-IoT/Workspace/sifive-hifive1-revb-hello/bsp/install/lib/debug/\libmetal.a(libriscv__mmachine___a-riscv_cpu.o)
                0x0000000020012c84                __metal_interrupt_timer_disable
 .text.__metal_interrupt_external_enable
                0x0000000020012c9e       0x1c F:/HiFive-IoT/Workspace/sifive-hifive1-revb-hello/bsp/install/lib/debug/\libmetal.a(libriscv__mmachine___a-riscv_cpu.o)
                0x0000000020012c9e                __metal_interrupt_external_enable
 .text.__metal_interrupt_external_disable
                0x0000000020012cba       0x1c F:/HiFive-IoT/Workspace/sifive-hifive1-revb-hello/bsp/install/lib/debug/\libmetal.a(libriscv__mmachine___a-riscv_cpu.o)
                0x0000000020012cba                __metal_interrupt_external_disable
 .text.__metal_interrupt_local_enable
                0x0000000020012cd6       0x2c F:/HiFive-IoT/Workspace/sifive-hifive1-revb-hello/bsp/install/lib/debug/\libmetal.a(libriscv__mmachine___a-riscv_cpu.o)
                0x0000000020012cd6                __metal_interrupt_local_enable
 .text.__metal_interrupt_local_disable
                0x0000000020012d02       0x2c F:/HiFive-IoT/Workspace/sifive-hifive1-revb-hello/bsp/install/lib/debug/\libmetal.a(libriscv__mmachine___a-riscv_cpu.o)
                0x0000000020012d02                __metal_interrupt_local_disable
 .text.__metal_default_exception_handler
                0x0000000020012d2e       0x18 F:/HiFive-IoT/Workspace/sifive-hifive1-revb-hello/bsp/install/lib/debug/\libmetal.a(libriscv__mmachine___a-riscv_cpu.o)
                0x0000000020012d2e                __metal_default_exception_handler
 .text.__metal_default_interrupt_handler
                0x0000000020012d46       0x18 F:/HiFive-IoT/Workspace/sifive-hifive1-revb-hello/bsp/install/lib/debug/\libmetal.a(libriscv__mmachine___a-riscv_cpu.o)
                0x0000000020012d46                __metal_default_interrupt_handler
 .text.__metal_default_sw_handler
                0x0000000020012d5e       0x64 F:/HiFive-IoT/Workspace/sifive-hifive1-revb-hello/bsp/install/lib/debug/\libmetal.a(libriscv__mmachine___a-riscv_cpu.o)
                0x0000000020012d5e                __metal_default_sw_handler
 .text.__metal_default_timer_handler
                0x0000000020012dc2       0x66 F:/HiFive-IoT/Workspace/sifive-hifive1-revb-hello/bsp/install/lib/debug/\libmetal.a(libriscv__mmachine___a-riscv_cpu.o)
                0x0000000020012dc2                __metal_default_timer_handler
 *fill*         0x0000000020012e28       0x58 
 .text.__metal_exception_handler
                0x0000000020012e80      0x176 F:/HiFive-IoT/Workspace/sifive-hifive1-revb-hello/bsp/install/lib/debug/\libmetal.a(libriscv__mmachine___a-riscv_cpu.o)
                0x0000000020012e80                __metal_exception_handler
 .text.__metal_controller_interrupt_vector
                0x0000000020012ff6       0xa6 F:/HiFive-IoT/Workspace/sifive-hifive1-revb-hello/bsp/install/lib/debug/\libmetal.a(libriscv__mmachine___a-riscv_cpu.o)
                0x0000000020012ff6                __metal_controller_interrupt_vector
 .text.__metal_valid_interrupt_id
                0x000000002001309c       0x38 F:/HiFive-IoT/Workspace/sifive-hifive1-revb-hello/bsp/install/lib/debug/\libmetal.a(libriscv__mmachine___a-riscv_cpu.o)
                0x000000002001309c                __metal_valid_interrupt_id
 .text.__metal_local_interrupt_enable
                0x00000000200130d4       0xb6 F:/HiFive-IoT/Workspace/sifive-hifive1-revb-hello/bsp/install/lib/debug/\libmetal.a(libriscv__mmachine___a-riscv_cpu.o)
                0x00000000200130d4                __metal_local_interrupt_enable
 .text.__metal_exception_register
                0x000000002001318a       0x4e F:/HiFive-IoT/Workspace/sifive-hifive1-revb-hello/bsp/install/lib/debug/\libmetal.a(libriscv__mmachine___a-riscv_cpu.o)
                0x000000002001318a                __metal_exception_register
 .text.__metal_driver_riscv_cpu_controller_interrupt_init
                0x00000000200131d8      0x140 F:/HiFive-IoT/Workspace/sifive-hifive1-revb-hello/bsp/install/lib/debug/\libmetal.a(libriscv__mmachine___a-riscv_cpu.o)
                0x00000000200131d8                __metal_driver_riscv_cpu_controller_interrupt_init
 .text.__metal_driver_riscv_cpu_controller_interrupt_register
                0x0000000020013318      0x14a F:/HiFive-IoT/Workspace/sifive-hifive1-revb-hello/bsp/install/lib/debug/\libmetal.a(libriscv__mmachine___a-riscv_cpu.o)
                0x0000000020013318                __metal_driver_riscv_cpu_controller_interrupt_register
 .text.__metal_driver_riscv_cpu_controller_interrupt_enable
                0x0000000020013462       0x2c F:/HiFive-IoT/Workspace/sifive-hifive1-revb-hello/bsp/install/lib/debug/\libmetal.a(libriscv__mmachine___a-riscv_cpu.o)
                0x0000000020013462                __metal_driver_riscv_cpu_controller_interrupt_enable
 .text.__metal_driver_riscv_cpu_controller_interrupt_disable
                0x000000002001348e       0x2c F:/HiFive-IoT/Workspace/sifive-hifive1-revb-hello/bsp/install/lib/debug/\libmetal.a(libriscv__mmachine___a-riscv_cpu.o)
                0x000000002001348e                __metal_driver_riscv_cpu_controller_interrupt_disable
 .text.__metal_driver_riscv_cpu_controller_interrupt_enable_vector
                0x00000000200134ba       0x66 F:/HiFive-IoT/Workspace/sifive-hifive1-revb-hello/bsp/install/lib/debug/\libmetal.a(libriscv__mmachine___a-riscv_cpu.o)
                0x00000000200134ba                __metal_driver_riscv_cpu_controller_interrupt_enable_vector
 .text.__metal_driver_riscv_cpu_controller_interrupt_disable_vector
                0x0000000020013520       0x3c F:/HiFive-IoT/Workspace/sifive-hifive1-revb-hello/bsp/install/lib/debug/\libmetal.a(libriscv__mmachine___a-riscv_cpu.o)
                0x0000000020013520                __metal_driver_riscv_cpu_controller_interrupt_disable_vector
 .text.__metal_driver_riscv_cpu_controller_command_request
                0x000000002001355c       0x1c F:/HiFive-IoT/Workspace/sifive-hifive1-revb-hello/bsp/install/lib/debug/\libmetal.a(libriscv__mmachine___a-riscv_cpu.o)
                0x000000002001355c                __metal_driver_riscv_cpu_controller_command_request
 .text.__metal_driver_cpu_timer_get
                0x0000000020013578       0x72 F:/HiFive-IoT/Workspace/sifive-hifive1-revb-hello/bsp/install/lib/debug/\libmetal.a(libriscv__mmachine___a-riscv_cpu.o)
                0x0000000020013578                __metal_driver_cpu_timer_get
 .text.__metal_driver_cpu_timebase_get
                0x00000000200135ea       0x46 F:/HiFive-IoT/Workspace/sifive-hifive1-revb-hello/bsp/install/lib/debug/\libmetal.a(libriscv__mmachine___a-riscv_cpu.o)
                0x00000000200135ea                __metal_driver_cpu_timebase_get
 .text.__metal_driver_cpu_mtime_get
                0x0000000020013630       0x6e F:/HiFive-IoT/Workspace/sifive-hifive1-revb-hello/bsp/install/lib/debug/\libmetal.a(libriscv__mmachine___a-riscv_cpu.o)
                0x0000000020013630                __metal_driver_cpu_mtime_get
 .text.__metal_driver_cpu_mtimecmp_set
                0x000000002001369e       0x7e F:/HiFive-IoT/Workspace/sifive-hifive1-revb-hello/bsp/install/lib/debug/\libmetal.a(libriscv__mmachine___a-riscv_cpu.o)
                0x000000002001369e                __metal_driver_cpu_mtimecmp_set
 .text.__metal_driver_cpu_timer_controller_interrupt
                0x000000002001371c       0x16 F:/HiFive-IoT/Workspace/sifive-hifive1-revb-hello/bsp/install/lib/debug/\libmetal.a(libriscv__mmachine___a-riscv_cpu.o)
                0x000000002001371c                __metal_driver_cpu_timer_controller_interrupt
 .text.__metal_driver_cpu_get_timer_interrupt_id
                0x0000000020013732       0x14 F:/HiFive-IoT/Workspace/sifive-hifive1-revb-hello/bsp/install/lib/debug/\libmetal.a(libriscv__mmachine___a-riscv_cpu.o)
                0x0000000020013732                __metal_driver_cpu_get_timer_interrupt_id
 .text.__metal_driver_cpu_sw_controller_interrupt
                0x0000000020013746       0x16 F:/HiFive-IoT/Workspace/sifive-hifive1-revb-hello/bsp/install/lib/debug/\libmetal.a(libriscv__mmachine___a-riscv_cpu.o)
                0x0000000020013746                __metal_driver_cpu_sw_controller_interrupt
 .text.__metal_driver_cpu_get_sw_interrupt_id
                0x000000002001375c       0x14 F:/HiFive-IoT/Workspace/sifive-hifive1-revb-hello/bsp/install/lib/debug/\libmetal.a(libriscv__mmachine___a-riscv_cpu.o)
                0x000000002001375c                __metal_driver_cpu_get_sw_interrupt_id
 .text.__metal_driver_cpu_set_sw_ipi
                0x0000000020013770       0x6a F:/HiFive-IoT/Workspace/sifive-hifive1-revb-hello/bsp/install/lib/debug/\libmetal.a(libriscv__mmachine___a-riscv_cpu.o)
                0x0000000020013770                __metal_driver_cpu_set_sw_ipi
 .text.__metal_driver_cpu_clear_sw_ipi
                0x00000000200137da       0x6a F:/HiFive-IoT/Workspace/sifive-hifive1-revb-hello/bsp/install/lib/debug/\libmetal.a(libriscv__mmachine___a-riscv_cpu.o)
                0x00000000200137da                __metal_driver_cpu_clear_sw_ipi
 .text.__metal_driver_cpu_get_msip
                0x0000000020013844       0x68 F:/HiFive-IoT/Workspace/sifive-hifive1-revb-hello/bsp/install/lib/debug/\libmetal.a(libriscv__mmachine___a-riscv_cpu.o)
                0x0000000020013844                __metal_driver_cpu_get_msip
 .text.__metal_driver_cpu_controller_interrupt
                0x00000000200138ac       0x20 F:/HiFive-IoT/Workspace/sifive-hifive1-revb-hello/bsp/install/lib/debug/\libmetal.a(libriscv__mmachine___a-riscv_cpu.o)
                0x00000000200138ac                __metal_driver_cpu_controller_interrupt
 .text.__metal_driver_cpu_exception_register
                0x00000000200138cc       0x46 F:/HiFive-IoT/Workspace/sifive-hifive1-revb-hello/bsp/install/lib/debug/\libmetal.a(libriscv__mmachine___a-riscv_cpu.o)
                0x00000000200138cc                __metal_driver_cpu_exception_register
 .text.__metal_driver_cpu_get_instruction_length
                0x0000000020013912       0x28 F:/HiFive-IoT/Workspace/sifive-hifive1-revb-hello/bsp/install/lib/debug/\libmetal.a(libriscv__mmachine___a-riscv_cpu.o)
                0x0000000020013912                __metal_driver_cpu_get_instruction_length
 .text.__metal_driver_cpu_get_exception_pc
                0x000000002001393a       0x1e F:/HiFive-IoT/Workspace/sifive-hifive1-revb-hello/bsp/install/lib/debug/\libmetal.a(libriscv__mmachine___a-riscv_cpu.o)
                0x000000002001393a                __metal_driver_cpu_get_exception_pc
 .text.__metal_driver_cpu_set_exception_pc
                0x0000000020013958       0x20 F:/HiFive-IoT/Workspace/sifive-hifive1-revb-hello/bsp/install/lib/debug/\libmetal.a(libriscv__mmachine___a-riscv_cpu.o)
                0x0000000020013958                __metal_driver_cpu_set_exception_pc
 .text.__metal_driver_sifive_plic0_control_base
                0x0000000020013978       0x2a F:/HiFive-IoT/Workspace/sifive-hifive1-revb-hello/bsp/install/lib/debug/\libmetal.a(libriscv__mmachine___a-riscv_plic0.o)
 .text.__metal_driver_sifive_plic0_num_interrupts
                0x00000000200139a2       0x28 F:/HiFive-IoT/Workspace/sifive-hifive1-revb-hello/bsp/install/lib/debug/\libmetal.a(libriscv__mmachine___a-riscv_plic0.o)
 .text.__metal_driver_sifive_plic0_max_priority
                0x00000000200139ca       0x28 F:/HiFive-IoT/Workspace/sifive-hifive1-revb-hello/bsp/install/lib/debug/\libmetal.a(libriscv__mmachine___a-riscv_plic0.o)
 .text.__metal_driver_sifive_plic0_interrupt_parents
                0x00000000200139f2       0x38 F:/HiFive-IoT/Workspace/sifive-hifive1-revb-hello/bsp/install/lib/debug/\libmetal.a(libriscv__mmachine___a-riscv_plic0.o)
 .text.__metal_driver_sifive_plic0_interrupt_lines
                0x0000000020013a2a       0x2c F:/HiFive-IoT/Workspace/sifive-hifive1-revb-hello/bsp/install/lib/debug/\libmetal.a(libriscv__mmachine___a-riscv_plic0.o)
 .text.__metal_plic0_claim_interrupt
                0x0000000020013a56       0x2e F:/HiFive-IoT/Workspace/sifive-hifive1-revb-hello/bsp/install/lib/debug/\libmetal.a(libriscv__mmachine___a-riscv_plic0.o)
                0x0000000020013a56                __metal_plic0_claim_interrupt
 .text.__metal_plic0_complete_interrupt
                0x0000000020013a84       0x38 F:/HiFive-IoT/Workspace/sifive-hifive1-revb-hello/bsp/install/lib/debug/\libmetal.a(libriscv__mmachine___a-riscv_plic0.o)
                0x0000000020013a84                __metal_plic0_complete_interrupt
 .text.__metal_plic0_set_threshold
                0x0000000020013abc       0x36 F:/HiFive-IoT/Workspace/sifive-hifive1-revb-hello/bsp/install/lib/debug/\libmetal.a(libriscv__mmachine___a-riscv_plic0.o)
                0x0000000020013abc                __metal_plic0_set_threshold
 .text.__metal_plic0_set_priority
                0x0000000020013af2       0x5a F:/HiFive-IoT/Workspace/sifive-hifive1-revb-hello/bsp/install/lib/debug/\libmetal.a(libriscv__mmachine___a-riscv_plic0.o)
                0x0000000020013af2                __metal_plic0_set_priority
 .text.__metal_plic0_enable
                0x0000000020013b4c       0x96 F:/HiFive-IoT/Workspace/sifive-hifive1-revb-hello/bsp/install/lib/debug/\libmetal.a(libriscv__mmachine___a-riscv_plic0.o)
                0x0000000020013b4c                __metal_plic0_enable
 .text.__metal_plic0_default_handler
                0x0000000020013be2       0x18 F:/HiFive-IoT/Workspace/sifive-hifive1-revb-hello/bsp/install/lib/debug/\libmetal.a(libriscv__mmachine___a-riscv_plic0.o)
                0x0000000020013be2                __metal_plic0_default_handler
 .text.__metal_plic0_handler
                0x0000000020013bfa       0x90 F:/HiFive-IoT/Workspace/sifive-hifive1-revb-hello/bsp/install/lib/debug/\libmetal.a(libriscv__mmachine___a-riscv_plic0.o)
                0x0000000020013bfa                __metal_plic0_handler
 .text.__metal_driver_riscv_plic0_init
                0x0000000020013c8a      0x146 F:/HiFive-IoT/Workspace/sifive-hifive1-revb-hello/bsp/install/lib/debug/\libmetal.a(libriscv__mmachine___a-riscv_plic0.o)
                0x0000000020013c8a                __metal_driver_riscv_plic0_init
 .text.__metal_driver_riscv_plic0_register
                0x0000000020013dd0       0xc2 F:/HiFive-IoT/Workspace/sifive-hifive1-revb-hello/bsp/install/lib/debug/\libmetal.a(libriscv__mmachine___a-riscv_plic0.o)
                0x0000000020013dd0                __metal_driver_riscv_plic0_register
 .text.__metal_driver_riscv_plic0_enable
                0x0000000020013e92       0x48 F:/HiFive-IoT/Workspace/sifive-hifive1-revb-hello/bsp/install/lib/debug/\libmetal.a(libriscv__mmachine___a-riscv_plic0.o)
                0x0000000020013e92                __metal_driver_riscv_plic0_enable
 .text.__metal_driver_riscv_plic0_disable
                0x0000000020013eda       0x48 F:/HiFive-IoT/Workspace/sifive-hifive1-revb-hello/bsp/install/lib/debug/\libmetal.a(libriscv__mmachine___a-riscv_plic0.o)
                0x0000000020013eda                __metal_driver_riscv_plic0_disable
 .text.__metal_driver_sifive_fe310_g000_hfrosc_ref
                0x0000000020013f22       0x1a F:/HiFive-IoT/Workspace/sifive-hifive1-revb-hello/bsp/install/lib/debug/\libmetal.a(libriscv__mmachine___a-sifive_fe310-g000_hfrosc.o)
 .text.__metal_driver_sifive_fe310_g000_hfrosc_config_base
                0x0000000020013f3c       0x16 F:/HiFive-IoT/Workspace/sifive-hifive1-revb-hello/bsp/install/lib/debug/\libmetal.a(libriscv__mmachine___a-sifive_fe310-g000_hfrosc.o)
 .text.__metal_driver_sifive_fe310_g000_hfrosc_config_offset
                0x0000000020013f52       0x14 F:/HiFive-IoT/Workspace/sifive-hifive1-revb-hello/bsp/install/lib/debug/\libmetal.a(libriscv__mmachine___a-sifive_fe310-g000_hfrosc.o)
 .text.__metal_driver_sifive_fe310_g000_prci_vtable
                0x0000000020013f66       0x12 F:/HiFive-IoT/Workspace/sifive-hifive1-revb-hello/bsp/install/lib/debug/\libmetal.a(libriscv__mmachine___a-sifive_fe310-g000_hfrosc.o)
 .text.__metal_driver_sifive_fe310_g000_hfrosc_get_rate_hz
                0x0000000020013f78       0x68 F:/HiFive-IoT/Workspace/sifive-hifive1-revb-hello/bsp/install/lib/debug/\libmetal.a(libriscv__mmachine___a-sifive_fe310-g000_hfrosc.o)
                0x0000000020013f78                __metal_driver_sifive_fe310_g000_hfrosc_get_rate_hz
 .text.__metal_driver_sifive_fe310_g000_hfrosc_set_rate_hz
                0x0000000020013fe0       0x22 F:/HiFive-IoT/Workspace/sifive-hifive1-revb-hello/bsp/install/lib/debug/\libmetal.a(libriscv__mmachine___a-sifive_fe310-g000_hfrosc.o)
                0x0000000020013fe0                __metal_driver_sifive_fe310_g000_hfrosc_set_rate_hz
 .text.__metal_driver_sifive_fe310_g000_hfxosc_ref
                0x0000000020014002       0x1a F:/HiFive-IoT/Workspace/sifive-hifive1-revb-hello/bsp/install/lib/debug/\libmetal.a(libriscv__mmachine___a-sifive_fe310-g000_hfxosc.o)
 .text.__metal_driver_sifive_fe310_g000_hfxosc_config_base
                0x000000002001401c       0x16 F:/HiFive-IoT/Workspace/sifive-hifive1-revb-hello/bsp/install/lib/debug/\libmetal.a(libriscv__mmachine___a-sifive_fe310-g000_hfxosc.o)
 .text.__metal_driver_sifive_fe310_g000_hfxosc_config_offset
                0x0000000020014032       0x14 F:/HiFive-IoT/Workspace/sifive-hifive1-revb-hello/bsp/install/lib/debug/\libmetal.a(libriscv__mmachine___a-sifive_fe310-g000_hfxosc.o)
 .text.__metal_driver_sifive_fe310_g000_prci_vtable
                0x0000000020014046       0x12 F:/HiFive-IoT/Workspace/sifive-hifive1-revb-hello/bsp/install/lib/debug/\libmetal.a(libriscv__mmachine___a-sifive_fe310-g000_hfxosc.o)
 .text.__metal_driver_sifive_fe310_g000_hfxosc_get_rate_hz
                0x0000000020014058       0x58 F:/HiFive-IoT/Workspace/sifive-hifive1-revb-hello/bsp/install/lib/debug/\libmetal.a(libriscv__mmachine___a-sifive_fe310-g000_hfxosc.o)
                0x0000000020014058                __metal_driver_sifive_fe310_g000_hfxosc_get_rate_hz
 .text.__metal_driver_sifive_fe310_g000_hfxosc_set_rate_hz
                0x00000000200140b0       0x22 F:/HiFive-IoT/Workspace/sifive-hifive1-revb-hello/bsp/install/lib/debug/\libmetal.a(libriscv__mmachine___a-sifive_fe310-g000_hfxosc.o)
                0x00000000200140b0                __metal_driver_sifive_fe310_g000_hfxosc_set_rate_hz
 .text.__metal_driver_sifive_fe310_g000_pll_pllsel0
                0x00000000200140d2       0x1a F:/HiFive-IoT/Workspace/sifive-hifive1-revb-hello/bsp/install/lib/debug/\libmetal.a(libriscv__mmachine___a-sifive_fe310-g000_pll.o)
 .text.__metal_driver_sifive_fe310_g000_pll_pllref
                0x00000000200140ec       0x1a F:/HiFive-IoT/Workspace/sifive-hifive1-revb-hello/bsp/install/lib/debug/\libmetal.a(libriscv__mmachine___a-sifive_fe310-g000_pll.o)
 .text.__metal_driver_sifive_fe310_g000_pll_divider_base
                0x0000000020014106       0x16 F:/HiFive-IoT/Workspace/sifive-hifive1-revb-hello/bsp/install/lib/debug/\libmetal.a(libriscv__mmachine___a-sifive_fe310-g000_pll.o)
 .text.__metal_driver_sifive_fe310_g000_pll_divider_offset
                0x000000002001411c       0x14 F:/HiFive-IoT/Workspace/sifive-hifive1-revb-hello/bsp/install/lib/debug/\libmetal.a(libriscv__mmachine___a-sifive_fe310-g000_pll.o)
 .text.__metal_driver_sifive_fe310_g000_pll_config_base
                0x0000000020014130       0x12 F:/HiFive-IoT/Workspace/sifive-hifive1-revb-hello/bsp/install/lib/debug/\libmetal.a(libriscv__mmachine___a-sifive_fe310-g000_pll.o)
 .text.__metal_driver_sifive_fe310_g000_pll_config_offset
                0x0000000020014142       0x10 F:/HiFive-IoT/Workspace/sifive-hifive1-revb-hello/bsp/install/lib/debug/\libmetal.a(libriscv__mmachine___a-sifive_fe310-g000_pll.o)
 .text.__metal_driver_sifive_fe310_g000_pll_init_rate
                0x0000000020014152       0x16 F:/HiFive-IoT/Workspace/sifive-hifive1-revb-hello/bsp/install/lib/debug/\libmetal.a(libriscv__mmachine___a-sifive_fe310-g000_pll.o)
 .text.__metal_driver_sifive_fe310_g000_prci_base
                0x0000000020014168       0x12 F:/HiFive-IoT/Workspace/sifive-hifive1-revb-hello/bsp/install/lib/debug/\libmetal.a(libriscv__mmachine___a-sifive_fe310-g000_pll.o)
 .text.__metal_driver_sifive_fe310_g000_prci_vtable
                0x000000002001417a       0x12 F:/HiFive-IoT/Workspace/sifive-hifive1-revb-hello/bsp/install/lib/debug/\libmetal.a(libriscv__mmachine___a-sifive_fe310-g000_pll.o)
 .text.get_pll_config_freq
                0x000000002001418c       0x4e F:/HiFive-IoT/Workspace/sifive-hifive1-revb-hello/bsp/install/lib/debug/\libmetal.a(libriscv__mmachine___a-sifive_fe310-g000_pll.o)
 .text.metal_sifive_fe310_g000_pll_init
                0x00000000200141da       0x28 F:/HiFive-IoT/Workspace/sifive-hifive1-revb-hello/bsp/install/lib/debug/\libmetal.a(libriscv__mmachine___a-sifive_fe310-g000_pll.o)
 .text.__metal_driver_sifive_fe310_g000_pll_init
                0x0000000020014202       0xbe F:/HiFive-IoT/Workspace/sifive-hifive1-revb-hello/bsp/install/lib/debug/\libmetal.a(libriscv__mmachine___a-sifive_fe310-g000_pll.o)
                0x0000000020014202                __metal_driver_sifive_fe310_g000_pll_init
 .text.__metal_driver_sifive_fe310_g000_pll_get_rate_hz
                0x00000000200142c0      0x17e F:/HiFive-IoT/Workspace/sifive-hifive1-revb-hello/bsp/install/lib/debug/\libmetal.a(libriscv__mmachine___a-sifive_fe310-g000_pll.o)
                0x00000000200142c0                __metal_driver_sifive_fe310_g000_pll_get_rate_hz
 .text.find_closest_config
                0x000000002001443e       0xaa F:/HiFive-IoT/Workspace/sifive-hifive1-revb-hello/bsp/install/lib/debug/\libmetal.a(libriscv__mmachine___a-sifive_fe310-g000_pll.o)
 .text.configure_pll
                0x00000000200144e8      0x132 F:/HiFive-IoT/Workspace/sifive-hifive1-revb-hello/bsp/install/lib/debug/\libmetal.a(libriscv__mmachine___a-sifive_fe310-g000_pll.o)
 .text.__metal_driver_sifive_fe310_g000_pll_set_rate_hz
                0x000000002001461a      0x166 F:/HiFive-IoT/Workspace/sifive-hifive1-revb-hello/bsp/install/lib/debug/\libmetal.a(libriscv__mmachine___a-sifive_fe310-g000_pll.o)
                0x000000002001461a                __metal_driver_sifive_fe310_g000_pll_set_rate_hz
 .text.use_hfxosc
                0x0000000020014780       0x2a F:/HiFive-IoT/Workspace/sifive-hifive1-revb-hello/bsp/install/lib/debug/\libmetal.a(libriscv__mmachine___a-sifive_fe310-g000_pll.o)
 .text.__metal_driver_sifive_fe310_g000_prci_base
                0x00000000200147aa       0x12 F:/HiFive-IoT/Workspace/sifive-hifive1-revb-hello/bsp/install/lib/debug/\libmetal.a(libriscv__mmachine___a-sifive_fe310-g000_prci.o)
 .text.__metal_driver_sifive_fe310_g000_prci_get_reg
                0x00000000200147bc       0x2e F:/HiFive-IoT/Workspace/sifive-hifive1-revb-hello/bsp/install/lib/debug/\libmetal.a(libriscv__mmachine___a-sifive_fe310-g000_prci.o)
                0x00000000200147bc                __metal_driver_sifive_fe310_g000_prci_get_reg
 .text.__metal_driver_sifive_fe310_g000_prci_set_reg
                0x00000000200147ea       0x38 F:/HiFive-IoT/Workspace/sifive-hifive1-revb-hello/bsp/install/lib/debug/\libmetal.a(libriscv__mmachine___a-sifive_fe310-g000_prci.o)
                0x00000000200147ea                __metal_driver_sifive_fe310_g000_prci_set_reg
 .text.__metal_driver_sifive_gpio0_base
                0x0000000020014822       0x26 F:/HiFive-IoT/Workspace/sifive-hifive1-revb-hello/bsp/install/lib/debug/\libmetal.a(libriscv__mmachine___a-sifive_gpio0.o)
 .text.__metal_driver_sifive_gpio0_disable_input
                0x0000000020014848       0x44 F:/HiFive-IoT/Workspace/sifive-hifive1-revb-hello/bsp/install/lib/debug/\libmetal.a(libriscv__mmachine___a-sifive_gpio0.o)
                0x0000000020014848                __metal_driver_sifive_gpio0_disable_input
 .text.__metal_driver_sifive_gpio0_output
                0x000000002001488c       0x2a F:/HiFive-IoT/Workspace/sifive-hifive1-revb-hello/bsp/install/lib/debug/\libmetal.a(libriscv__mmachine___a-sifive_gpio0.o)
                0x000000002001488c                __metal_driver_sifive_gpio0_output
 .text.__metal_driver_sifive_gpio0_enable_output
                0x00000000200148b6       0x40 F:/HiFive-IoT/Workspace/sifive-hifive1-revb-hello/bsp/install/lib/debug/\libmetal.a(libriscv__mmachine___a-sifive_gpio0.o)
                0x00000000200148b6                __metal_driver_sifive_gpio0_enable_output
 .text.__metal_driver_sifive_gpio0_output_set
                0x00000000200148f6       0x40 F:/HiFive-IoT/Workspace/sifive-hifive1-revb-hello/bsp/install/lib/debug/\libmetal.a(libriscv__mmachine___a-sifive_gpio0.o)
                0x00000000200148f6                __metal_driver_sifive_gpio0_output_set
 .text.__metal_driver_sifive_gpio0_output_clear
                0x0000000020014936       0x46 F:/HiFive-IoT/Workspace/sifive-hifive1-revb-hello/bsp/install/lib/debug/\libmetal.a(libriscv__mmachine___a-sifive_gpio0.o)
                0x0000000020014936                __metal_driver_sifive_gpio0_output_clear
 .text.__metal_driver_sifive_gpio0_output_toggle
                0x000000002001497c       0x40 F:/HiFive-IoT/Workspace/sifive-hifive1-revb-hello/bsp/install/lib/debug/\libmetal.a(libriscv__mmachine___a-sifive_gpio0.o)
                0x000000002001497c                __metal_driver_sifive_gpio0_output_toggle
 .text.__metal_driver_sifive_gpio0_enable_io
                0x00000000200149bc       0x68 F:/HiFive-IoT/Workspace/sifive-hifive1-revb-hello/bsp/install/lib/debug/\libmetal.a(libriscv__mmachine___a-sifive_gpio0.o)
                0x00000000200149bc                __metal_driver_sifive_gpio0_enable_io
 .text.__metal_driver_sifive_spi0_control_base
                0x0000000020014a24       0x26 F:/HiFive-IoT/Workspace/sifive-hifive1-revb-hello/bsp/install/lib/debug/\libmetal.a(libriscv__mmachine___a-sifive_spi0.o)
 .text.__metal_driver_sifive_spi0_clock
                0x0000000020014a4a       0x1a F:/HiFive-IoT/Workspace/sifive-hifive1-revb-hello/bsp/install/lib/debug/\libmetal.a(libriscv__mmachine___a-sifive_spi0.o)
 .text.__metal_driver_sifive_spi0_pinmux
                0x0000000020014a64       0x16 F:/HiFive-IoT/Workspace/sifive-hifive1-revb-hello/bsp/install/lib/debug/\libmetal.a(libriscv__mmachine___a-sifive_spi0.o)
 .text.__metal_driver_sifive_spi0_pinmux_output_selector
                0x0000000020014a7a       0x16 F:/HiFive-IoT/Workspace/sifive-hifive1-revb-hello/bsp/install/lib/debug/\libmetal.a(libriscv__mmachine___a-sifive_spi0.o)
 .text.__metal_driver_sifive_spi0_pinmux_source_selector
                0x0000000020014a90       0x16 F:/HiFive-IoT/Workspace/sifive-hifive1-revb-hello/bsp/install/lib/debug/\libmetal.a(libriscv__mmachine___a-sifive_spi0.o)
 .text.configure_spi
                0x0000000020014aa6      0x204 F:/HiFive-IoT/Workspace/sifive-hifive1-revb-hello/bsp/install/lib/debug/\libmetal.a(libriscv__mmachine___a-sifive_spi0.o)
 .text.__metal_driver_sifive_spi0_transfer
                0x0000000020014caa      0x18c F:/HiFive-IoT/Workspace/sifive-hifive1-revb-hello/bsp/install/lib/debug/\libmetal.a(libriscv__mmachine___a-sifive_spi0.o)
                0x0000000020014caa                __metal_driver_sifive_spi0_transfer
 .text.__metal_driver_sifive_spi0_get_baud_rate
                0x0000000020014e36       0x20 F:/HiFive-IoT/Workspace/sifive-hifive1-revb-hello/bsp/install/lib/debug/\libmetal.a(libriscv__mmachine___a-sifive_spi0.o)
                0x0000000020014e36                __metal_driver_sifive_spi0_get_baud_rate
 .text.__metal_driver_sifive_spi0_set_baud_rate
                0x0000000020014e56       0xaa F:/HiFive-IoT/Workspace/sifive-hifive1-revb-hello/bsp/install/lib/debug/\libmetal.a(libriscv__mmachine___a-sifive_spi0.o)
                0x0000000020014e56                __metal_driver_sifive_spi0_set_baud_rate
 .text.pre_rate_change_callback
                0x0000000020014f00       0x4a F:/HiFive-IoT/Workspace/sifive-hifive1-revb-hello/bsp/install/lib/debug/\libmetal.a(libriscv__mmachine___a-sifive_spi0.o)
 .text.post_rate_change_callback
                0x0000000020014f4a       0x30 F:/HiFive-IoT/Workspace/sifive-hifive1-revb-hello/bsp/install/lib/debug/\libmetal.a(libriscv__mmachine___a-sifive_spi0.o)
 .text.__metal_driver_sifive_spi0_init
                0x0000000020014f7a       0xaa F:/HiFive-IoT/Workspace/sifive-hifive1-revb-hello/bsp/install/lib/debug/\libmetal.a(libriscv__mmachine___a-sifive_spi0.o)
                0x0000000020014f7a                __metal_driver_sifive_spi0_init
 .text.__metal_driver_sifive_uart0_control_base
                0x0000000020015024       0x26 F:/HiFive-IoT/Workspace/sifive-hifive1-revb-hello/bsp/install/lib/debug/\libmetal.a(libriscv__mmachine___a-sifive_uart0.o)
 .text.__metal_driver_sifive_uart0_interrupt_parent
                0x000000002001504a       0x2a F:/HiFive-IoT/Workspace/sifive-hifive1-revb-hello/bsp/install/lib/debug/\libmetal.a(libriscv__mmachine___a-sifive_uart0.o)
 .text.__metal_driver_sifive_uart0_interrupt_line
                0x0000000020015074       0x14 F:/HiFive-IoT/Workspace/sifive-hifive1-revb-hello/bsp/install/lib/debug/\libmetal.a(libriscv__mmachine___a-sifive_uart0.o)
 .text.__metal_driver_sifive_uart0_clock
                0x0000000020015088       0x1a F:/HiFive-IoT/Workspace/sifive-hifive1-revb-hello/bsp/install/lib/debug/\libmetal.a(libriscv__mmachine___a-sifive_uart0.o)
 .text.__metal_driver_sifive_uart0_pinmux
                0x00000000200150a2       0x16 F:/HiFive-IoT/Workspace/sifive-hifive1-revb-hello/bsp/install/lib/debug/\libmetal.a(libriscv__mmachine___a-sifive_uart0.o)
 .text.__metal_driver_sifive_uart0_pinmux_output_selector
                0x00000000200150b8       0x16 F:/HiFive-IoT/Workspace/sifive-hifive1-revb-hello/bsp/install/lib/debug/\libmetal.a(libriscv__mmachine___a-sifive_uart0.o)
 .text.__metal_driver_sifive_uart0_pinmux_source_selector
                0x00000000200150ce       0x16 F:/HiFive-IoT/Workspace/sifive-hifive1-revb-hello/bsp/install/lib/debug/\libmetal.a(libriscv__mmachine___a-sifive_uart0.o)
 .text.__metal_driver_sifive_uart0_interrupt_controller
                0x00000000200150e4       0x20 F:/HiFive-IoT/Workspace/sifive-hifive1-revb-hello/bsp/install/lib/debug/\libmetal.a(libriscv__mmachine___a-sifive_uart0.o)
                0x00000000200150e4                __metal_driver_sifive_uart0_interrupt_controller
 .text.__metal_driver_sifive_uart0_get_interrupt_id
                0x0000000020015104       0x24 F:/HiFive-IoT/Workspace/sifive-hifive1-revb-hello/bsp/install/lib/debug/\libmetal.a(libriscv__mmachine___a-sifive_uart0.o)
                0x0000000020015104                __metal_driver_sifive_uart0_get_interrupt_id
 .text.__metal_driver_sifive_uart0_putc
                0x0000000020015128       0x42 F:/HiFive-IoT/Workspace/sifive-hifive1-revb-hello/bsp/install/lib/debug/\libmetal.a(libriscv__mmachine___a-sifive_uart0.o)
                0x0000000020015128                __metal_driver_sifive_uart0_putc
 .text.__metal_driver_sifive_uart0_getc
                0x000000002001516a       0x58 F:/HiFive-IoT/Workspace/sifive-hifive1-revb-hello/bsp/install/lib/debug/\libmetal.a(libriscv__mmachine___a-sifive_uart0.o)
                0x000000002001516a                __metal_driver_sifive_uart0_getc
 .text.__metal_driver_sifive_uart0_get_baud_rate
                0x00000000200151c2       0x20 F:/HiFive-IoT/Workspace/sifive-hifive1-revb-hello/bsp/install/lib/debug/\libmetal.a(libriscv__mmachine___a-sifive_uart0.o)
                0x00000000200151c2                __metal_driver_sifive_uart0_get_baud_rate
 .text.__metal_driver_sifive_uart0_set_baud_rate
                0x00000000200151e2       0xa0 F:/HiFive-IoT/Workspace/sifive-hifive1-revb-hello/bsp/install/lib/debug/\libmetal.a(libriscv__mmachine___a-sifive_uart0.o)
                0x00000000200151e2                __metal_driver_sifive_uart0_set_baud_rate
 .text.pre_rate_change_callback
                0x0000000020015282       0xd8 F:/HiFive-IoT/Workspace/sifive-hifive1-revb-hello/bsp/install/lib/debug/\libmetal.a(libriscv__mmachine___a-sifive_uart0.o)
 .text.post_rate_change_callback
                0x000000002001535a       0x2e F:/HiFive-IoT/Workspace/sifive-hifive1-revb-hello/bsp/install/lib/debug/\libmetal.a(libriscv__mmachine___a-sifive_uart0.o)
 .text.__metal_driver_sifive_uart0_init
                0x0000000020015388       0xa8 F:/HiFive-IoT/Workspace/sifive-hifive1-revb-hello/bsp/install/lib/debug/\libmetal.a(libriscv__mmachine___a-sifive_uart0.o)
                0x0000000020015388                __metal_driver_sifive_uart0_init
 .text.metal_clock_get_rate_hz
                0x0000000020015430       0x26 F:/HiFive-IoT/Workspace/sifive-hifive1-revb-hello/bsp/install/lib/debug/\libmetal.a(libriscv__mmachine___a-clock.o)
                0x0000000020015430                metal_clock_get_rate_hz
 .text.metal_clock_set_rate_hz
                0x0000000020015456       0x64 F:/HiFive-IoT/Workspace/sifive-hifive1-revb-hello/bsp/install/lib/debug/\libmetal.a(libriscv__mmachine___a-clock.o)
                0x0000000020015456                metal_clock_set_rate_hz
 .text.metal_clock_register_pre_rate_change_callback
                0x00000000200154ba       0x2e F:/HiFive-IoT/Workspace/sifive-hifive1-revb-hello/bsp/install/lib/debug/\libmetal.a(libriscv__mmachine___a-clock.o)
                0x00000000200154ba                metal_clock_register_pre_rate_change_callback
 .text.metal_clock_register_post_rate_change_callback
                0x00000000200154e8       0x2e F:/HiFive-IoT/Workspace/sifive-hifive1-revb-hello/bsp/install/lib/debug/\libmetal.a(libriscv__mmachine___a-clock.o)
                0x00000000200154e8                metal_clock_register_post_rate_change_callback
 .text.metal_cpu_get_timer
                0x0000000020015516       0x2a F:/HiFive-IoT/Workspace/sifive-hifive1-revb-hello/bsp/install/lib/debug/\libmetal.a(libriscv__mmachine___a-cpu.o)
                0x0000000020015516                metal_cpu_get_timer
 .text.metal_cpu_get_timebase
                0x0000000020015540       0x2a F:/HiFive-IoT/Workspace/sifive-hifive1-revb-hello/bsp/install/lib/debug/\libmetal.a(libriscv__mmachine___a-cpu.o)
                0x0000000020015540                metal_cpu_get_timebase
 .text.metal_cpu_interrupt_controller
                0x000000002001556a       0x26 F:/HiFive-IoT/Workspace/sifive-hifive1-revb-hello/bsp/install/lib/debug/\libmetal.a(libriscv__mmachine___a-cpu.o)
                0x000000002001556a                metal_cpu_interrupt_controller
 .text.metal_cpu_get
                0x0000000020015590       0x2c F:/HiFive-IoT/Workspace/sifive-hifive1-revb-hello/bsp/install/lib/debug/\libmetal.a(libriscv__mmachine___a-cpu.o)
                0x0000000020015590                metal_cpu_get
 .text.metal_shutdown
                0x00000000200155bc        0xe F:/HiFive-IoT/Workspace/sifive-hifive1-revb-hello/bsp/install/lib/debug/\libmetal.a(libriscv__mmachine___a-shutdown.o)
                0x00000000200155bc                metal_shutdown
 .text.metal_uart_init
                0x00000000200155ca       0x2a F:/HiFive-IoT/Workspace/sifive-hifive1-revb-hello/bsp/install/lib/debug/\libmetal.a(libriscv__mmachine___a-uart.o)
                0x00000000200155ca                metal_uart_init
 .text.metal_uart_putc
                0x00000000200155f4       0x32 F:/HiFive-IoT/Workspace/sifive-hifive1-revb-hello/bsp/install/lib/debug/\libmetal.a(libriscv__mmachine___a-uart.o)
                0x00000000200155f4                metal_uart_putc
 .text.metal_uart_set_baud_rate
                0x0000000020015626       0x2e F:/HiFive-IoT/Workspace/sifive-hifive1-revb-hello/bsp/install/lib/debug/\libmetal.a(libriscv__mmachine___a-uart.o)
                0x0000000020015626                metal_uart_set_baud_rate
 .text.__metal_driver_fixed_clock_rate
                0x0000000020015654       0x62 F:/HiFive-IoT/Workspace/sifive-hifive1-revb-hello/bsp/install/lib/debug/\libmetal.a(libriscv__mmachine___a-fixed-clock.o)
 .text.__metal_driver_fixed_clock_get_rate_hz
                0x00000000200156b6       0x20 F:/HiFive-IoT/Workspace/sifive-hifive1-revb-hello/bsp/install/lib/debug/\libmetal.a(libriscv__mmachine___a-fixed-clock.o)
                0x00000000200156b6                __metal_driver_fixed_clock_get_rate_hz
 .text.__metal_driver_fixed_clock_set_rate_hz
                0x00000000200156d6       0x24 F:/HiFive-IoT/Workspace/sifive-hifive1-revb-hello/bsp/install/lib/debug/\libmetal.a(libriscv__mmachine___a-fixed-clock.o)
                0x00000000200156d6                __metal_driver_fixed_clock_set_rate_hz
 .text._synchronize_harts
                0x00000000200156fa        0xe F:/HiFive-IoT/Workspace/sifive-hifive1-revb-hello/bsp/install/lib/debug/\libmetal-gloss.a(synchronize_harts.o)
                0x00000000200156fa                _synchronize_harts
 .text._close   0x0000000020015708       0x22 F:/HiFive-IoT/Workspace/sifive-hifive1-revb-hello/bsp/install/lib/debug/\libmetal-gloss.a(sys_close.o)
                0x0000000020015708                _close
 .text._fstat   0x000000002001572a       0x26 F:/HiFive-IoT/Workspace/sifive-hifive1-revb-hello/bsp/install/lib/debug/\libmetal-gloss.a(sys_fstat.o)
                0x000000002001572a                _fstat
 .text._isatty  0x0000000020015750       0x20 F:/HiFive-IoT/Workspace/sifive-hifive1-revb-hello/bsp/install/lib/debug/\libmetal-gloss.a(sys_isatty.o)
                0x0000000020015750                _isatty
 .text._lseek   0x0000000020015770       0x2a F:/HiFive-IoT/Workspace/sifive-hifive1-revb-hello/bsp/install/lib/debug/\libmetal-gloss.a(sys_lseek.o)
                0x0000000020015770                _lseek
 .text._read    0x000000002001579a       0x2a F:/HiFive-IoT/Workspace/sifive-hifive1-revb-hello/bsp/install/lib/debug/\libmetal-gloss.a(sys_read.o)
                0x000000002001579a                _read
 .text._sbrk    0x00000000200157c4       0x58 F:/HiFive-IoT/Workspace/sifive-hifive1-revb-hello/bsp/install/lib/debug/\libmetal-gloss.a(sys_sbrk.o)
                0x00000000200157c4                _sbrk
 .text._times   0x000000002001581c      0x16e F:/HiFive-IoT/Workspace/sifive-hifive1-revb-hello/bsp/install/lib/debug/\libmetal-gloss.a(sys_times.o)
                0x000000002001581c                _times
 .text._write   0x000000002001598a       0x70 F:/HiFive-IoT/Workspace/sifive-hifive1-revb-hello/bsp/install/lib/debug/\libmetal-gloss.a(sys_write.o)
                0x000000002001598a                _write
 .text._gettimeofday
                0x00000000200159fa       0xe8 F:/HiFive-IoT/Workspace/sifive-hifive1-revb-hello/bsp/install/lib/debug/\libmetal-gloss.a(sys_gettimeofday.o)
                0x00000000200159fa                _gettimeofday
 .text.atexit   0x0000000020015ae2        0xa f:/hifive-iot/freedomstudio-4.7.2.2019-05-0-win32.win32.x86_64/sifive/riscv64-unknown-elf-gcc/riscv64-unknown-elf-gcc-8.2.0-2019.05.3/bin/../lib/gcc/riscv64-unknown-elf/8.2.0/../../../../riscv64-unknown-elf/lib/rv32imac/ilp32\libc_nano.a(lib_a-atexit.o)
                0x0000000020015ae2                atexit
 .text.__errno  0x0000000020015aec        0x8 f:/hifive-iot/freedomstudio-4.7.2.2019-05-0-win32.win32.x86_64/sifive/riscv64-unknown-elf-gcc/riscv64-unknown-elf-gcc-8.2.0-2019.05.3/bin/../lib/gcc/riscv64-unknown-elf/8.2.0/../../../../riscv64-unknown-elf/lib/rv32imac/ilp32\libc_nano.a(lib_a-errno.o)
                0x0000000020015aec                __errno
 .text.exit     0x0000000020015af4       0x28 f:/hifive-iot/freedomstudio-4.7.2.2019-05-0-win32.win32.x86_64/sifive/riscv64-unknown-elf-gcc/riscv64-unknown-elf-gcc-8.2.0-2019.05.3/bin/../lib/gcc/riscv64-unknown-elf/8.2.0/../../../../riscv64-unknown-elf/lib/rv32imac/ilp32\libc_nano.a(lib_a-exit.o)
                0x0000000020015af4                exit
 .text.__libc_fini_array
                0x0000000020015b1c       0x3a f:/hifive-iot/freedomstudio-4.7.2.2019-05-0-win32.win32.x86_64/sifive/riscv64-unknown-elf-gcc/riscv64-unknown-elf-gcc-8.2.0-2019.05.3/bin/../lib/gcc/riscv64-unknown-elf/8.2.0/../../../../riscv64-unknown-elf/lib/rv32imac/ilp32\libc_nano.a(lib_a-fini.o)
                0x0000000020015b1c                __libc_fini_array
 .text.__libc_init_array
                0x0000000020015b56       0x6e f:/hifive-iot/freedomstudio-4.7.2.2019-05-0-win32.win32.x86_64/sifive/riscv64-unknown-elf-gcc/riscv64-unknown-elf-gcc-8.2.0-2019.05.3/bin/../lib/gcc/riscv64-unknown-elf/8.2.0/../../../../riscv64-unknown-elf/lib/rv32imac/ilp32\libc_nano.a(lib_a-init.o)
                0x0000000020015b56                __libc_init_array
 .text.time     0x0000000020015bc4       0x32 f:/hifive-iot/freedomstudio-4.7.2.2019-05-0-win32.win32.x86_64/sifive/riscv64-unknown-elf-gcc/riscv64-unknown-elf-gcc-8.2.0-2019.05.3/bin/../lib/gcc/riscv64-unknown-elf/8.2.0/../../../../riscv64-unknown-elf/lib/rv32imac/ilp32\libc_nano.a(lib_a-time.o)
                0x0000000020015bc4                time
 .text.__register_exitproc
                0x0000000020015bf6       0x84 f:/hifive-iot/freedomstudio-4.7.2.2019-05-0-win32.win32.x86_64/sifive/riscv64-unknown-elf-gcc/riscv64-unknown-elf-gcc-8.2.0-2019.05.3/bin/../lib/gcc/riscv64-unknown-elf/8.2.0/../../../../riscv64-unknown-elf/lib/rv32imac/ilp32\libc_nano.a(lib_a-__atexit.o)
                0x0000000020015bf6                __register_exitproc
 .text.__call_exitprocs
                0x0000000020015c7a       0xc4 f:/hifive-iot/freedomstudio-4.7.2.2019-05-0-win32.win32.x86_64/sifive/riscv64-unknown-elf-gcc/riscv64-unknown-elf-gcc-8.2.0-2019.05.3/bin/../lib/gcc/riscv64-unknown-elf/8.2.0/../../../../riscv64-unknown-elf/lib/rv32imac/ilp32\libc_nano.a(lib_a-__call_atexit.o)
                0x0000000020015c7a                __call_exitprocs
 .text._gettimeofday_r
                0x0000000020015d3e       0x2c f:/hifive-iot/freedomstudio-4.7.2.2019-05-0-win32.win32.x86_64/sifive/riscv64-unknown-elf-gcc/riscv64-unknown-elf-gcc-8.2.0-2019.05.3/bin/../lib/gcc/riscv64-unknown-elf/8.2.0/../../../../riscv64-unknown-elf/lib/rv32imac/ilp32\libc_nano.a(lib_a-gettimeofdayr.o)
                0x0000000020015d3e                _gettimeofday_r
 .text          0x0000000020015d6a      0x35e f:/hifive-iot/freedomstudio-4.7.2.2019-05-0-win32.win32.x86_64/sifive/riscv64-unknown-elf-gcc/riscv64-unknown-elf-gcc-8.2.0-2019.05.3/bin/../lib/gcc/riscv64-unknown-elf/8.2.0/rv32imac/ilp32\libgcc.a(_udivdi3.o)
                0x0000000020015d6a                __udivdi3
 .text          0x00000000200160c8      0x352 f:/hifive-iot/freedomstudio-4.7.2.2019-05-0-win32.win32.x86_64/sifive/riscv64-unknown-elf-gcc/riscv64-unknown-elf-gcc-8.2.0-2019.05.3/bin/../lib/gcc/riscv64-unknown-elf/8.2.0/rv32imac/ilp32\libgcc.a(_umoddi3.o)
                0x00000000200160c8                __umoddi3
 .text.metal_timer_get_cyclecount
                0x000000002001641a       0x48 F:/HiFive-IoT/Workspace/sifive-hifive1-revb-hello/bsp/install/lib/debug/\libmetal.a(libriscv__mmachine___a-timer.o)
                0x000000002001641a                metal_timer_get_cyclecount
 .text.metal_timer_get_timebase_frequency
                0x0000000020016462       0x48 F:/HiFive-IoT/Workspace/sifive-hifive1-revb-hello/bsp/install/lib/debug/\libmetal.a(libriscv__mmachine___a-timer.o)
                0x0000000020016462                metal_timer_get_timebase_frequency
 .text.metal_tty_putc
                0x00000000200164aa       0x4c F:/HiFive-IoT/Workspace/sifive-hifive1-revb-hello/bsp/install/lib/debug/\libmetal.a(libriscv__mmachine___a-tty.o)
                0x00000000200164aa                metal_tty_putc
 .text.metal_tty_init
                0x00000000200164f6       0x20 F:/HiFive-IoT/Workspace/sifive-hifive1-revb-hello/bsp/install/lib/debug/\libmetal.a(libriscv__mmachine___a-tty.o)
 .text._exit    0x0000000020016516       0x14 F:/HiFive-IoT/Workspace/sifive-hifive1-revb-hello/bsp/install/lib/debug/\libmetal-gloss.a(sys_exit.o)
                0x0000000020016516                _exit
 *(.itim .itim.*)
 *(.gnu.linkonce.t.*)

.fini
 *(SORT_NONE(.fini))
                [!provide]                        PROVIDE (__etext = .)
                [!provide]                        PROVIDE (_etext = .)
                [!provide]                        PROVIDE (etext = .)

.rodata         0x000000002001652c      0xe74
 *(.rdata)
 *(.rodata .rodata.*)
 .rodata        0x000000002001652c      0x1e5 C:\Users\maitr\AppData\Local\Temp\ccG9PUit.o
 *fill*         0x0000000020016711        0x3 
 .rodata.__sf_fake_stderr
                0x0000000020016714       0x20 f:/hifive-iot/freedomstudio-4.7.2.2019-05-0-win32.win32.x86_64/sifive/riscv64-unknown-elf-gcc/riscv64-unknown-elf-gcc-8.2.0-2019.05.3/bin/../lib/gcc/riscv64-unknown-elf/8.2.0/../../../../riscv64-unknown-elf/lib/rv32imac/ilp32\libc_nano.a(lib_a-findfp.o)
                0x0000000020016714                __sf_fake_stderr
 .rodata.__sf_fake_stdin
                0x0000000020016734       0x20 f:/hifive-iot/freedomstudio-4.7.2.2019-05-0-win32.win32.x86_64/sifive/riscv64-unknown-elf-gcc/riscv64-unknown-elf-gcc-8.2.0-2019.05.3/bin/../lib/gcc/riscv64-unknown-elf/8.2.0/../../../../riscv64-unknown-elf/lib/rv32imac/ilp32\libc_nano.a(lib_a-findfp.o)
                0x0000000020016734                __sf_fake_stdin
 .rodata.__sf_fake_stdout
                0x0000000020016754       0x20 f:/hifive-iot/freedomstudio-4.7.2.2019-05-0-win32.win32.x86_64/sifive/riscv64-unknown-elf-gcc/riscv64-unknown-elf-gcc-8.2.0-2019.05.3/bin/../lib/gcc/riscv64-unknown-elf/8.2.0/../../../../riscv64-unknown-elf/lib/rv32imac/ilp32\libc_nano.a(lib_a-findfp.o)
                0x0000000020016754                __sf_fake_stdout
 .rodata._vfprintf_r.str1.4
                0x0000000020016774       0x13 f:/hifive-iot/freedomstudio-4.7.2.2019-05-0-win32.win32.x86_64/sifive/riscv64-unknown-elf-gcc/riscv64-unknown-elf-gcc-8.2.0-2019.05.3/bin/../lib/gcc/riscv64-unknown-elf/8.2.0/../../../../riscv64-unknown-elf/lib/rv32imac/ilp32\libc_nano.a(lib_a-nano-vfprintf.o)
 *fill*         0x0000000020016787        0x1 
 .rodata._printf_i.str1.4
                0x0000000020016788       0x28 f:/hifive-iot/freedomstudio-4.7.2.2019-05-0-win32.win32.x86_64/sifive/riscv64-unknown-elf-gcc/riscv64-unknown-elf-gcc-8.2.0-2019.05.3/bin/../lib/gcc/riscv64-unknown-elf/8.2.0/../../../../riscv64-unknown-elf/lib/rv32imac/ilp32\libc_nano.a(lib_a-nano-vfprintf_i.o)
                                         0x25 (size before relaxing)
 .rodata.__metal_driver_vtable_riscv_clint0
                0x00000000200167b0       0x20 F:/HiFive-IoT/Workspace/sifive-hifive1-revb-hello/bsp/install/lib/debug/\libmetal.a(libriscv__mmachine___a-riscv_clint0.o)
                0x00000000200167b0                __metal_driver_vtable_riscv_clint0
 .rodata.__metal_valid_interrupt_id
                0x00000000200167d0       0x74 F:/HiFive-IoT/Workspace/sifive-hifive1-revb-hello/bsp/install/lib/debug/\libmetal.a(libriscv__mmachine___a-riscv_cpu.o)
 .rodata.__metal_local_interrupt_enable
                0x0000000020016844       0x80 F:/HiFive-IoT/Workspace/sifive-hifive1-revb-hello/bsp/install/lib/debug/\libmetal.a(libriscv__mmachine___a-riscv_cpu.o)
 .rodata.__metal_driver_riscv_cpu_controller_interrupt_register
                0x00000000200168c4       0x74 F:/HiFive-IoT/Workspace/sifive-hifive1-revb-hello/bsp/install/lib/debug/\libmetal.a(libriscv__mmachine___a-riscv_cpu.o)
 .rodata.__metal_driver_vtable_riscv_cpu_intc
                0x0000000020016938       0x20 F:/HiFive-IoT/Workspace/sifive-hifive1-revb-hello/bsp/install/lib/debug/\libmetal.a(libriscv__mmachine___a-riscv_cpu.o)
                0x0000000020016938                __metal_driver_vtable_riscv_cpu_intc
 .rodata.__metal_driver_vtable_cpu
                0x0000000020016958       0x40 F:/HiFive-IoT/Workspace/sifive-hifive1-revb-hello/bsp/install/lib/debug/\libmetal.a(libriscv__mmachine___a-riscv_cpu.o)
                0x0000000020016958                __metal_driver_vtable_cpu
 .rodata.__metal_driver_vtable_riscv_plic0
                0x0000000020016998       0x20 F:/HiFive-IoT/Workspace/sifive-hifive1-revb-hello/bsp/install/lib/debug/\libmetal.a(libriscv__mmachine___a-riscv_plic0.o)
                0x0000000020016998                __metal_driver_vtable_riscv_plic0
 .rodata.pll_configs
                0x00000000200169b8      0x880 F:/HiFive-IoT/Workspace/sifive-hifive1-revb-hello/bsp/install/lib/debug/\libmetal.a(libriscv__mmachine___a-sifive_fe310-g000_pll.o)
 .rodata.__metal_driver_vtable_sifive_fe310_g000_pll
                0x0000000020017238        0xc F:/HiFive-IoT/Workspace/sifive-hifive1-revb-hello/bsp/install/lib/debug/\libmetal.a(libriscv__mmachine___a-sifive_fe310-g000_pll.o)
                0x0000000020017238                __metal_driver_vtable_sifive_fe310_g000_pll
 .rodata.__metal_driver_vtable_sifive_gpio0
                0x0000000020017244       0x1c F:/HiFive-IoT/Workspace/sifive-hifive1-revb-hello/bsp/install/lib/debug/\libmetal.a(libriscv__mmachine___a-sifive_gpio0.o)
                0x0000000020017244                __metal_driver_vtable_sifive_gpio0
 .rodata.__metal_driver_vtable_sifive_spi0
                0x0000000020017260       0x10 F:/HiFive-IoT/Workspace/sifive-hifive1-revb-hello/bsp/install/lib/debug/\libmetal.a(libriscv__mmachine___a-sifive_spi0.o)
                0x0000000020017260                __metal_driver_vtable_sifive_spi0
 .rodata.__metal_driver_vtable_sifive_uart0
                0x0000000020017270       0x1c F:/HiFive-IoT/Workspace/sifive-hifive1-revb-hello/bsp/install/lib/debug/\libmetal.a(libriscv__mmachine___a-sifive_uart0.o)
                0x0000000020017270                __metal_driver_vtable_sifive_uart0
 .rodata.libgloss.start
                0x000000002001728c       0x11 F:/HiFive-IoT/Workspace/sifive-hifive1-revb-hello/bsp/install/lib/debug/\libmetal-gloss.a(crt0.o)
 *fill*         0x000000002001729d        0x3 
 .rodata        0x00000000200172a0      0x100 f:/hifive-iot/freedomstudio-4.7.2.2019-05-0-win32.win32.x86_64/sifive/riscv64-unknown-elf-gcc/riscv64-unknown-elf-gcc-8.2.0-2019.05.3/bin/../lib/gcc/riscv64-unknown-elf/8.2.0/rv32imac/ilp32\libgcc.a(_clz.o)
                0x00000000200172a0                __clz_tab
 *(.gnu.linkonce.r.*)
                0x00000000200173a0                . = ALIGN (0x8)
 *fill*         0x00000000200173a0        0x0 
 *(.srodata.cst16)
 *(.srodata.cst8)
 *(.srodata.cst4)
 *(.srodata.cst2)
 *(.srodata .srodata.*)

.rela.dyn       0x00000000200173a0        0x0
 .rela.text.main
                0x00000000200173a0        0x0 C:\Users\maitr\AppData\Local\Temp\ccG9PUit.o
 .rela.text._vfprintf_r
                0x00000000200173a0        0x0 C:\Users\maitr\AppData\Local\Temp\ccG9PUit.o
 .rela.text._sbrk_r
                0x00000000200173a0        0x0 C:\Users\maitr\AppData\Local\Temp\ccG9PUit.o
 .rela.text._write_r
                0x00000000200173a0        0x0 C:\Users\maitr\AppData\Local\Temp\ccG9PUit.o
 .rela.text._close_r
                0x00000000200173a0        0x0 C:\Users\maitr\AppData\Local\Temp\ccG9PUit.o
 .rela.text._fstat_r
                0x00000000200173a0        0x0 C:\Users\maitr\AppData\Local\Temp\ccG9PUit.o
 .rela.text._isatty_r
                0x00000000200173a0        0x0 C:\Users\maitr\AppData\Local\Temp\ccG9PUit.o
 .rela.text._lseek_r
                0x00000000200173a0        0x0 C:\Users\maitr\AppData\Local\Temp\ccG9PUit.o
 .rela.text._read_r
                0x00000000200173a0        0x0 C:\Users\maitr\AppData\Local\Temp\ccG9PUit.o
 .rela.text.metal.init.enter
                0x00000000200173a0        0x0 C:\Users\maitr\AppData\Local\Temp\ccG9PUit.o
 .rela.text.metal_gpio_get_device
                0x00000000200173a0        0x0 C:\Users\maitr\AppData\Local\Temp\ccG9PUit.o
 .rela.text.metal_spi_get_device
                0x00000000200173a0        0x0 C:\Users\maitr\AppData\Local\Temp\ccG9PUit.o
 .rela.text.__metal_driver_cpu_get
                0x00000000200173a0        0x0 C:\Users\maitr\AppData\Local\Temp\ccG9PUit.o
 .rela.text.__metal_default_sw_handler
                0x00000000200173a0        0x0 C:\Users\maitr\AppData\Local\Temp\ccG9PUit.o
 .rela.text.__metal_exception_handler
                0x00000000200173a0        0x0 C:\Users\maitr\AppData\Local\Temp\ccG9PUit.o
 .rela.text.metal_cpu_get
                0x00000000200173a0        0x0 C:\Users\maitr\AppData\Local\Temp\ccG9PUit.o
 .rela.text.libgloss.start
                0x00000000200173a0        0x0 C:\Users\maitr\AppData\Local\Temp\ccG9PUit.o
 .rela.sdata.brk
                0x00000000200173a0        0x0 C:\Users\maitr\AppData\Local\Temp\ccG9PUit.o
 .rela.text._sbrk
                0x00000000200173a0        0x0 C:\Users\maitr\AppData\Local\Temp\ccG9PUit.o
 .rela.text.__libc_fini_array
                0x00000000200173a0        0x0 C:\Users\maitr\AppData\Local\Temp\ccG9PUit.o
 .rela.text.__libc_init_array
                0x00000000200173a0        0x0 C:\Users\maitr\AppData\Local\Temp\ccG9PUit.o
 .rela.text.__register_exitproc
                0x00000000200173a0        0x0 C:\Users\maitr\AppData\Local\Temp\ccG9PUit.o
 .rela.text.startup.register_fini
                0x00000000200173a0        0x0 C:\Users\maitr\AppData\Local\Temp\ccG9PUit.o
 .rela.text._gettimeofday_r
                0x00000000200173a0        0x0 C:\Users\maitr\AppData\Local\Temp\ccG9PUit.o
                0x00000000200173a0                . = ALIGN (0x4)

.preinit_array  0x00000000200173a0        0x0
                0x00000000200173a0                PROVIDE (__preinit_array_start = .)
 *(.preinit_array)
                0x00000000200173a0                PROVIDE (__preinit_array_end = .)

.init_array     0x00000000200173a0       0x10
                0x00000000200173a0                PROVIDE (__init_array_start = .)
 *(SORT_BY_INIT_PRIORITY(.init_array.*) SORT_BY_INIT_PRIORITY(.ctors.*))
 .init_array.00000
                0x00000000200173a0        0x4 f:/hifive-iot/freedomstudio-4.7.2.2019-05-0-win32.win32.x86_64/sifive/riscv64-unknown-elf-gcc/riscv64-unknown-elf-gcc-8.2.0-2019.05.3/bin/../lib/gcc/riscv64-unknown-elf/8.2.0/../../../../riscv64-unknown-elf/lib/rv32imac/ilp32\libc_nano.a(lib_a-__call_atexit.o)
 *(.init_array EXCLUDE_FILE(*crtend?.o *crtend.o *crtbegin?.o *crtbegin.o) .ctors)
 .init_array    0x00000000200173a4        0x8 F:/HiFive-IoT/Workspace/sifive-hifive1-revb-hello/bsp/install/lib/debug/\libmetal.a(libriscv__mmachine___a-sifive_fe310-g000_pll.o)
 .init_array    0x00000000200173ac        0x4 F:/HiFive-IoT/Workspace/sifive-hifive1-revb-hello/bsp/install/lib/debug/\libmetal.a(libriscv__mmachine___a-tty.o)
                0x00000000200173b0                PROVIDE (__init_array_end = .)

.fini_array     0x00000000200173b0        0x0
                0x00000000200173b0                PROVIDE (__fini_array_start = .)
 *(SORT_BY_INIT_PRIORITY(.fini_array.*) SORT_BY_INIT_PRIORITY(.dtors.*))
 *(.fini_array EXCLUDE_FILE(*crtend?.o *crtend.o *crtbegin?.o *crtbegin.o) .dtors)
                0x00000000200173b0                PROVIDE (__fini_array_end = .)

.ctors
 *crtbegin.o(.ctors)
 *crtbegin?.o(.ctors)
 *(EXCLUDE_FILE(*crtend?.o *crtend.o) .ctors)
 *(SORT_BY_NAME(.ctors.*))
 *(.ctors)

.dtors
 *crtbegin.o(.dtors)
 *crtbegin?.o(.dtors)
 *(EXCLUDE_FILE(*crtend?.o *crtend.o) .dtors)
 *(SORT_BY_NAME(.dtors.*))
 *(.dtors)

.litimalign     0x00000000200173b0        0x0
                0x00000000200173b0                . = ALIGN (0x4)
                0x00000000200173b0                PROVIDE (metal_segment_itim_source_start = .)

.ditimalign     0x0000000080000000        0x0 load address 0x00000000200173b0
                0x0000000080000000                . = ALIGN (0x4)
                0x0000000080000000                PROVIDE (metal_segment_itim_target_start = .)

.itim
 *(.itim .itim.*)
                0x0000000080000000                . = ALIGN (0x8)
                0x0000000080000000                PROVIDE (metal_segment_itim_target_end = .)

.lalign         0x00000000200173b0        0x0
                0x00000000200173b0                . = ALIGN (0x4)
                [!provide]                        PROVIDE (_data_lma = .)
                0x00000000200173b0                PROVIDE (metal_segment_data_source_start = .)

.dalign         0x0000000080000000        0x0 load address 0x00000000200173b0
                0x0000000080000000                . = ALIGN (0x4)
                0x0000000080000000                PROVIDE (metal_segment_data_target_start = .)

.data           0x0000000080000000      0x80c load address 0x00000000200173b0
 *(.data .data.*)
 .data.impure_data
                0x0000000080000000       0x60 f:/hifive-iot/freedomstudio-4.7.2.2019-05-0-win32.win32.x86_64/sifive/riscv64-unknown-elf-gcc/riscv64-unknown-elf-gcc-8.2.0-2019.05.3/bin/../lib/gcc/riscv64-unknown-elf/8.2.0/../../../../riscv64-unknown-elf/lib/rv32imac/ilp32\libc_nano.a(lib_a-impure.o)
 .data.__metal_dt_clock_0
                0x0000000080000060       0x14 F:/HiFive-IoT/Workspace/sifive-hifive1-revb-hello/bsp/install/lib/debug/\libmetal.a(libriscv__mmachine___a-inline.o)
                0x0000000080000060                __metal_dt_clock_0
 .data.__metal_dt_clock_2
                0x0000000080000074       0x14 F:/HiFive-IoT/Workspace/sifive-hifive1-revb-hello/bsp/install/lib/debug/\libmetal.a(libriscv__mmachine___a-inline.o)
                0x0000000080000074                __metal_dt_clock_2
 .data.__metal_dt_clock_5
                0x0000000080000088       0x14 F:/HiFive-IoT/Workspace/sifive-hifive1-revb-hello/bsp/install/lib/debug/\libmetal.a(libriscv__mmachine___a-inline.o)
                0x0000000080000088                __metal_dt_clock_5
 *fill*         0x000000008000009c        0x4 
 .data.__metal_dt_cpu_0_interrupt_controller
                0x00000000800000a0      0x3b8 F:/HiFive-IoT/Workspace/sifive-hifive1-revb-hello/bsp/install/lib/debug/\libmetal.a(libriscv__mmachine___a-inline.o)
                0x00000000800000a0                __metal_dt_cpu_0_interrupt_controller
 .data.__metal_dt_interrupt_controller_c000000
                0x0000000080000458      0x300 F:/HiFive-IoT/Workspace/sifive-hifive1-revb-hello/bsp/install/lib/debug/\libmetal.a(libriscv__mmachine___a-inline.o)
                0x0000000080000458                __metal_dt_interrupt_controller_c000000
 .data.__metal_dt_clock_3
                0x0000000080000758       0x14 F:/HiFive-IoT/Workspace/sifive-hifive1-revb-hello/bsp/install/lib/debug/\libmetal.a(libriscv__mmachine___a-inline.o)
                0x0000000080000758                __metal_dt_clock_3
 .data.__metal_dt_clock_1
                0x000000008000076c       0x14 F:/HiFive-IoT/Workspace/sifive-hifive1-revb-hello/bsp/install/lib/debug/\libmetal.a(libriscv__mmachine___a-inline.o)
                0x000000008000076c                __metal_dt_clock_1
 .data.__metal_dt_clock_4
                0x0000000080000780       0x14 F:/HiFive-IoT/Workspace/sifive-hifive1-revb-hello/bsp/install/lib/debug/\libmetal.a(libriscv__mmachine___a-inline.o)
                0x0000000080000780                __metal_dt_clock_4
 *(.gnu.linkonce.d.*)
                0x0000000080000798                . = ALIGN (0x8)
 *fill*         0x0000000080000794        0x4 
                0x0000000080000f98                PROVIDE (__global_pointer$ = (. + 0x800))
 *(.sdata .sdata.* .sdata2.*)
 .sdata.txdata  0x0000000080000798        0x4 C:\Users\maitr\AppData\Local\Temp\ccG9PUit.o
                0x0000000080000798                txdata
 .sdata.rxdata  0x000000008000079c        0x4 C:\Users\maitr\AppData\Local\Temp\ccG9PUit.o
                0x000000008000079c                rxdata
 .sdata.csmode  0x00000000800007a0        0x4 C:\Users\maitr\AppData\Local\Temp\ccG9PUit.o
                0x00000000800007a0                csmode
 .sdata.delay0  0x00000000800007a4        0x4 C:\Users\maitr\AppData\Local\Temp\ccG9PUit.o
                0x00000000800007a4                delay0
 .sdata.spi_csmode
                0x00000000800007a8        0x4 C:\Users\maitr\AppData\Local\Temp\ccG9PUit.o
                0x00000000800007a8                spi_csmode
 .sdata.gpio_input_en
                0x00000000800007ac        0x4 C:\Users\maitr\AppData\Local\Temp\ccG9PUit.o
                0x00000000800007ac                gpio_input_en
 .sdata.gpio_input_val
                0x00000000800007b0        0x4 C:\Users\maitr\AppData\Local\Temp\ccG9PUit.o
                0x00000000800007b0                gpio_input_val
 .sdata._impure_ptr
                0x00000000800007b4        0x4 f:/hifive-iot/freedomstudio-4.7.2.2019-05-0-win32.win32.x86_64/sifive/riscv64-unknown-elf-gcc/riscv64-unknown-elf-gcc-8.2.0-2019.05.3/bin/../lib/gcc/riscv64-unknown-elf/8.2.0/../../../../riscv64-unknown-elf/lib/rv32imac/ilp32\libc_nano.a(lib_a-impure.o)
                0x00000000800007b4                _impure_ptr
 .sdata2._global_impure_ptr
                0x00000000800007b8        0x4 f:/hifive-iot/freedomstudio-4.7.2.2019-05-0-win32.win32.x86_64/sifive/riscv64-unknown-elf-gcc/riscv64-unknown-elf-gcc-8.2.0-2019.05.3/bin/../lib/gcc/riscv64-unknown-elf/8.2.0/../../../../riscv64-unknown-elf/lib/rv32imac/ilp32\libc_nano.a(lib_a-impure.o)
                0x00000000800007b8                _global_impure_ptr
 .sdata.__metal_cpu_table
                0x00000000800007bc        0x4 F:/HiFive-IoT/Workspace/sifive-hifive1-revb-hello/bsp/install/lib/debug/\libmetal.a(libriscv__mmachine___a-gpio.o)
                0x00000000800007bc                __metal_cpu_table
 .sdata.__metal_gpio_table
                0x00000000800007c0        0x4 F:/HiFive-IoT/Workspace/sifive-hifive1-revb-hello/bsp/install/lib/debug/\libmetal.a(libriscv__mmachine___a-gpio.o)
                0x00000000800007c0                __metal_gpio_table
 .sdata.__metal_spi_table
                0x00000000800007c4        0x4 F:/HiFive-IoT/Workspace/sifive-hifive1-revb-hello/bsp/install/lib/debug/\libmetal.a(libriscv__mmachine___a-gpio.o)
                0x00000000800007c4                __metal_spi_table
 .sdata.__metal_dt_clint_2000000
                0x00000000800007c8        0x8 F:/HiFive-IoT/Workspace/sifive-hifive1-revb-hello/bsp/install/lib/debug/\libmetal.a(libriscv__mmachine___a-inline.o)
                0x00000000800007c8                __metal_dt_clint_2000000
 .sdata.__metal_dt_cpu_0
                0x00000000800007d0        0x4 F:/HiFive-IoT/Workspace/sifive-hifive1-revb-hello/bsp/install/lib/debug/\libmetal.a(libriscv__mmachine___a-inline.o)
                0x00000000800007d0                __metal_dt_cpu_0
 .sdata.__metal_dt_gpio_10012000
                0x00000000800007d4        0x4 F:/HiFive-IoT/Workspace/sifive-hifive1-revb-hello/bsp/install/lib/debug/\libmetal.a(libriscv__mmachine___a-inline.o)
                0x00000000800007d4                __metal_dt_gpio_10012000
 .sdata.__metal_dt_spi_10014000
                0x00000000800007d8        0x8 F:/HiFive-IoT/Workspace/sifive-hifive1-revb-hello/bsp/install/lib/debug/\libmetal.a(libriscv__mmachine___a-inline.o)
                0x00000000800007d8                __metal_dt_spi_10014000
 .sdata.__metal_dt_serial_10013000
                0x00000000800007e0        0x8 F:/HiFive-IoT/Workspace/sifive-hifive1-revb-hello/bsp/install/lib/debug/\libmetal.a(libriscv__mmachine___a-inline.o)
                0x00000000800007e0                __metal_dt_serial_10013000
 .sdata2.__metal_driver_vtable_sifive_fe310_g000_hfrosc
                0x00000000800007e8        0x8 F:/HiFive-IoT/Workspace/sifive-hifive1-revb-hello/bsp/install/lib/debug/\libmetal.a(libriscv__mmachine___a-sifive_fe310-g000_hfrosc.o)
                0x00000000800007e8                __metal_driver_vtable_sifive_fe310_g000_hfrosc
 .sdata2.__metal_driver_vtable_sifive_fe310_g000_hfxosc
                0x00000000800007f0        0x8 F:/HiFive-IoT/Workspace/sifive-hifive1-revb-hello/bsp/install/lib/debug/\libmetal.a(libriscv__mmachine___a-sifive_fe310-g000_hfxosc.o)
                0x00000000800007f0                __metal_driver_vtable_sifive_fe310_g000_hfxosc
 .sdata2.__metal_driver_vtable_sifive_fe310_g000_prci
                0x00000000800007f8        0x8 F:/HiFive-IoT/Workspace/sifive-hifive1-revb-hello/bsp/install/lib/debug/\libmetal.a(libriscv__mmachine___a-sifive_fe310-g000_prci.o)
                0x00000000800007f8                __metal_driver_vtable_sifive_fe310_g000_prci
 .sdata2.__metal_driver_vtable_fixed_clock
                0x0000000080000800        0x8 F:/HiFive-IoT/Workspace/sifive-hifive1-revb-hello/bsp/install/lib/debug/\libmetal.a(libriscv__mmachine___a-fixed-clock.o)
                0x0000000080000800                __metal_driver_vtable_fixed_clock
 .sdata.brk     0x0000000080000808        0x4 F:/HiFive-IoT/Workspace/sifive-hifive1-revb-hello/bsp/install/lib/debug/\libmetal-gloss.a(sys_sbrk.o)
 *(.gnu.linkonce.s.*)
                0x000000008000080c                . = ALIGN (0x4)
                [!provide]                        PROVIDE (_edata = .)
                [!provide]                        PROVIDE (edata = .)
                0x000000008000080c                PROVIDE (metal_segment_data_target_end = .)
                [!provide]                        PROVIDE (_fbss = .)
                [!provide]                        PROVIDE (__bss_start = .)
                0x000000008000080c                PROVIDE (metal_segment_bss_target_start = .)

.bss            0x0000000080000810       0xb8
 *(.sbss*)
 .sbss.__malloc_free_list
                0x0000000080000810        0x4 f:/hifive-iot/freedomstudio-4.7.2.2019-05-0-win32.win32.x86_64/sifive/riscv64-unknown-elf-gcc/riscv64-unknown-elf-gcc-8.2.0-2019.05.3/bin/../lib/gcc/riscv64-unknown-elf/8.2.0/../../../../riscv64-unknown-elf/lib/rv32imac/ilp32\libc_nano.a(lib_a-nano-mallocr.o)
                0x0000000080000810                __malloc_free_list
 .sbss.__malloc_sbrk_start
                0x0000000080000814        0x4 f:/hifive-iot/freedomstudio-4.7.2.2019-05-0-win32.win32.x86_64/sifive/riscv64-unknown-elf-gcc/riscv64-unknown-elf-gcc-8.2.0-2019.05.3/bin/../lib/gcc/riscv64-unknown-elf/8.2.0/../../../../riscv64-unknown-elf/lib/rv32imac/ilp32\libc_nano.a(lib_a-nano-mallocr.o)
                0x0000000080000814                __malloc_sbrk_start
 .sbss._global_atexit
                0x0000000080000818        0x4 f:/hifive-iot/freedomstudio-4.7.2.2019-05-0-win32.win32.x86_64/sifive/riscv64-unknown-elf-gcc/riscv64-unknown-elf-gcc-8.2.0-2019.05.3/bin/../lib/gcc/riscv64-unknown-elf/8.2.0/../../../../riscv64-unknown-elf/lib/rv32imac/ilp32\libc_nano.a(lib_a-__call_atexit.o)
                0x0000000080000818                _global_atexit
 *(.gnu.linkonce.sb.*)
 *(.bss .bss.*)
 .bss.__metal_dt_prci_10008000
                0x000000008000081c        0x0 F:/HiFive-IoT/Workspace/sifive-hifive1-revb-hello/bsp/install/lib/debug/\libmetal.a(libriscv__mmachine___a-inline.o)
                0x000000008000081c                __metal_dt_prci_10008000
 *fill*         0x000000008000081c        0x4 
 .bss.t0.2031   0x0000000080000820       0x10 F:/HiFive-IoT/Workspace/sifive-hifive1-revb-hello/bsp/install/lib/debug/\libmetal-gloss.a(sys_times.o)
 .bss._global_atexit0
                0x0000000080000830       0x8c f:/hifive-iot/freedomstudio-4.7.2.2019-05-0-win32.win32.x86_64/sifive/riscv64-unknown-elf-gcc/riscv64-unknown-elf-gcc-8.2.0-2019.05.3/bin/../lib/gcc/riscv64-unknown-elf/8.2.0/../../../../riscv64-unknown-elf/lib/rv32imac/ilp32\libc_nano.a(lib_a-__atexit.o)
 *(.gnu.linkonce.b.*)
 *(COMMON)
 COMMON         0x00000000800008bc        0x8 C:\Users\maitr\AppData\Local\Temp\ccG9PUit.o
                0x00000000800008bc                gpio1
                0x00000000800008c0                spi
 COMMON         0x00000000800008c4        0x4 f:/hifive-iot/freedomstudio-4.7.2.2019-05-0-win32.win32.x86_64/sifive/riscv64-unknown-elf-gcc/riscv64-unknown-elf-gcc-8.2.0-2019.05.3/bin/../lib/gcc/riscv64-unknown-elf/8.2.0/../../../../riscv64-unknown-elf/lib/rv32imac/ilp32\libc_nano.a(lib_a-reent.o)
                0x00000000800008c4                errno
                0x00000000800008c8                . = ALIGN (0x4)
                0x00000000800008c8                . = ALIGN (0x8)
                [!provide]                        PROVIDE (_end = .)
                [!provide]                        PROVIDE (end = .)
                0x00000000800008c8                PROVIDE (metal_segment_bss_target_end = .)
