Archive member included to satisfy reference by file (symbol)

f:/hifive-iot/freedomstudio-4.7.2.2019-05-0-win32.win32.x86_64/sifive/riscv64-unknown-elf-gcc/riscv64-unknown-elf-gcc-8.2.0-2019.05.3/bin/../lib/gcc/riscv64-unknown-elf/8.2.0/../../../../riscv64-unknown-elf/lib/rv32imac/ilp32\libc_nano.a(lib_a-clock.o)
                              C:\Users\maitr\AppData\Local\Temp\ccrYcQuv.o (clock)
f:/hifive-iot/freedomstudio-4.7.2.2019-05-0-win32.win32.x86_64/sifive/riscv64-unknown-elf-gcc/riscv64-unknown-elf-gcc-8.2.0-2019.05.3/bin/../lib/gcc/riscv64-unknown-elf/8.2.0/../../../../riscv64-unknown-elf/lib/rv32imac/ilp32\libc_nano.a(lib_a-impure.o)
                              f:/hifive-iot/freedomstudio-4.7.2.2019-05-0-win32.win32.x86_64/sifive/riscv64-unknown-elf-gcc/riscv64-unknown-elf-gcc-8.2.0-2019.05.3/bin/../lib/gcc/riscv64-unknown-elf/8.2.0/../../../../riscv64-unknown-elf/lib/rv32imac/ilp32\libc_nano.a(lib_a-clock.o) (_impure_ptr)
f:/hifive-iot/freedomstudio-4.7.2.2019-05-0-win32.win32.x86_64/sifive/riscv64-unknown-elf-gcc/riscv64-unknown-elf-gcc-8.2.0-2019.05.3/bin/../lib/gcc/riscv64-unknown-elf/8.2.0/../../../../riscv64-unknown-elf/lib/rv32imac/ilp32\libc_nano.a(lib_a-memset.o)
                              C:\Users\maitr\AppData\Local\Temp\ccrYcQuv.o (memset)
f:/hifive-iot/freedomstudio-4.7.2.2019-05-0-win32.win32.x86_64/sifive/riscv64-unknown-elf-gcc/riscv64-unknown-elf-gcc-8.2.0-2019.05.3/bin/../lib/gcc/riscv64-unknown-elf/8.2.0/../../../../riscv64-unknown-elf/lib/rv32imac/ilp32\libc_nano.a(lib_a-printf.o)
                              C:\Users\maitr\AppData\Local\Temp\ccrYcQuv.o (printf)
f:/hifive-iot/freedomstudio-4.7.2.2019-05-0-win32.win32.x86_64/sifive/riscv64-unknown-elf-gcc/riscv64-unknown-elf-gcc-8.2.0-2019.05.3/bin/../lib/gcc/riscv64-unknown-elf/8.2.0/../../../../riscv64-unknown-elf/lib/rv32imac/ilp32\libc_nano.a(lib_a-puts.o)
                              C:\Users\maitr\AppData\Local\Temp\ccrYcQuv.o (puts)
f:/hifive-iot/freedomstudio-4.7.2.2019-05-0-win32.win32.x86_64/sifive/riscv64-unknown-elf-gcc/riscv64-unknown-elf-gcc-8.2.0-2019.05.3/bin/../lib/gcc/riscv64-unknown-elf/8.2.0/../../../../riscv64-unknown-elf/lib/rv32imac/ilp32\libc_nano.a(lib_a-strlen.o)
                              C:\Users\maitr\AppData\Local\Temp\ccrYcQuv.o (strlen)
f:/hifive-iot/freedomstudio-4.7.2.2019-05-0-win32.win32.x86_64/sifive/riscv64-unknown-elf-gcc/riscv64-unknown-elf-gcc-8.2.0-2019.05.3/bin/../lib/gcc/riscv64-unknown-elf/8.2.0/../../../../riscv64-unknown-elf/lib/rv32imac/ilp32\libc_nano.a(lib_a-timesr.o)
                              f:/hifive-iot/freedomstudio-4.7.2.2019-05-0-win32.win32.x86_64/sifive/riscv64-unknown-elf-gcc/riscv64-unknown-elf-gcc-8.2.0-2019.05.3/bin/../lib/gcc/riscv64-unknown-elf/8.2.0/../../../../riscv64-unknown-elf/lib/rv32imac/ilp32\libc_nano.a(lib_a-clock.o) (_times_r)
f:/hifive-iot/freedomstudio-4.7.2.2019-05-0-win32.win32.x86_64/sifive/riscv64-unknown-elf-gcc/riscv64-unknown-elf-gcc-8.2.0-2019.05.3/bin/../lib/gcc/riscv64-unknown-elf/8.2.0/../../../../riscv64-unknown-elf/lib/rv32imac/ilp32\libc_nano.a(lib_a-wbuf.o)
                              f:/hifive-iot/freedomstudio-4.7.2.2019-05-0-win32.win32.x86_64/sifive/riscv64-unknown-elf-gcc/riscv64-unknown-elf-gcc-8.2.0-2019.05.3/bin/../lib/gcc/riscv64-unknown-elf/8.2.0/../../../../riscv64-unknown-elf/lib/rv32imac/ilp32\libc_nano.a(lib_a-puts.o) (__swbuf_r)
f:/hifive-iot/freedomstudio-4.7.2.2019-05-0-win32.win32.x86_64/sifive/riscv64-unknown-elf-gcc/riscv64-unknown-elf-gcc-8.2.0-2019.05.3/bin/../lib/gcc/riscv64-unknown-elf/8.2.0/../../../../riscv64-unknown-elf/lib/rv32imac/ilp32\libc_nano.a(lib_a-wsetup.o)
                              f:/hifive-iot/freedomstudio-4.7.2.2019-05-0-win32.win32.x86_64/sifive/riscv64-unknown-elf-gcc/riscv64-unknown-elf-gcc-8.2.0-2019.05.3/bin/../lib/gcc/riscv64-unknown-elf/8.2.0/../../../../riscv64-unknown-elf/lib/rv32imac/ilp32\libc_nano.a(lib_a-puts.o) (__swsetup_r)
f:/hifive-iot/freedomstudio-4.7.2.2019-05-0-win32.win32.x86_64/sifive/riscv64-unknown-elf-gcc/riscv64-unknown-elf-gcc-8.2.0-2019.05.3/bin/../lib/gcc/riscv64-unknown-elf/8.2.0/../../../../riscv64-unknown-elf/lib/rv32imac/ilp32\libc_nano.a(lib_a-fflush.o)
                              f:/hifive-iot/freedomstudio-4.7.2.2019-05-0-win32.win32.x86_64/sifive/riscv64-unknown-elf-gcc/riscv64-unknown-elf-gcc-8.2.0-2019.05.3/bin/../lib/gcc/riscv64-unknown-elf/8.2.0/../../../../riscv64-unknown-elf/lib/rv32imac/ilp32\libc_nano.a(lib_a-wbuf.o) (_fflush_r)
f:/hifive-iot/freedomstudio-4.7.2.2019-05-0-win32.win32.x86_64/sifive/riscv64-unknown-elf-gcc/riscv64-unknown-elf-gcc-8.2.0-2019.05.3/bin/../lib/gcc/riscv64-unknown-elf/8.2.0/../../../../riscv64-unknown-elf/lib/rv32imac/ilp32\libc_nano.a(lib_a-findfp.o)
[...]
Memory Configuration

Name             Origin             Length             Attributes
ram              0x0000000080000000 0x0000000000004000 axw !rl
flash            0x0000000020010000 0x000000000006a120 axrl !w
*default*        0x0000000000000000 0xffffffffffffffff

Linker script and memory map

LOAD C:\Users\maitr\AppData\Local\Temp\ccrYcQuv.o
START GROUP
LOAD f:/hifive-iot/freedomstudio-4.7.2.2019-05-0-win32.win32.x86_64/sifive/riscv64-unknown-elf-gcc/riscv64-unknown-elf-gcc-8.2.0-2019.05.3/bin/../lib/gcc/riscv64-unknown-elf/8.2.0/../../../../riscv64-unknown-elf/lib/rv32imac/ilp32\libc_nano.a
LOAD f:/hifive-iot/freedomstudio-4.7.2.2019-05-0-win32.win32.x86_64/sifive/riscv64-unknown-elf-gcc/riscv64-unknown-elf-gcc-8.2.0-2019.05.3/bin/../lib/gcc/riscv64-unknown-elf/8.2.0/rv32imac/ilp32\libgcc.a
LOAD F:/HiFive-IoT/Workspace/sifive-hifive1-revb-hello/bsp/install/lib/debug/\libmetal.a
LOAD F:/HiFive-IoT/Workspace/sifive-hifive1-revb-hello/bsp/install/lib/debug/\libmetal-gloss.a
END GROUP
                0x0000000000000400                __stack_size = DEFINED (__stack_size)?__stack_size:0x400
                [!provide]                        PROVIDE (__stack_size = __stack_size)
                0x0000000000000400                __heap_size = DEFINED (__heap_size)?__heap_size:0x400
                0x0000000000000000                PROVIDE (__metal_boot_hart = 0x0)
                0x0000000000000000                PROVIDE (__metal_chicken_bit = 0x0)

.init           0x0000000020010000      0x178
 *(.text.metal.init.enter)
 .text.metal.init.enter
                0x0000000020010000       0x60 F:/HiFive-IoT/Workspace/sifive-hifive1-revb-hello/bsp/install/lib/debug/\libmetal.a(libriscv__mmachine___a-entry.o)
                0x0000000020010000                _enter
 *(SORT_NONE(.init))
 *(.text.libgloss.start)
 .text.libgloss.start
                0x0000000020010060      0x118 F:/HiFive-IoT/Workspace/sifive-hifive1-revb-hello/bsp/install/lib/debug/\libmetal-gloss.a(crt0.o)
                0x0000000020010060                _start
                0x0000000020010158                _fini
                0x0000000020010158                _init
                0x000000002001015a                secondary_main

.text           0x0000000020010180     0x57ec
 *(.text.unlikely .text.unlikely.*)
 *(.text.startup .text.startup.*)
 .text.startup.register_fini
                0x0000000020010180       0x18 f:/hifive-iot/freedomstudio-4.7.2.2019-05-0-win32.win32.x86_64/sifive/riscv64-unknown-elf-gcc/riscv64-unknown-elf-gcc-8.2.0-2019.05.3/bin/../lib/gcc/riscv64-unknown-elf/8.2.0/../../../../riscv64-unknown-elf/lib/rv32imac/ilp32\libc_nano.a(lib_a-__call_atexit.o)
 *(.text .text.*)
 .text.delay    0x0000000020010198       0x44 C:\Users\maitr\AppData\Local\Temp\ccrYcQuv.o
                0x0000000020010198                delay
 .text.main     0x00000000200101dc      0x190 C:\Users\maitr\AppData\Local\Temp\ccrYcQuv.o
                0x00000000200101dc                main
 .text.send_cmd
                0x000000002001036c      0x1e0 C:\Users\maitr\AppData\Local\Temp\ccrYcQuv.o
                0x000000002001036c                send_cmd
 .text.get_esp  0x000000002001054c       0x82 C:\Users\maitr\AppData\Local\Temp\ccrYcQuv.o
                0x000000002001054c                get_esp
 .text.clock    0x00000000200105ce       0x28 f:/hifive-iot/freedomstudio-4.7.2.2019-05-0-win32.win32.x86_64/sifive/riscv64-unknown-elf-gcc/riscv64-unknown-elf-gcc-8.2.0-2019.05.3/bin/../lib/gcc/riscv64-unknown-elf/8.2.0/../../../../riscv64-unknown-elf/lib/rv32imac/ilp32\libc_nano.a(lib_a-clock.o)
                0x00000000200105ce                clock
 .text          0x00000000200105f6       0xa8 f:/hifive-iot/freedomstudio-4.7.2.2019-05-0-win32.win32.x86_64/sifive/riscv64-unknown-elf-gcc/riscv64-unknown-elf-gcc-8.2.0-2019.05.3/bin/../lib/gcc/riscv64-unknown-elf/8.2.0/../../../../riscv64-unknown-elf/lib/rv32imac/ilp32\libc_nano.a(lib_a-memset.o)
                0x00000000200105f6                memset
 .text.printf   0x000000002001069e       0x40 f:/hifive-iot/freedomstudio-4.7.2.2019-05-0-win32.win32.x86_64/sifive/riscv64-unknown-elf-gcc/riscv64-unknown-elf-gcc-8.2.0-2019.05.3/bin/../lib/gcc/riscv64-unknown-elf/8.2.0/../../../../riscv64-unknown-elf/lib/rv32imac/ilp32\libc_nano.a(lib_a-printf.o)
                0x000000002001069e                iprintf
                0x000000002001069e                printf
 .text._puts_r  0x00000000200106de       0xda f:/hifive-iot/freedomstudio-4.7.2.2019-05-0-win32.win32.x86_64/sifive/riscv64-unknown-elf-gcc/riscv64-unknown-elf-gcc-8.2.0-2019.05.3/bin/../lib/gcc/riscv64-unknown-elf/8.2.0/../../../../riscv64-unknown-elf/lib/rv32imac/ilp32\libc_nano.a(lib_a-puts.o)
                0x00000000200106de                _puts_r
 .text.puts     0x00000000200107b8        0xa f:/hifive-iot/freedomstudio-4.7.2.2019-05-0-win32.win32.x86_64/sifive/riscv64-unknown-elf-gcc/riscv64-unknown-elf-gcc-8.2.0-2019.05.3/bin/../lib/gcc/riscv64-unknown-elf/8.2.0/../../../../riscv64-unknown-elf/lib/rv32imac/ilp32\libc_nano.a(lib_a-puts.o)
                0x00000000200107b8                puts
 .text.strlen   0x00000000200107c2       0x12 f:/hifive-iot/freedomstudio-4.7.2.2019-05-0-win32.win32.x86_64/sifive/riscv64-unknown-elf-gcc/riscv64-unknown-elf-gcc-8.2.0-2019.05.3/bin/../lib/gcc/riscv64-unknown-elf/8.2.0/../../../../riscv64-unknown-elf/lib/rv32imac/ilp32\libc_nano.a(lib_a-strlen.o)
                0x00000000200107c2                strlen
 .text._times_r
                0x00000000200107d4        0x6 f:/hifive-iot/freedomstudio-4.7.2.2019-05-0-win32.win32.x86_64/sifive/riscv64-unknown-elf-gcc/riscv64-unknown-elf-gcc-8.2.0-2019.05.3/bin/../lib/gcc/riscv64-unknown-elf/8.2.0/../../../../riscv64-unknown-elf/lib/rv32imac/ilp32\libc_nano.a(lib_a-timesr.o)
                0x00000000200107d4                _times_r
 .text.__swbuf_r
                0x00000000200107da       0xc0 f:/hifive-iot/freedomstudio-4.7.2.2019-05-0-win32.win32.x86_64/sifive/riscv64-unknown-elf-gcc/riscv64-unknown-elf-gcc-8.2.0-2019.05.3/bin/../lib/gcc/riscv64-unknown-elf/8.2.0/../../../../riscv64-unknown-elf/lib/rv32imac/ilp32\libc_nano.a(lib_a-wbuf.o)
                0x00000000200107da                __swbuf_r
 .text.__swsetup_r
                0x000000002001089a      0x10c f:/hifive-iot/freedomstudio-4.7.2.2019-05-0-win32.win32.x86_64/sifive/riscv64-unknown-elf-gcc/riscv64-unknown-elf-gcc-8.2.0-2019.05.3/bin/../lib/gcc/riscv64-unknown-elf/8.2.0/../../../../riscv64-unknown-elf/lib/rv32imac/ilp32\libc_nano.a(lib_a-wsetup.o)
                0x000000002001089a                __swsetup_r
 .text.__sflush_r
                0x00000000200109a6      0x13c f:/hifive-iot/freedomstudio-4.7.2.2019-05-0-win32.win32.x86_64/sifive/riscv64-unknown-elf-gcc/riscv64-unknown-elf-gcc-8.2.0-2019.05.3/bin/../lib/gcc/riscv64-unknown-elf/8.2.0/../../../../riscv64-unknown-elf/lib/rv32imac/ilp32\libc_nano.a(lib_a-fflush.o)
                0x00000000200109a6                __sflush_r
 .text._fflush_r
                0x0000000020010ae2       0x64 f:/hifive-iot/freedomstudio-4.7.2.2019-05-0-win32.win32.x86_64/sifive/riscv64-unknown-elf-gcc/riscv64-unknown-elf-gcc-8.2.0-2019.05.3/bin/../lib/gcc/riscv64-unknown-elf/8.2.0/../../../../riscv64-unknown-elf/lib/rv32imac/ilp32\libc_nano.a(lib_a-fflush.o)
                0x0000000020010ae2                _fflush_r
 .text.std      0x0000000020010b46       0x68 f:/hifive-iot/freedomstudio-4.7.2.2019-05-0-win32.win32.x86_64/sifive/riscv64-unknown-elf-gcc/riscv64-unknown-elf-gcc-8.2.0-2019.05.3/bin/../lib/gcc/riscv64-unknown-elf/8.2.0/../../../../riscv64-unknown-elf/lib/rv32imac/ilp32\libc_nano.a(lib_a-findfp.o)
 .text._cleanup_r
                0x0000000020010bae        0xa f:/hifive-iot/freedomstudio-4.7.2.2019-05-0-win32.win32.x86_64/sifive/riscv64-unknown-elf-gcc/riscv64-unknown-elf-gcc-8.2.0-2019.05.3/bin/../lib/gcc/riscv64-unknown-elf/8.2.0/../../../../riscv64-unknown-elf/lib/rv32imac/ilp32\libc_nano.a(lib_a-findfp.o)
                0x0000000020010bae                _cleanup_r
 .text.__sfmoreglue
                0x0000000020010bb8       0x44 f:/hifive-iot/freedomstudio-4.7.2.2019-05-0-win32.win32.x86_64/sifive/riscv64-unknown-elf-gcc/riscv64-unknown-elf-gcc-8.2.0-2019.05.3/bin/../lib/gcc/riscv64-unknown-elf/8.2.0/../../../../riscv64-unknown-elf/lib/rv32imac/ilp32\libc_nano.a(lib_a-findfp.o)
                0x0000000020010bb8                __sfmoreglue
 .text.__sinit  0x0000000020010bfc       0x66 f:/hifive-iot/freedomstudio-4.7.2.2019-05-0-win32.win32.x86_64/sifive/riscv64-unknown-elf-gcc/riscv64-unknown-elf-gcc-8.2.0-2019.05.3/bin/../lib/gcc/riscv64-unknown-elf/8.2.0/../../../../riscv64-unknown-elf/lib/rv32imac/ilp32\libc_nano.a(lib_a-findfp.o)
                0x0000000020010bfc                __sinit
 .text.__sfp    0x0000000020010c62       0x9c f:/hifive-iot/freedomstudio-4.7.2.2019-05-0-win32.win32.x86_64/sifive/riscv64-unknown-elf-gcc/riscv64-unknown-elf-gcc-8.2.0-2019.05.3/bin/../lib/gcc/riscv64-unknown-elf/8.2.0/../../../../riscv64-unknown-elf/lib/rv32imac/ilp32\libc_nano.a(lib_a-findfp.o)
                0x0000000020010c62                __sfp
 .text._fwalk_reent
                0x0000000020010cfe       0x6c f:/hifive-iot/freedomstudio-4.7.2.2019-05-0-win32.win32.x86_64/sifive/riscv64-unknown-elf-gcc/riscv64-unknown-elf-gcc-8.2.0-2019.05.3/bin/../lib/gcc/riscv64-unknown-elf/8.2.0/../../../../riscv64-unknown-elf/lib/rv32imac/ilp32\libc_nano.a(lib_a-fwalk.o)
                0x0000000020010cfe                _fwalk_reent
 .text.__swhatbuf_r
                0x0000000020010d6a       0x58 f:/hifive-iot/freedomstudio-4.7.2.2019-05-0-win32.win32.x86_64/sifive/riscv64-unknown-elf-gcc/riscv64-unknown-elf-gcc-8.2.0-2019.05.3/bin/../lib/gcc/riscv64-unknown-elf/8.2.0/../../../../riscv64-unknown-elf/lib/rv32imac/ilp32\libc_nano.a(lib_a-makebuf.o)
                0x0000000020010d6a                __swhatbuf_r
 .text.__smakebuf_r
                0x0000000020010dc2       0x9c f:/hifive-iot/freedomstudio-4.7.2.2019-05-0-win32.win32.x86_64/sifive/riscv64-unknown-elf-gcc/riscv64-unknown-elf-gcc-8.2.0-2019.05.3/bin/../lib/gcc/riscv64-unknown-elf/8.2.0/../../../../riscv64-unknown-elf/lib/rv32imac/ilp32\libc_nano.a(lib_a-makebuf.o)
                0x0000000020010dc2                __smakebuf_r
 .text._free_r  0x0000000020010e5e       0xac f:/hifive-iot/freedomstudio-4.7.2.2019-05-0-win32.win32.x86_64/sifive/riscv64-unknown-elf-gcc/riscv64-unknown-elf-gcc-8.2.0-2019.05.3/bin/../lib/gcc/riscv64-unknown-elf/8.2.0/../../../../riscv64-unknown-elf/lib/rv32imac/ilp32\libc_nano.a(lib_a-nano-freer.o)
                0x0000000020010e5e                _free_r
 .text._malloc_r
                0x0000000020010f0a       0xde f:/hifive-iot/freedomstudio-4.7.2.2019-05-0-win32.win32.x86_64/sifive/riscv64-unknown-elf-gcc/riscv64-unknown-elf-gcc-8.2.0-2019.05.3/bin/../lib/gcc/riscv64-unknown-elf/8.2.0/../../../../riscv64-unknown-elf/lib/rv32imac/ilp32\libc_nano.a(lib_a-nano-mallocr.o)
                0x0000000020010f0a                _malloc_r
 .text.__sfputc_r
                0x0000000020010fe8       0x2a f:/hifive-iot/freedomstudio-4.7.2.2019-05-0-win32.win32.x86_64/sifive/riscv64-unknown-elf-gcc/riscv64-unknown-elf-gcc-8.2.0-2019.05.3/bin/../lib/gcc/riscv64-unknown-elf/8.2.0/../../../../riscv64-unknown-elf/lib/rv32imac/ilp32\libc_nano.a(lib_a-nano-vfprintf.o)
 .text.__sfputs_r
                0x0000000020011012       0x42 f:/hifive-iot/freedomstudio-4.7.2.2019-05-0-win32.win32.x86_64/sifive/riscv64-unknown-elf-gcc/riscv64-unknown-elf-gcc-8.2.0-2019.05.3/bin/../lib/gcc/riscv64-unknown-elf/8.2.0/../../../../riscv64-unknown-elf/lib/rv32imac/ilp32\libc_nano.a(lib_a-nano-vfprintf.o)
                0x0000000020011012                __sfputs_r
 .text._vfprintf_r
                0x0000000020011054      0x298 f:/hifive-iot/freedomstudio-4.7.2.2019-05-0-win32.win32.x86_64/sifive/riscv64-unknown-elf-gcc/riscv64-unknown-elf-gcc-8.2.0-2019.05.3/bin/../lib/gcc/riscv64-unknown-elf/8.2.0/../../../../riscv64-unknown-elf/lib/rv32imac/ilp32\libc_nano.a(lib_a-nano-vfprintf.o)
                0x0000000020011054                _vfprintf_r
                0x0000000020011054                _vfiprintf_r
 .text._sbrk_r  0x00000000200112ec       0x2a f:/hifive-iot/freedomstudio-4.7.2.2019-05-0-win32.win32.x86_64/sifive/riscv64-unknown-elf-gcc/riscv64-unknown-elf-gcc-8.2.0-2019.05.3/bin/../lib/gcc/riscv64-unknown-elf/8.2.0/../../../../riscv64-unknown-elf/lib/rv32imac/ilp32\libc_nano.a(lib_a-sbrkr.o)
                0x00000000200112ec                _sbrk_r
 .text.__sread  0x0000000020011316       0x30 f:/hifive-iot/freedomstudio-4.7.2.2019-05-0-win32.win32.x86_64/sifive/riscv64-unknown-elf-gcc/riscv64-unknown-elf-gcc-8.2.0-2019.05.3/bin/../lib/gcc/riscv64-unknown-elf/8.2.0/../../../../riscv64-unknown-elf/lib/rv32imac/ilp32\libc_nano.a(lib_a-stdio.o)
                0x0000000020011316                __sread
 .text.__swrite
                0x0000000020011346       0x4e f:/hifive-iot/freedomstudio-4.7.2.2019-05-0-win32.win32.x86_64/sifive/riscv64-unknown-elf-gcc/riscv64-unknown-elf-gcc-8.2.0-2019.05.3/bin/../lib/gcc/riscv64-unknown-elf/8.2.0/../../../../riscv64-unknown-elf/lib/rv32imac/ilp32\libc_nano.a(lib_a-stdio.o)
                0x0000000020011346                __swrite
 .text.__sseek  0x0000000020011394       0x36 f:/hifive-iot/freedomstudio-4.7.2.2019-05-0-win32.win32.x86_64/sifive/riscv64-unknown-elf-gcc/riscv64-unknown-elf-gcc-8.2.0-2019.05.3/bin/../lib/gcc/riscv64-unknown-elf/8.2.0/../../../../riscv64-unknown-elf/lib/rv32imac/ilp32\libc_nano.a(lib_a-stdio.o)
                0x0000000020011394                __sseek
 .text.__sclose
                0x00000000200113ca        0x6 f:/hifive-iot/freedomstudio-4.7.2.2019-05-0-win32.win32.x86_64/sifive/riscv64-unknown-elf-gcc/riscv64-unknown-elf-gcc-8.2.0-2019.05.3/bin/../lib/gcc/riscv64-unknown-elf/8.2.0/../../../../riscv64-unknown-elf/lib/rv32imac/ilp32\libc_nano.a(lib_a-stdio.o)
                0x00000000200113ca                __sclose
 .text._write_r
                0x00000000200113d0       0x2e f:/hifive-iot/freedomstudio-4.7.2.2019-05-0-win32.win32.x86_64/sifive/riscv64-unknown-elf-gcc/riscv64-unknown-elf-gcc-8.2.0-2019.05.3/bin/../lib/gcc/riscv64-unknown-elf/8.2.0/../../../../riscv64-unknown-elf/lib/rv32imac/ilp32\libc_nano.a(lib_a-writer.o)
                0x00000000200113d0                _write_r
 .text._close_r
                0x00000000200113fe       0x2a f:/hifive-iot/freedomstudio-4.7.2.2019-05-0-win32.win32.x86_64/sifive/riscv64-unknown-elf-gcc/riscv64-unknown-elf-gcc-8.2.0-2019.05.3/bin/../lib/gcc/riscv64-unknown-elf/8.2.0/../../../../riscv64-unknown-elf/lib/rv32imac/ilp32\libc_nano.a(lib_a-closer.o)
                0x00000000200113fe                _close_r
 .text._fstat_r
                0x0000000020011428       0x2c f:/hifive-iot/freedomstudio-4.7.2.2019-05-0-win32.win32.x86_64/sifive/riscv64-unknown-elf-gcc/riscv64-unknown-elf-gcc-8.2.0-2019.05.3/bin/../lib/gcc/riscv64-unknown-elf/8.2.0/../../../../riscv64-unknown-elf/lib/rv32imac/ilp32\libc_nano.a(lib_a-fstatr.o)
                0x0000000020011428                _fstat_r
 .text._isatty_r
                0x0000000020011454       0x2a f:/hifive-iot/freedomstudio-4.7.2.2019-05-0-win32.win32.x86_64/sifive/riscv64-unknown-elf-gcc/riscv64-unknown-elf-gcc-8.2.0-2019.05.3/bin/../lib/gcc/riscv64-unknown-elf/8.2.0/../../../../riscv64-unknown-elf/lib/rv32imac/ilp32\libc_nano.a(lib_a-isattyr.o)
                0x0000000020011454                _isatty_r
 .text._lseek_r
                0x000000002001147e       0x2e f:/hifive-iot/freedomstudio-4.7.2.2019-05-0-win32.win32.x86_64/sifive/riscv64-unknown-elf-gcc/riscv64-unknown-elf-gcc-8.2.0-2019.05.3/bin/../lib/gcc/riscv64-unknown-elf/8.2.0/../../../../riscv64-unknown-elf/lib/rv32imac/ilp32\libc_nano.a(lib_a-lseekr.o)
                0x000000002001147e                _lseek_r
 .text.memchr   0x00000000200114ac       0x1a f:/hifive-iot/freedomstudio-4.7.2.2019-05-0-win32.win32.x86_64/sifive/riscv64-unknown-elf-gcc/riscv64-unknown-elf-gcc-8.2.0-2019.05.3/bin/../lib/gcc/riscv64-unknown-elf/8.2.0/../../../../riscv64-unknown-elf/lib/rv32imac/ilp32\libc_nano.a(lib_a-memchr.o)
                0x00000000200114ac                memchr
 .text.__malloc_lock
                0x00000000200114c6        0x2 f:/hifive-iot/freedomstudio-4.7.2.2019-05-0-win32.win32.x86_64/sifive/riscv64-unknown-elf-gcc/riscv64-unknown-elf-gcc-8.2.0-2019.05.3/bin/../lib/gcc/riscv64-unknown-elf/8.2.0/../../../../riscv64-unknown-elf/lib/rv32imac/ilp32\libc_nano.a(lib_a-mlock.o)
                0x00000000200114c6                __malloc_lock
 .text.__malloc_unlock
                0x00000000200114c8        0x2 f:/hifive-iot/freedomstudio-4.7.2.2019-05-0-win32.win32.x86_64/sifive/riscv64-unknown-elf-gcc/riscv64-unknown-elf-gcc-8.2.0-2019.05.3/bin/../lib/gcc/riscv64-unknown-elf/8.2.0/../../../../riscv64-unknown-elf/lib/rv32imac/ilp32\libc_nano.a(lib_a-mlock.o)
                0x00000000200114c8                __malloc_unlock
 .text._printf_common
                0x00000000200114ca      0x10c f:/hifive-iot/freedomstudio-4.7.2.2019-05-0-win32.win32.x86_64/sifive/riscv64-unknown-elf-gcc/riscv64-unknown-elf-gcc-8.2.0-2019.05.3/bin/../lib/gcc/riscv64-unknown-elf/8.2.0/../../../../riscv64-unknown-elf/lib/rv32imac/ilp32\libc_nano.a(lib_a-nano-vfprintf_i.o)
                0x00000000200114ca                _printf_common
 .text._printf_i
                0x00000000200115d6      0x2a2 f:/hifive-iot/freedomstudio-4.7.2.2019-05-0-win32.win32.x86_64/sifive/riscv64-unknown-elf-gcc/riscv64-unknown-elf-gcc-8.2.0-2019.05.3/bin/../lib/gcc/riscv64-unknown-elf/8.2.0/../../../../riscv64-unknown-elf/lib/rv32imac/ilp32\libc_nano.a(lib_a-nano-vfprintf_i.o)
                0x00000000200115d6                _printf_i
 .text._read_r  0x0000000020011878       0x2e f:/hifive-iot/freedomstudio-4.7.2.2019-05-0-win32.win32.x86_64/sifive/riscv64-unknown-elf-gcc/riscv64-unknown-elf-gcc-8.2.0-2019.05.3/bin/../lib/gcc/riscv64-unknown-elf/8.2.0/../../../../riscv64-unknown-elf/lib/rv32imac/ilp32\libc_nano.a(lib_a-readr.o)
                0x0000000020011878                _read_r
 *fill*         0x00000000200118a6        0x2 
 .text.metal.init.trapvec
                0x00000000200118a8        0xe F:/HiFive-IoT/Workspace/sifive-hifive1-revb-hello/bsp/install/lib/debug/\libmetal.a(libriscv__mmachine___a-entry.o)
 .text.metal_gpio_enable_output
                0x00000000200118b6       0x40 F:/HiFive-IoT/Workspace/sifive-hifive1-revb-hello/bsp/install/lib/debug/\libmetal.a(libriscv__mmachine___a-gpio.o)
                0x00000000200118b6                metal_gpio_enable_output
 .text.metal_gpio_set_pin
                0x00000000200118f6       0x68 F:/HiFive-IoT/Workspace/sifive-hifive1-revb-hello/bsp/install/lib/debug/\libmetal.a(libriscv__mmachine___a-gpio.o)
                0x00000000200118f6                metal_gpio_set_pin
 .text.metal_gpio_get_device
                0x000000002001195e       0x2e F:/HiFive-IoT/Workspace/sifive-hifive1-revb-hello/bsp/install/lib/debug/\libmetal.a(libriscv__mmachine___a-gpio.o)
                0x000000002001195e                metal_gpio_get_device
 .text.metal_spi_get_baud_rate
                0x000000002001198c       0x26 F:/HiFive-IoT/Workspace/sifive-hifive1-revb-hello/bsp/install/lib/debug/\libmetal.a(libriscv__mmachine___a-spi.o)
                0x000000002001198c                metal_spi_get_baud_rate
 .text.metal_spi_set_baud_rate
                0x00000000200119b2       0x2e F:/HiFive-IoT/Workspace/sifive-hifive1-revb-hello/bsp/install/lib/debug/\libmetal.a(libriscv__mmachine___a-spi.o)
                0x00000000200119b2                metal_spi_set_baud_rate
 .text.metal_spi_get_device
                0x00000000200119e0       0x2c F:/HiFive-IoT/Workspace/sifive-hifive1-revb-hello/bsp/install/lib/debug/\libmetal.a(libriscv__mmachine___a-spi.o)
                0x00000000200119e0                metal_spi_get_device
 .text.__metal_driver_sifive_clint0_control_base
                0x0000000020011a0c       0x26 F:/HiFive-IoT/Workspace/sifive-hifive1-revb-hello/bsp/install/lib/debug/\libmetal.a(libriscv__mmachine___a-riscv_clint0.o)
 .text.__metal_driver_sifive_clint0_num_interrupts
                0x0000000020011a32       0x24 F:/HiFive-IoT/Workspace/sifive-hifive1-revb-hello/bsp/install/lib/debug/\libmetal.a(libriscv__mmachine___a-riscv_clint0.o)
 .text.__metal_driver_sifive_clint0_interrupt_parents
                0x0000000020011a56       0x3c F:/HiFive-IoT/Workspace/sifive-hifive1-revb-hello/bsp/install/lib/debug/\libmetal.a(libriscv__mmachine___a-riscv_clint0.o)
 .text.__metal_driver_sifive_clint0_interrupt_lines
                0x0000000020011a92       0x30 F:/HiFive-IoT/Workspace/sifive-hifive1-revb-hello/bsp/install/lib/debug/\libmetal.a(libriscv__mmachine___a-riscv_clint0.o)
 .text.__metal_clint0_mtime_get
                0x0000000020011ac2       0x9a F:/HiFive-IoT/Workspace/sifive-hifive1-revb-hello/bsp/install/lib/debug/\libmetal.a(libriscv__mmachine___a-riscv_clint0.o)
                0x0000000020011ac2                __metal_clint0_mtime_get
 .text.__metal_driver_riscv_clint0_mtimecmp_set
                0x0000000020011b5c       0x96 F:/HiFive-IoT/Workspace/sifive-hifive1-revb-hello/bsp/install/lib/debug/\libmetal.a(libriscv__mmachine___a-riscv_clint0.o)
                0x0000000020011b5c                __metal_driver_riscv_clint0_mtimecmp_set
 .text._get_cpu_intc
                0x0000000020011bf2       0x34 F:/HiFive-IoT/Workspace/sifive-hifive1-revb-hello/bsp/install/lib/debug/\libmetal.a(libriscv__mmachine___a-riscv_clint0.o)
 .text.__metal_driver_riscv_clint0_init
                0x0000000020011c26       0x88 F:/HiFive-IoT/Workspace/sifive-hifive1-revb-hello/bsp/install/lib/debug/\libmetal.a(libriscv__mmachine___a-riscv_clint0.o)
                0x0000000020011c26                __metal_driver_riscv_clint0_init
 .text.__metal_driver_riscv_clint0_register
                0x0000000020011cae       0xbc F:/HiFive-IoT/Workspace/sifive-hifive1-revb-hello/bsp/install/lib/debug/\libmetal.a(libriscv__mmachine___a-riscv_clint0.o)
                0x0000000020011cae                __metal_driver_riscv_clint0_register
 .text.__metal_driver_riscv_clint0_enable
                0x0000000020011d6a       0xb0 F:/HiFive-IoT/Workspace/sifive-hifive1-revb-hello/bsp/install/lib/debug/\libmetal.a(libriscv__mmachine___a-riscv_clint0.o)
                0x0000000020011d6a                __metal_driver_riscv_clint0_enable
 .text.__metal_driver_riscv_clint0_disable
                0x0000000020011e1a       0xb0 F:/HiFive-IoT/Workspace/sifive-hifive1-revb-hello/bsp/install/lib/debug/\libmetal.a(libriscv__mmachine___a-riscv_clint0.o)
                0x0000000020011e1a                __metal_driver_riscv_clint0_disable
 .text.__metal_driver_riscv_clint0_command_request
                0x0000000020011eca      0x132 F:/HiFive-IoT/Workspace/sifive-hifive1-revb-hello/bsp/install/lib/debug/\libmetal.a(libriscv__mmachine___a-riscv_clint0.o)
                0x0000000020011eca                __metal_driver_riscv_clint0_command_request
 .text.__metal_driver_cpu_hartid
                0x0000000020011ffc       0x24 F:/HiFive-IoT/Workspace/sifive-hifive1-revb-hello/bsp/install/lib/debug/\libmetal.a(libriscv__mmachine___a-riscv_cpu.o)
 .text.__metal_driver_cpu_timebase
                0x0000000020012020       0x2a F:/HiFive-IoT/Workspace/sifive-hifive1-revb-hello/bsp/install/lib/debug/\libmetal.a(libriscv__mmachine___a-riscv_cpu.o)
 .text.__metal_driver_cpu_interrupt_controller
                0x000000002001204a       0x2a F:/HiFive-IoT/Workspace/sifive-hifive1-revb-hello/bsp/install/lib/debug/\libmetal.a(libriscv__mmachine___a-riscv_cpu.o)
 .text.__metal_driver_cpu_get
                0x0000000020012074       0x2c F:/HiFive-IoT/Workspace/sifive-hifive1-revb-hello/bsp/install/lib/debug/\libmetal.a(libriscv__mmachine___a-riscv_cpu.o)
                0x0000000020012074                __metal_driver_cpu_get
 .text.__metal_myhart_id
                0x00000000200120a0       0x1a F:/HiFive-IoT/Workspace/sifive-hifive1-revb-hello/bsp/install/lib/debug/\libmetal.a(libriscv__mmachine___a-riscv_cpu.o)
                0x00000000200120a0                __metal_myhart_id
 .text.__metal_interrupt_global_enable
                0x00000000200120ba       0x18 F:/HiFive-IoT/Workspace/sifive-hifive1-revb-hello/bsp/install/lib/debug/\libmetal.a(libriscv__mmachine___a-riscv_cpu.o)
                0x00000000200120ba                __metal_interrupt_global_enable
 .text.__metal_interrupt_global_disable
                0x00000000200120d2       0x18 F:/HiFive-IoT/Workspace/sifive-hifive1-revb-hello/bsp/install/lib/debug/\libmetal.a(libriscv__mmachine___a-riscv_cpu.o)
                0x00000000200120d2                __metal_interrupt_global_disable
 .text.__metal_interrupt_software_enable
                0x00000000200120ea       0x18 F:/HiFive-IoT/Workspace/sifive-hifive1-revb-hello/bsp/install/lib/debug/\libmetal.a(libriscv__mmachine___a-riscv_cpu.o)
                0x00000000200120ea                __metal_interrupt_software_enable
 .text.__metal_interrupt_software_disable
                0x0000000020012102       0x18 F:/HiFive-IoT/Workspace/sifive-hifive1-revb-hello/bsp/install/lib/debug/\libmetal.a(libriscv__mmachine___a-riscv_cpu.o)
                0x0000000020012102                __metal_interrupt_software_disable
 .text.__metal_interrupt_timer_enable
                0x000000002001211a       0x1a F:/HiFive-IoT/Workspace/sifive-hifive1-revb-hello/bsp/install/lib/debug/\libmetal.a(libriscv__mmachine___a-riscv_cpu.o)
                0x000000002001211a                __metal_interrupt_timer_enable
 .text.__metal_interrupt_timer_disable
                0x0000000020012134       0x1a F:/HiFive-IoT/Workspace/sifive-hifive1-revb-hello/bsp/install/lib/debug/\libmetal.a(libriscv__mmachine___a-riscv_cpu.o)
                0x0000000020012134                __metal_interrupt_timer_disable
 .text.__metal_interrupt_external_enable
                0x000000002001214e       0x1c F:/HiFive-IoT/Workspace/sifive-hifive1-revb-hello/bsp/install/lib/debug/\libmetal.a(libriscv__mmachine___a-riscv_cpu.o)
                0x000000002001214e                __metal_interrupt_external_enable
 .text.__metal_interrupt_external_disable
                0x000000002001216a       0x1c F:/HiFive-IoT/Workspace/sifive-hifive1-revb-hello/bsp/install/lib/debug/\libmetal.a(libriscv__mmachine___a-riscv_cpu.o)
                0x000000002001216a                __metal_interrupt_external_disable
 .text.__metal_interrupt_local_enable
                0x0000000020012186       0x2c F:/HiFive-IoT/Workspace/sifive-hifive1-revb-hello/bsp/install/lib/debug/\libmetal.a(libriscv__mmachine___a-riscv_cpu.o)
                0x0000000020012186                __metal_interrupt_local_enable
 .text.__metal_interrupt_local_disable
                0x00000000200121b2       0x2c F:/HiFive-IoT/Workspace/sifive-hifive1-revb-hello/bsp/install/lib/debug/\libmetal.a(libriscv__mmachine___a-riscv_cpu.o)
                0x00000000200121b2                __metal_interrupt_local_disable
 .text.__metal_default_exception_handler
                0x00000000200121de       0x18 F:/HiFive-IoT/Workspace/sifive-hifive1-revb-hello/bsp/install/lib/debug/\libmetal.a(libriscv__mmachine___a-riscv_cpu.o)
                0x00000000200121de                __metal_default_exception_handler
 .text.__metal_default_interrupt_handler
                0x00000000200121f6       0x18 F:/HiFive-IoT/Workspace/sifive-hifive1-revb-hello/bsp/install/lib/debug/\libmetal.a(libriscv__mmachine___a-riscv_cpu.o)
                0x00000000200121f6                __metal_default_interrupt_handler
 .text.__metal_default_sw_handler
                0x000000002001220e       0x64 F:/HiFive-IoT/Workspace/sifive-hifive1-revb-hello/bsp/install/lib/debug/\libmetal.a(libriscv__mmachine___a-riscv_cpu.o)
                0x000000002001220e                __metal_default_sw_handler
 .text.__metal_default_timer_handler
                0x0000000020012272       0x66 F:/HiFive-IoT/Workspace/sifive-hifive1-revb-hello/bsp/install/lib/debug/\libmetal.a(libriscv__mmachine___a-riscv_cpu.o)
                0x0000000020012272                __metal_default_timer_handler
 *fill*         0x00000000200122d8       0x28 
 .text.__metal_exception_handler
                0x0000000020012300      0x172 F:/HiFive-IoT/Workspace/sifive-hifive1-revb-hello/bsp/install/lib/debug/\libmetal.a(libriscv__mmachine___a-riscv_cpu.o)
                0x0000000020012300                __metal_exception_handler
 .text.__metal_controller_interrupt_vector
                0x0000000020012472       0xa6 F:/HiFive-IoT/Workspace/sifive-hifive1-revb-hello/bsp/install/lib/debug/\libmetal.a(libriscv__mmachine___a-riscv_cpu.o)
                0x0000000020012472                __metal_controller_interrupt_vector
 .text.__metal_valid_interrupt_id
                0x0000000020012518       0x38 F:/HiFive-IoT/Workspace/sifive-hifive1-revb-hello/bsp/install/lib/debug/\libmetal.a(libriscv__mmachine___a-riscv_cpu.o)
                0x0000000020012518                __metal_valid_interrupt_id
 .text.__metal_local_interrupt_enable
                0x0000000020012550       0xb6 F:/HiFive-IoT/Workspace/sifive-hifive1-revb-hello/bsp/install/lib/debug/\libmetal.a(libriscv__mmachine___a-riscv_cpu.o)
                0x0000000020012550                __metal_local_interrupt_enable
 .text.__metal_exception_register
                0x0000000020012606       0x4e F:/HiFive-IoT/Workspace/sifive-hifive1-revb-hello/bsp/install/lib/debug/\libmetal.a(libriscv__mmachine___a-riscv_cpu.o)
                0x0000000020012606                __metal_exception_register
 .text.__metal_driver_riscv_cpu_controller_interrupt_init
                0x0000000020012654      0x13e F:/HiFive-IoT/Workspace/sifive-hifive1-revb-hello/bsp/install/lib/debug/\libmetal.a(libriscv__mmachine___a-riscv_cpu.o)
                0x0000000020012654                __metal_driver_riscv_cpu_controller_interrupt_init
 .text.__metal_driver_riscv_cpu_controller_interrupt_register
                0x0000000020012792      0x148 F:/HiFive-IoT/Workspace/sifive-hifive1-revb-hello/bsp/install/lib/debug/\libmetal.a(libriscv__mmachine___a-riscv_cpu.o)
                0x0000000020012792                __metal_driver_riscv_cpu_controller_interrupt_register
 .text.__metal_driver_riscv_cpu_controller_interrupt_enable
                0x00000000200128da       0x2a F:/HiFive-IoT/Workspace/sifive-hifive1-revb-hello/bsp/install/lib/debug/\libmetal.a(libriscv__mmachine___a-riscv_cpu.o)
                0x00000000200128da                __metal_driver_riscv_cpu_controller_interrupt_enable
 .text.__metal_driver_riscv_cpu_controller_interrupt_disable
                0x0000000020012904       0x2a F:/HiFive-IoT/Workspace/sifive-hifive1-revb-hello/bsp/install/lib/debug/\libmetal.a(libriscv__mmachine___a-riscv_cpu.o)
                0x0000000020012904                __metal_driver_riscv_cpu_controller_interrupt_disable
 .text.__metal_driver_riscv_cpu_controller_interrupt_enable_vector
                0x000000002001292e       0x66 F:/HiFive-IoT/Workspace/sifive-hifive1-revb-hello/bsp/install/lib/debug/\libmetal.a(libriscv__mmachine___a-riscv_cpu.o)
                0x000000002001292e                __metal_driver_riscv_cpu_controller_interrupt_enable_vector
 .text.__metal_driver_riscv_cpu_controller_interrupt_disable_vector
                0x0000000020012994       0x3c F:/HiFive-IoT/Workspace/sifive-hifive1-revb-hello/bsp/install/lib/debug/\libmetal.a(libriscv__mmachine___a-riscv_cpu.o)
                0x0000000020012994                __metal_driver_riscv_cpu_controller_interrupt_disable_vector
 .text.__metal_driver_riscv_cpu_controller_command_request
                0x00000000200129d0       0x1c F:/HiFive-IoT/Workspace/sifive-hifive1-revb-hello/bsp/install/lib/debug/\libmetal.a(libriscv__mmachine___a-riscv_cpu.o)
                0x00000000200129d0                __metal_driver_riscv_cpu_controller_command_request
 .text.__metal_driver_cpu_timer_get
                0x00000000200129ec       0x72 F:/HiFive-IoT/Workspace/sifive-hifive1-revb-hello/bsp/install/lib/debug/\libmetal.a(libriscv__mmachine___a-riscv_cpu.o)
                0x00000000200129ec                __metal_driver_cpu_timer_get
 .text.__metal_driver_cpu_timebase_get
                0x0000000020012a5e       0x46 F:/HiFive-IoT/Workspace/sifive-hifive1-revb-hello/bsp/install/lib/debug/\libmetal.a(libriscv__mmachine___a-riscv_cpu.o)
                0x0000000020012a5e                __metal_driver_cpu_timebase_get
 .text.__metal_driver_cpu_mtime_get
                0x0000000020012aa4       0x6e F:/HiFive-IoT/Workspace/sifive-hifive1-revb-hello/bsp/install/lib/debug/\libmetal.a(libriscv__mmachine___a-riscv_cpu.o)
                0x0000000020012aa4                __metal_driver_cpu_mtime_get
 .text.__metal_driver_cpu_mtimecmp_set
                0x0000000020012b12       0x7e F:/HiFive-IoT/Workspace/sifive-hifive1-revb-hello/bsp/install/lib/debug/\libmetal.a(libriscv__mmachine___a-riscv_cpu.o)
                0x0000000020012b12                __metal_driver_cpu_mtimecmp_set
 .text.__metal_driver_cpu_timer_controller_interrupt
                0x0000000020012b90       0x16 F:/HiFive-IoT/Workspace/sifive-hifive1-revb-hello/bsp/install/lib/debug/\libmetal.a(libriscv__mmachine___a-riscv_cpu.o)
                0x0000000020012b90                __metal_driver_cpu_timer_controller_interrupt
 .text.__metal_driver_cpu_get_timer_interrupt_id
                0x0000000020012ba6       0x14 F:/HiFive-IoT/Workspace/sifive-hifive1-revb-hello/bsp/install/lib/debug/\libmetal.a(libriscv__mmachine___a-riscv_cpu.o)
                0x0000000020012ba6                __metal_driver_cpu_get_timer_interrupt_id
 .text.__metal_driver_cpu_sw_controller_interrupt
                0x0000000020012bba       0x16 F:/HiFive-IoT/Workspace/sifive-hifive1-revb-hello/bsp/install/lib/debug/\libmetal.a(libriscv__mmachine___a-riscv_cpu.o)
                0x0000000020012bba                __metal_driver_cpu_sw_controller_interrupt
 .text.__metal_driver_cpu_get_sw_interrupt_id
                0x0000000020012bd0       0x14 F:/HiFive-IoT/Workspace/sifive-hifive1-revb-hello/bsp/install/lib/debug/\libmetal.a(libriscv__mmachine___a-riscv_cpu.o)
                0x0000000020012bd0                __metal_driver_cpu_get_sw_interrupt_id
 .text.__metal_driver_cpu_set_sw_ipi
                0x0000000020012be4       0x6a F:/HiFive-IoT/Workspace/sifive-hifive1-revb-hello/bsp/install/lib/debug/\libmetal.a(libriscv__mmachine___a-riscv_cpu.o)
                0x0000000020012be4                __metal_driver_cpu_set_sw_ipi
 .text.__metal_driver_cpu_clear_sw_ipi
                0x0000000020012c4e       0x6a F:/HiFive-IoT/Workspace/sifive-hifive1-revb-hello/bsp/install/lib/debug/\libmetal.a(libriscv__mmachine___a-riscv_cpu.o)
                0x0000000020012c4e                __metal_driver_cpu_clear_sw_ipi
 .text.__metal_driver_cpu_get_msip
                0x0000000020012cb8       0x68 F:/HiFive-IoT/Workspace/sifive-hifive1-revb-hello/bsp/install/lib/debug/\libmetal.a(libriscv__mmachine___a-riscv_cpu.o)
                0x0000000020012cb8                __metal_driver_cpu_get_msip
 .text.__metal_driver_cpu_controller_interrupt
                0x0000000020012d20       0x20 F:/HiFive-IoT/Workspace/sifive-hifive1-revb-hello/bsp/install/lib/debug/\libmetal.a(libriscv__mmachine___a-riscv_cpu.o)
                0x0000000020012d20                __metal_driver_cpu_controller_interrupt
 .text.__metal_driver_cpu_exception_register
                0x0000000020012d40       0x46 F:/HiFive-IoT/Workspace/sifive-hifive1-revb-hello/bsp/install/lib/debug/\libmetal.a(libriscv__mmachine___a-riscv_cpu.o)
                0x0000000020012d40                __metal_driver_cpu_exception_register
 .text.__metal_driver_cpu_get_instruction_length
                0x0000000020012d86       0x28 F:/HiFive-IoT/Workspace/sifive-hifive1-revb-hello/bsp/install/lib/debug/\libmetal.a(libriscv__mmachine___a-riscv_cpu.o)
                0x0000000020012d86                __metal_driver_cpu_get_instruction_length
 .text.__metal_driver_cpu_get_exception_pc
                0x0000000020012dae       0x1e F:/HiFive-IoT/Workspace/sifive-hifive1-revb-hello/bsp/install/lib/debug/\libmetal.a(libriscv__mmachine___a-riscv_cpu.o)
                0x0000000020012dae                __metal_driver_cpu_get_exception_pc
 .text.__metal_driver_cpu_set_exception_pc
                0x0000000020012dcc       0x20 F:/HiFive-IoT/Workspace/sifive-hifive1-revb-hello/bsp/install/lib/debug/\libmetal.a(libriscv__mmachine___a-riscv_cpu.o)
                0x0000000020012dcc                __metal_driver_cpu_set_exception_pc
 .text.__metal_driver_sifive_plic0_control_base
                0x0000000020012dec       0x2a F:/HiFive-IoT/Workspace/sifive-hifive1-revb-hello/bsp/install/lib/debug/\libmetal.a(libriscv__mmachine___a-riscv_plic0.o)
 .text.__metal_driver_sifive_plic0_num_interrupts
                0x0000000020012e16       0x28 F:/HiFive-IoT/Workspace/sifive-hifive1-revb-hello/bsp/install/lib/debug/\libmetal.a(libriscv__mmachine___a-riscv_plic0.o)
 .text.__metal_driver_sifive_plic0_max_priority
                0x0000000020012e3e       0x28 F:/HiFive-IoT/Workspace/sifive-hifive1-revb-hello/bsp/install/lib/debug/\libmetal.a(libriscv__mmachine___a-riscv_plic0.o)
 .text.__metal_driver_sifive_plic0_interrupt_parents
                0x0000000020012e66       0x38 F:/HiFive-IoT/Workspace/sifive-hifive1-revb-hello/bsp/install/lib/debug/\libmetal.a(libriscv__mmachine___a-riscv_plic0.o)
 .text.__metal_driver_sifive_plic0_interrupt_lines
                0x0000000020012e9e       0x2c F:/HiFive-IoT/Workspace/sifive-hifive1-revb-hello/bsp/install/lib/debug/\libmetal.a(libriscv__mmachine___a-riscv_plic0.o)
 .text.__metal_plic0_claim_interrupt
                0x0000000020012eca       0x2e F:/HiFive-IoT/Workspace/sifive-hifive1-revb-hello/bsp/install/lib/debug/\libmetal.a(libriscv__mmachine___a-riscv_plic0.o)
                0x0000000020012eca                __metal_plic0_claim_interrupt
 .text.__metal_plic0_complete_interrupt
                0x0000000020012ef8       0x38 F:/HiFive-IoT/Workspace/sifive-hifive1-revb-hello/bsp/install/lib/debug/\libmetal.a(libriscv__mmachine___a-riscv_plic0.o)
                0x0000000020012ef8                __metal_plic0_complete_interrupt
 .text.__metal_plic0_set_threshold
                0x0000000020012f30       0x36 F:/HiFive-IoT/Workspace/sifive-hifive1-revb-hello/bsp/install/lib/debug/\libmetal.a(libriscv__mmachine___a-riscv_plic0.o)
                0x0000000020012f30                __metal_plic0_set_threshold
 .text.__metal_plic0_set_priority
                0x0000000020012f66       0x5a F:/HiFive-IoT/Workspace/sifive-hifive1-revb-hello/bsp/install/lib/debug/\libmetal.a(libriscv__mmachine___a-riscv_plic0.o)
                0x0000000020012f66                __metal_plic0_set_priority
 .text.__metal_plic0_enable
                0x0000000020012fc0       0x94 F:/HiFive-IoT/Workspace/sifive-hifive1-revb-hello/bsp/install/lib/debug/\libmetal.a(libriscv__mmachine___a-riscv_plic0.o)
                0x0000000020012fc0                __metal_plic0_enable
 .text.__metal_plic0_default_handler
                0x0000000020013054       0x18 F:/HiFive-IoT/Workspace/sifive-hifive1-revb-hello/bsp/install/lib/debug/\libmetal.a(libriscv__mmachine___a-riscv_plic0.o)
                0x0000000020013054                __metal_plic0_default_handler
 .text.__metal_plic0_handler
                0x000000002001306c       0x8c F:/HiFive-IoT/Workspace/sifive-hifive1-revb-hello/bsp/install/lib/debug/\libmetal.a(libriscv__mmachine___a-riscv_plic0.o)
                0x000000002001306c                __metal_plic0_handler
 .text.__metal_driver_riscv_plic0_init
                0x00000000200130f8      0x13c F:/HiFive-IoT/Workspace/sifive-hifive1-revb-hello/bsp/install/lib/debug/\libmetal.a(libriscv__mmachine___a-riscv_plic0.o)
                0x00000000200130f8                __metal_driver_riscv_plic0_init
 .text.__metal_driver_riscv_plic0_register
                0x0000000020013234       0xbe F:/HiFive-IoT/Workspace/sifive-hifive1-revb-hello/bsp/install/lib/debug/\libmetal.a(libriscv__mmachine___a-riscv_plic0.o)
                0x0000000020013234                __metal_driver_riscv_plic0_register
 .text.__metal_driver_riscv_plic0_enable
                0x00000000200132f2       0x46 F:/HiFive-IoT/Workspace/sifive-hifive1-revb-hello/bsp/install/lib/debug/\libmetal.a(libriscv__mmachine___a-riscv_plic0.o)
                0x00000000200132f2                __metal_driver_riscv_plic0_enable
 .text.__metal_driver_riscv_plic0_disable
                0x0000000020013338       0x48 F:/HiFive-IoT/Workspace/sifive-hifive1-revb-hello/bsp/install/lib/debug/\libmetal.a(libriscv__mmachine___a-riscv_plic0.o)
                0x0000000020013338                __metal_driver_riscv_plic0_disable
 .text.__metal_driver_sifive_fe310_g000_hfrosc_ref
                0x0000000020013380       0x1a F:/HiFive-IoT/Workspace/sifive-hifive1-revb-hello/bsp/install/lib/debug/\libmetal.a(libriscv__mmachine___a-sifive_fe310-g000_hfrosc.o)
 .text.__metal_driver_sifive_fe310_g000_hfrosc_config_base
                0x000000002001339a       0x1a F:/HiFive-IoT/Workspace/sifive-hifive1-revb-hello/bsp/install/lib/debug/\libmetal.a(libriscv__mmachine___a-sifive_fe310-g000_hfrosc.o)
 .text.__metal_driver_sifive_fe310_g000_hfrosc_config_offset
                0x00000000200133b4       0x14 F:/HiFive-IoT/Workspace/sifive-hifive1-revb-hello/bsp/install/lib/debug/\libmetal.a(libriscv__mmachine___a-sifive_fe310-g000_hfrosc.o)
 .text.__metal_driver_sifive_fe310_g000_prci_vtable
                0x00000000200133c8       0x12 F:/HiFive-IoT/Workspace/sifive-hifive1-revb-hello/bsp/install/lib/debug/\libmetal.a(libriscv__mmachine___a-sifive_fe310-g000_hfrosc.o)
 .text.__metal_driver_sifive_fe310_g000_hfrosc_get_rate_hz
                0x00000000200133da       0x68 F:/HiFive-IoT/Workspace/sifive-hifive1-revb-hello/bsp/install/lib/debug/\libmetal.a(libriscv__mmachine___a-sifive_fe310-g000_hfrosc.o)
                0x00000000200133da                __metal_driver_sifive_fe310_g000_hfrosc_get_rate_hz
 .text.__metal_driver_sifive_fe310_g000_hfrosc_set_rate_hz
                0x0000000020013442       0x22 F:/HiFive-IoT/Workspace/sifive-hifive1-revb-hello/bsp/install/lib/debug/\libmetal.a(libriscv__mmachine___a-sifive_fe310-g000_hfrosc.o)
                0x0000000020013442                __metal_driver_sifive_fe310_g000_hfrosc_set_rate_hz
 .text.__metal_driver_sifive_fe310_g000_hfxosc_ref
                0x0000000020013464       0x1a F:/HiFive-IoT/Workspace/sifive-hifive1-revb-hello/bsp/install/lib/debug/\libmetal.a(libriscv__mmachine___a-sifive_fe310-g000_hfxosc.o)
 .text.__metal_driver_sifive_fe310_g000_hfxosc_config_base
                0x000000002001347e       0x1a F:/HiFive-IoT/Workspace/sifive-hifive1-revb-hello/bsp/install/lib/debug/\libmetal.a(libriscv__mmachine___a-sifive_fe310-g000_hfxosc.o)
 .text.__metal_driver_sifive_fe310_g000_hfxosc_config_offset
                0x0000000020013498       0x14 F:/HiFive-IoT/Workspace/sifive-hifive1-revb-hello/bsp/install/lib/debug/\libmetal.a(libriscv__mmachine___a-sifive_fe310-g000_hfxosc.o)
 .text.__metal_driver_sifive_fe310_g000_prci_vtable
                0x00000000200134ac       0x12 F:/HiFive-IoT/Workspace/sifive-hifive1-revb-hello/bsp/install/lib/debug/\libmetal.a(libriscv__mmachine___a-sifive_fe310-g000_hfxosc.o)
 .text.__metal_driver_sifive_fe310_g000_hfxosc_get_rate_hz
                0x00000000200134be       0x58 F:/HiFive-IoT/Workspace/sifive-hifive1-revb-hello/bsp/install/lib/debug/\libmetal.a(libriscv__mmachine___a-sifive_fe310-g000_hfxosc.o)
                0x00000000200134be                __metal_driver_sifive_fe310_g000_hfxosc_get_rate_hz
 .text.__metal_driver_sifive_fe310_g000_hfxosc_set_rate_hz
                0x0000000020013516       0x22 F:/HiFive-IoT/Workspace/sifive-hifive1-revb-hello/bsp/install/lib/debug/\libmetal.a(libriscv__mmachine___a-sifive_fe310-g000_hfxosc.o)
                0x0000000020013516                __metal_driver_sifive_fe310_g000_hfxosc_set_rate_hz
 .text.__metal_driver_sifive_fe310_g000_pll_pllsel0
                0x0000000020013538       0x1a F:/HiFive-IoT/Workspace/sifive-hifive1-revb-hello/bsp/install/lib/debug/\libmetal.a(libriscv__mmachine___a-sifive_fe310-g000_pll.o)
 .text.__metal_driver_sifive_fe310_g000_pll_pllref
                0x0000000020013552       0x1a F:/HiFive-IoT/Workspace/sifive-hifive1-revb-hello/bsp/install/lib/debug/\libmetal.a(libriscv__mmachine___a-sifive_fe310-g000_pll.o)
 .text.__metal_driver_sifive_fe310_g000_pll_divider_base
                0x000000002001356c       0x1a F:/HiFive-IoT/Workspace/sifive-hifive1-revb-hello/bsp/install/lib/debug/\libmetal.a(libriscv__mmachine___a-sifive_fe310-g000_pll.o)
 .text.__metal_driver_sifive_fe310_g000_pll_divider_offset
                0x0000000020013586       0x14 F:/HiFive-IoT/Workspace/sifive-hifive1-revb-hello/bsp/install/lib/debug/\libmetal.a(libriscv__mmachine___a-sifive_fe310-g000_pll.o)
 .text.__metal_driver_sifive_fe310_g000_pll_config_base
                0x000000002001359a       0x16 F:/HiFive-IoT/Workspace/sifive-hifive1-revb-hello/bsp/install/lib/debug/\libmetal.a(libriscv__mmachine___a-sifive_fe310-g000_pll.o)
 .text.__metal_driver_sifive_fe310_g000_pll_config_offset
                0x00000000200135b0       0x10 F:/HiFive-IoT/Workspace/sifive-hifive1-revb-hello/bsp/install/lib/debug/\libmetal.a(libriscv__mmachine___a-sifive_fe310-g000_pll.o)
 .text.__metal_driver_sifive_fe310_g000_pll_init_rate
                0x00000000200135c0       0x16 F:/HiFive-IoT/Workspace/sifive-hifive1-revb-hello/bsp/install/lib/debug/\libmetal.a(libriscv__mmachine___a-sifive_fe310-g000_pll.o)
 .text.__metal_driver_sifive_fe310_g000_prci_base
                0x00000000200135d6       0x12 F:/HiFive-IoT/Workspace/sifive-hifive1-revb-hello/bsp/install/lib/debug/\libmetal.a(libriscv__mmachine___a-sifive_fe310-g000_pll.o)
 .text.__metal_driver_sifive_fe310_g000_prci_vtable
                0x00000000200135e8       0x12 F:/HiFive-IoT/Workspace/sifive-hifive1-revb-hello/bsp/install/lib/debug/\libmetal.a(libriscv__mmachine___a-sifive_fe310-g000_pll.o)
 .text.get_pll_config_freq
                0x00000000200135fa       0x4e F:/HiFive-IoT/Workspace/sifive-hifive1-revb-hello/bsp/install/lib/debug/\libmetal.a(libriscv__mmachine___a-sifive_fe310-g000_pll.o)
 .text.metal_sifive_fe310_g000_pll_init
                0x0000000020013648       0x28 F:/HiFive-IoT/Workspace/sifive-hifive1-revb-hello/bsp/install/lib/debug/\libmetal.a(libriscv__mmachine___a-sifive_fe310-g000_pll.o)
 .text.__metal_driver_sifive_fe310_g000_pll_init
                0x0000000020013670       0xbc F:/HiFive-IoT/Workspace/sifive-hifive1-revb-hello/bsp/install/lib/debug/\libmetal.a(libriscv__mmachine___a-sifive_fe310-g000_pll.o)
                0x0000000020013670                __metal_driver_sifive_fe310_g000_pll_init
 .text.__metal_driver_sifive_fe310_g000_pll_get_rate_hz
                0x000000002001372c      0x170 F:/HiFive-IoT/Workspace/sifive-hifive1-revb-hello/bsp/install/lib/debug/\libmetal.a(libriscv__mmachine___a-sifive_fe310-g000_pll.o)
                0x000000002001372c                __metal_driver_sifive_fe310_g000_pll_get_rate_hz
 .text.find_closest_config
                0x000000002001389c       0xaa F:/HiFive-IoT/Workspace/sifive-hifive1-revb-hello/bsp/install/lib/debug/\libmetal.a(libriscv__mmachine___a-sifive_fe310-g000_pll.o)
 .text.configure_pll
                0x0000000020013946      0x132 F:/HiFive-IoT/Workspace/sifive-hifive1-revb-hello/bsp/install/lib/debug/\libmetal.a(libriscv__mmachine___a-sifive_fe310-g000_pll.o)
 .text.__metal_driver_sifive_fe310_g000_pll_set_rate_hz
                0x0000000020013a78      0x164 F:/HiFive-IoT/Workspace/sifive-hifive1-revb-hello/bsp/install/lib/debug/\libmetal.a(libriscv__mmachine___a-sifive_fe310-g000_pll.o)
                0x0000000020013a78                __metal_driver_sifive_fe310_g000_pll_set_rate_hz
 .text.use_hfxosc
                0x0000000020013bdc       0x2a F:/HiFive-IoT/Workspace/sifive-hifive1-revb-hello/bsp/install/lib/debug/\libmetal.a(libriscv__mmachine___a-sifive_fe310-g000_pll.o)
 .text.__metal_driver_sifive_fe310_g000_prci_base
                0x0000000020013c06       0x12 F:/HiFive-IoT/Workspace/sifive-hifive1-revb-hello/bsp/install/lib/debug/\libmetal.a(libriscv__mmachine___a-sifive_fe310-g000_prci.o)
 .text.__metal_driver_sifive_fe310_g000_prci_get_reg
                0x0000000020013c18       0x2e F:/HiFive-IoT/Workspace/sifive-hifive1-revb-hello/bsp/install/lib/debug/\libmetal.a(libriscv__mmachine___a-sifive_fe310-g000_prci.o)
                0x0000000020013c18                __metal_driver_sifive_fe310_g000_prci_get_reg
 .text.__metal_driver_sifive_fe310_g000_prci_set_reg
                0x0000000020013c46       0x38 F:/HiFive-IoT/Workspace/sifive-hifive1-revb-hello/bsp/install/lib/debug/\libmetal.a(libriscv__mmachine___a-sifive_fe310-g000_prci.o)
                0x0000000020013c46                __metal_driver_sifive_fe310_g000_prci_set_reg
 .text.__metal_driver_sifive_gpio0_base
                0x0000000020013c7e       0x26 F:/HiFive-IoT/Workspace/sifive-hifive1-revb-hello/bsp/install/lib/debug/\libmetal.a(libriscv__mmachine___a-sifive_gpio0.o)
 .text.__metal_driver_sifive_gpio0_disable_input
                0x0000000020013ca4       0x44 F:/HiFive-IoT/Workspace/sifive-hifive1-revb-hello/bsp/install/lib/debug/\libmetal.a(libriscv__mmachine___a-sifive_gpio0.o)
                0x0000000020013ca4                __metal_driver_sifive_gpio0_disable_input
 .text.__metal_driver_sifive_gpio0_output
                0x0000000020013ce8       0x2a F:/HiFive-IoT/Workspace/sifive-hifive1-revb-hello/bsp/install/lib/debug/\libmetal.a(libriscv__mmachine___a-sifive_gpio0.o)
                0x0000000020013ce8                __metal_driver_sifive_gpio0_output
 .text.__metal_driver_sifive_gpio0_enable_output
                0x0000000020013d12       0x3e F:/HiFive-IoT/Workspace/sifive-hifive1-revb-hello/bsp/install/lib/debug/\libmetal.a(libriscv__mmachine___a-sifive_gpio0.o)
                0x0000000020013d12                __metal_driver_sifive_gpio0_enable_output
 .text.__metal_driver_sifive_gpio0_output_set
                0x0000000020013d50       0x3e F:/HiFive-IoT/Workspace/sifive-hifive1-revb-hello/bsp/install/lib/debug/\libmetal.a(libriscv__mmachine___a-sifive_gpio0.o)
                0x0000000020013d50                __metal_driver_sifive_gpio0_output_set
 .text.__metal_driver_sifive_gpio0_output_clear
                0x0000000020013d8e       0x44 F:/HiFive-IoT/Workspace/sifive-hifive1-revb-hello/bsp/install/lib/debug/\libmetal.a(libriscv__mmachine___a-sifive_gpio0.o)
                0x0000000020013d8e                __metal_driver_sifive_gpio0_output_clear
 .text.__metal_driver_sifive_gpio0_output_toggle
                0x0000000020013dd2       0x3e F:/HiFive-IoT/Workspace/sifive-hifive1-revb-hello/bsp/install/lib/debug/\libmetal.a(libriscv__mmachine___a-sifive_gpio0.o)
                0x0000000020013dd2                __metal_driver_sifive_gpio0_output_toggle
 .text.__metal_driver_sifive_gpio0_enable_io
                0x0000000020013e10       0x66 F:/HiFive-IoT/Workspace/sifive-hifive1-revb-hello/bsp/install/lib/debug/\libmetal.a(libriscv__mmachine___a-sifive_gpio0.o)
                0x0000000020013e10                __metal_driver_sifive_gpio0_enable_io
 .text.__metal_driver_sifive_spi0_control_base
                0x0000000020013e76       0x26 F:/HiFive-IoT/Workspace/sifive-hifive1-revb-hello/bsp/install/lib/debug/\libmetal.a(libriscv__mmachine___a-sifive_spi0.o)
 .text.__metal_driver_sifive_spi0_clock
                0x0000000020013e9c       0x1a F:/HiFive-IoT/Workspace/sifive-hifive1-revb-hello/bsp/install/lib/debug/\libmetal.a(libriscv__mmachine___a-sifive_spi0.o)
 .text.__metal_driver_sifive_spi0_pinmux
                0x0000000020013eb6       0x16 F:/HiFive-IoT/Workspace/sifive-hifive1-revb-hello/bsp/install/lib/debug/\libmetal.a(libriscv__mmachine___a-sifive_spi0.o)
 .text.__metal_driver_sifive_spi0_pinmux_output_selector
                0x0000000020013ecc       0x16 F:/HiFive-IoT/Workspace/sifive-hifive1-revb-hello/bsp/install/lib/debug/\libmetal.a(libriscv__mmachine___a-sifive_spi0.o)
 .text.__metal_driver_sifive_spi0_pinmux_source_selector
                0x0000000020013ee2       0x16 F:/HiFive-IoT/Workspace/sifive-hifive1-revb-hello/bsp/install/lib/debug/\libmetal.a(libriscv__mmachine___a-sifive_spi0.o)
 .text.configure_spi
                0x0000000020013ef8      0x202 F:/HiFive-IoT/Workspace/sifive-hifive1-revb-hello/bsp/install/lib/debug/\libmetal.a(libriscv__mmachine___a-sifive_spi0.o)
 .text.__metal_driver_sifive_spi0_transfer
                0x00000000200140fa      0x18a F:/HiFive-IoT/Workspace/sifive-hifive1-revb-hello/bsp/install/lib/debug/\libmetal.a(libriscv__mmachine___a-sifive_spi0.o)
                0x00000000200140fa                __metal_driver_sifive_spi0_transfer
 .text.__metal_driver_sifive_spi0_get_baud_rate
                0x0000000020014284       0x20 F:/HiFive-IoT/Workspace/sifive-hifive1-revb-hello/bsp/install/lib/debug/\libmetal.a(libriscv__mmachine___a-sifive_spi0.o)
                0x0000000020014284                __metal_driver_sifive_spi0_get_baud_rate
 .text.__metal_driver_sifive_spi0_set_baud_rate
                0x00000000200142a4       0xaa F:/HiFive-IoT/Workspace/sifive-hifive1-revb-hello/bsp/install/lib/debug/\libmetal.a(libriscv__mmachine___a-sifive_spi0.o)
                0x00000000200142a4                __metal_driver_sifive_spi0_set_baud_rate
 .text.pre_rate_change_callback
                0x000000002001434e       0x4a F:/HiFive-IoT/Workspace/sifive-hifive1-revb-hello/bsp/install/lib/debug/\libmetal.a(libriscv__mmachine___a-sifive_spi0.o)
 .text.post_rate_change_callback
                0x0000000020014398       0x30 F:/HiFive-IoT/Workspace/sifive-hifive1-revb-hello/bsp/install/lib/debug/\libmetal.a(libriscv__mmachine___a-sifive_spi0.o)
 .text.__metal_driver_sifive_spi0_init
                0x00000000200143c8       0xaa F:/HiFive-IoT/Workspace/sifive-hifive1-revb-hello/bsp/install/lib/debug/\libmetal.a(libriscv__mmachine___a-sifive_spi0.o)
                0x00000000200143c8                __metal_driver_sifive_spi0_init
 .text.__metal_driver_sifive_uart0_control_base
                0x0000000020014472       0x26 F:/HiFive-IoT/Workspace/sifive-hifive1-revb-hello/bsp/install/lib/debug/\libmetal.a(libriscv__mmachine___a-sifive_uart0.o)
 .text.__metal_driver_sifive_uart0_interrupt_parent
                0x0000000020014498       0x2a F:/HiFive-IoT/Workspace/sifive-hifive1-revb-hello/bsp/install/lib/debug/\libmetal.a(libriscv__mmachine___a-sifive_uart0.o)
 .text.__metal_driver_sifive_uart0_interrupt_line
                0x00000000200144c2       0x14 F:/HiFive-IoT/Workspace/sifive-hifive1-revb-hello/bsp/install/lib/debug/\libmetal.a(libriscv__mmachine___a-sifive_uart0.o)
 .text.__metal_driver_sifive_uart0_clock
                0x00000000200144d6       0x1a F:/HiFive-IoT/Workspace/sifive-hifive1-revb-hello/bsp/install/lib/debug/\libmetal.a(libriscv__mmachine___a-sifive_uart0.o)
 .text.__metal_driver_sifive_uart0_pinmux
                0x00000000200144f0       0x16 F:/HiFive-IoT/Workspace/sifive-hifive1-revb-hello/bsp/install/lib/debug/\libmetal.a(libriscv__mmachine___a-sifive_uart0.o)
 .text.__metal_driver_sifive_uart0_pinmux_output_selector
                0x0000000020014506       0x16 F:/HiFive-IoT/Workspace/sifive-hifive1-revb-hello/bsp/install/lib/debug/\libmetal.a(libriscv__mmachine___a-sifive_uart0.o)
 .text.__metal_driver_sifive_uart0_pinmux_source_selector
                0x000000002001451c       0x16 F:/HiFive-IoT/Workspace/sifive-hifive1-revb-hello/bsp/install/lib/debug/\libmetal.a(libriscv__mmachine___a-sifive_uart0.o)
 .text.__metal_driver_sifive_uart0_interrupt_controller
                0x0000000020014532       0x1e F:/HiFive-IoT/Workspace/sifive-hifive1-revb-hello/bsp/install/lib/debug/\libmetal.a(libriscv__mmachine___a-sifive_uart0.o)
                0x0000000020014532                __metal_driver_sifive_uart0_interrupt_controller
 .text.__metal_driver_sifive_uart0_get_interrupt_id
                0x0000000020014550       0x22 F:/HiFive-IoT/Workspace/sifive-hifive1-revb-hello/bsp/install/lib/debug/\libmetal.a(libriscv__mmachine___a-sifive_uart0.o)
                0x0000000020014550                __metal_driver_sifive_uart0_get_interrupt_id
 .text.__metal_driver_sifive_uart0_putc
                0x0000000020014572       0x40 F:/HiFive-IoT/Workspace/sifive-hifive1-revb-hello/bsp/install/lib/debug/\libmetal.a(libriscv__mmachine___a-sifive_uart0.o)
                0x0000000020014572                __metal_driver_sifive_uart0_putc
 .text.__metal_driver_sifive_uart0_getc
                0x00000000200145b2       0x56 F:/HiFive-IoT/Workspace/sifive-hifive1-revb-hello/bsp/install/lib/debug/\libmetal.a(libriscv__mmachine___a-sifive_uart0.o)
                0x00000000200145b2                __metal_driver_sifive_uart0_getc
 .text.__metal_driver_sifive_uart0_get_baud_rate
                0x0000000020014608       0x20 F:/HiFive-IoT/Workspace/sifive-hifive1-revb-hello/bsp/install/lib/debug/\libmetal.a(libriscv__mmachine___a-sifive_uart0.o)
                0x0000000020014608                __metal_driver_sifive_uart0_get_baud_rate
 .text.__metal_driver_sifive_uart0_set_baud_rate
                0x0000000020014628       0x9c F:/HiFive-IoT/Workspace/sifive-hifive1-revb-hello/bsp/install/lib/debug/\libmetal.a(libriscv__mmachine___a-sifive_uart0.o)
                0x0000000020014628                __metal_driver_sifive_uart0_set_baud_rate
 .text.pre_rate_change_callback
                0x00000000200146c4       0xd8 F:/HiFive-IoT/Workspace/sifive-hifive1-revb-hello/bsp/install/lib/debug/\libmetal.a(libriscv__mmachine___a-sifive_uart0.o)
 .text.post_rate_change_callback
                0x000000002001479c       0x2e F:/HiFive-IoT/Workspace/sifive-hifive1-revb-hello/bsp/install/lib/debug/\libmetal.a(libriscv__mmachine___a-sifive_uart0.o)
 .text.__metal_driver_sifive_uart0_init
                0x00000000200147ca       0xa8 F:/HiFive-IoT/Workspace/sifive-hifive1-revb-hello/bsp/install/lib/debug/\libmetal.a(libriscv__mmachine___a-sifive_uart0.o)
                0x00000000200147ca                __metal_driver_sifive_uart0_init
 .text.metal_clock_get_rate_hz
                0x0000000020014872       0x26 F:/HiFive-IoT/Workspace/sifive-hifive1-revb-hello/bsp/install/lib/debug/\libmetal.a(libriscv__mmachine___a-clock.o)
                0x0000000020014872                metal_clock_get_rate_hz
 .text.metal_clock_set_rate_hz
                0x0000000020014898       0x64 F:/HiFive-IoT/Workspace/sifive-hifive1-revb-hello/bsp/install/lib/debug/\libmetal.a(libriscv__mmachine___a-clock.o)
                0x0000000020014898                metal_clock_set_rate_hz
 .text.metal_clock_register_pre_rate_change_callback
                0x00000000200148fc       0x2e F:/HiFive-IoT/Workspace/sifive-hifive1-revb-hello/bsp/install/lib/debug/\libmetal.a(libriscv__mmachine___a-clock.o)
                0x00000000200148fc                metal_clock_register_pre_rate_change_callback
 .text.metal_clock_register_post_rate_change_callback
                0x000000002001492a       0x2e F:/HiFive-IoT/Workspace/sifive-hifive1-revb-hello/bsp/install/lib/debug/\libmetal.a(libriscv__mmachine___a-clock.o)
                0x000000002001492a                metal_clock_register_post_rate_change_callback
 .text.metal_cpu_get_timer
                0x0000000020014958       0x2a F:/HiFive-IoT/Workspace/sifive-hifive1-revb-hello/bsp/install/lib/debug/\libmetal.a(libriscv__mmachine___a-cpu.o)
                0x0000000020014958                metal_cpu_get_timer
 .text.metal_cpu_get_timebase
                0x0000000020014982       0x2a F:/HiFive-IoT/Workspace/sifive-hifive1-revb-hello/bsp/install/lib/debug/\libmetal.a(libriscv__mmachine___a-cpu.o)
                0x0000000020014982                metal_cpu_get_timebase
 .text.metal_cpu_interrupt_controller
                0x00000000200149ac       0x26 F:/HiFive-IoT/Workspace/sifive-hifive1-revb-hello/bsp/install/lib/debug/\libmetal.a(libriscv__mmachine___a-cpu.o)
                0x00000000200149ac                metal_cpu_interrupt_controller
 .text.metal_cpu_get
                0x00000000200149d2       0x2c F:/HiFive-IoT/Workspace/sifive-hifive1-revb-hello/bsp/install/lib/debug/\libmetal.a(libriscv__mmachine___a-cpu.o)
                0x00000000200149d2                metal_cpu_get
 .text.metal_shutdown
                0x00000000200149fe        0xe F:/HiFive-IoT/Workspace/sifive-hifive1-revb-hello/bsp/install/lib/debug/\libmetal.a(libriscv__mmachine___a-shutdown.o)
                0x00000000200149fe                metal_shutdown
 .text.metal_uart_init
                0x0000000020014a0c       0x2a F:/HiFive-IoT/Workspace/sifive-hifive1-revb-hello/bsp/install/lib/debug/\libmetal.a(libriscv__mmachine___a-uart.o)
                0x0000000020014a0c                metal_uart_init
 .text.metal_uart_putc
                0x0000000020014a36       0x32 F:/HiFive-IoT/Workspace/sifive-hifive1-revb-hello/bsp/install/lib/debug/\libmetal.a(libriscv__mmachine___a-uart.o)
                0x0000000020014a36                metal_uart_putc
 .text.metal_uart_set_baud_rate
                0x0000000020014a68       0x2e F:/HiFive-IoT/Workspace/sifive-hifive1-revb-hello/bsp/install/lib/debug/\libmetal.a(libriscv__mmachine___a-uart.o)
                0x0000000020014a68                metal_uart_set_baud_rate
 .text.__metal_driver_fixed_clock_rate
                0x0000000020014a96       0x62 F:/HiFive-IoT/Workspace/sifive-hifive1-revb-hello/bsp/install/lib/debug/\libmetal.a(libriscv__mmachine___a-fixed-clock.o)
 .text.__metal_driver_fixed_clock_get_rate_hz
                0x0000000020014af8       0x1e F:/HiFive-IoT/Workspace/sifive-hifive1-revb-hello/bsp/install/lib/debug/\libmetal.a(libriscv__mmachine___a-fixed-clock.o)
                0x0000000020014af8                __metal_driver_fixed_clock_get_rate_hz
 .text.__metal_driver_fixed_clock_set_rate_hz
                0x0000000020014b16       0x22 F:/HiFive-IoT/Workspace/sifive-hifive1-revb-hello/bsp/install/lib/debug/\libmetal.a(libriscv__mmachine___a-fixed-clock.o)
                0x0000000020014b16                __metal_driver_fixed_clock_set_rate_hz
 .text._synchronize_harts
                0x0000000020014b38        0xe F:/HiFive-IoT/Workspace/sifive-hifive1-revb-hello/bsp/install/lib/debug/\libmetal-gloss.a(synchronize_harts.o)
                0x0000000020014b38                _synchronize_harts
 .text._close   0x0000000020014b46       0x22 F:/HiFive-IoT/Workspace/sifive-hifive1-revb-hello/bsp/install/lib/debug/\libmetal-gloss.a(sys_close.o)
                0x0000000020014b46                _close
 .text._fstat   0x0000000020014b68       0x26 F:/HiFive-IoT/Workspace/sifive-hifive1-revb-hello/bsp/install/lib/debug/\libmetal-gloss.a(sys_fstat.o)
                0x0000000020014b68                _fstat
 .text._isatty  0x0000000020014b8e       0x20 F:/HiFive-IoT/Workspace/sifive-hifive1-revb-hello/bsp/install/lib/debug/\libmetal-gloss.a(sys_isatty.o)
                0x0000000020014b8e                _isatty
 .text._lseek   0x0000000020014bae       0x2a F:/HiFive-IoT/Workspace/sifive-hifive1-revb-hello/bsp/install/lib/debug/\libmetal-gloss.a(sys_lseek.o)
                0x0000000020014bae                _lseek
 .text._read    0x0000000020014bd8       0x2a F:/HiFive-IoT/Workspace/sifive-hifive1-revb-hello/bsp/install/lib/debug/\libmetal-gloss.a(sys_read.o)
                0x0000000020014bd8                _read
 .text._sbrk    0x0000000020014c02       0x58 F:/HiFive-IoT/Workspace/sifive-hifive1-revb-hello/bsp/install/lib/debug/\libmetal-gloss.a(sys_sbrk.o)
                0x0000000020014c02                _sbrk
 .text._times   0x0000000020014c5a      0x16e F:/HiFive-IoT/Workspace/sifive-hifive1-revb-hello/bsp/install/lib/debug/\libmetal-gloss.a(sys_times.o)
                0x0000000020014c5a                _times
 .text._write   0x0000000020014dc8       0x70 F:/HiFive-IoT/Workspace/sifive-hifive1-revb-hello/bsp/install/lib/debug/\libmetal-gloss.a(sys_write.o)
                0x0000000020014dc8                _write
 .text._gettimeofday
                0x0000000020014e38       0xe8 F:/HiFive-IoT/Workspace/sifive-hifive1-revb-hello/bsp/install/lib/debug/\libmetal-gloss.a(sys_gettimeofday.o)
                0x0000000020014e38                _gettimeofday
 .text.atexit   0x0000000020014f20        0xa f:/hifive-iot/freedomstudio-4.7.2.2019-05-0-win32.win32.x86_64/sifive/riscv64-unknown-elf-gcc/riscv64-unknown-elf-gcc-8.2.0-2019.05.3/bin/../lib/gcc/riscv64-unknown-elf/8.2.0/../../../../riscv64-unknown-elf/lib/rv32imac/ilp32\libc_nano.a(lib_a-atexit.o)
                0x0000000020014f20                atexit
 .text.__errno  0x0000000020014f2a        0x8 f:/hifive-iot/freedomstudio-4.7.2.2019-05-0-win32.win32.x86_64/sifive/riscv64-unknown-elf-gcc/riscv64-unknown-elf-gcc-8.2.0-2019.05.3/bin/../lib/gcc/riscv64-unknown-elf/8.2.0/../../../../riscv64-unknown-elf/lib/rv32imac/ilp32\libc_nano.a(lib_a-errno.o)
                0x0000000020014f2a                __errno
 .text.exit     0x0000000020014f32       0x28 f:/hifive-iot/freedomstudio-4.7.2.2019-05-0-win32.win32.x86_64/sifive/riscv64-unknown-elf-gcc/riscv64-unknown-elf-gcc-8.2.0-2019.05.3/bin/../lib/gcc/riscv64-unknown-elf/8.2.0/../../../../riscv64-unknown-elf/lib/rv32imac/ilp32\libc_nano.a(lib_a-exit.o)
                0x0000000020014f32                exit
 .text.__libc_fini_array
                0x0000000020014f5a       0x3a f:/hifive-iot/freedomstudio-4.7.2.2019-05-0-win32.win32.x86_64/sifive/riscv64-unknown-elf-gcc/riscv64-unknown-elf-gcc-8.2.0-2019.05.3/bin/../lib/gcc/riscv64-unknown-elf/8.2.0/../../../../riscv64-unknown-elf/lib/rv32imac/ilp32\libc_nano.a(lib_a-fini.o)
                0x0000000020014f5a                __libc_fini_array
 .text.__libc_init_array
                0x0000000020014f94       0x6e f:/hifive-iot/freedomstudio-4.7.2.2019-05-0-win32.win32.x86_64/sifive/riscv64-unknown-elf-gcc/riscv64-unknown-elf-gcc-8.2.0-2019.05.3/bin/../lib/gcc/riscv64-unknown-elf/8.2.0/../../../../riscv64-unknown-elf/lib/rv32imac/ilp32\libc_nano.a(lib_a-init.o)
                0x0000000020014f94                __libc_init_array
 .text.time     0x0000000020015002       0x32 f:/hifive-iot/freedomstudio-4.7.2.2019-05-0-win32.win32.x86_64/sifive/riscv64-unknown-elf-gcc/riscv64-unknown-elf-gcc-8.2.0-2019.05.3/bin/../lib/gcc/riscv64-unknown-elf/8.2.0/../../../../riscv64-unknown-elf/lib/rv32imac/ilp32\libc_nano.a(lib_a-time.o)
                0x0000000020015002                time
 .text.__register_exitproc
                0x0000000020015034       0x84 f:/hifive-iot/freedomstudio-4.7.2.2019-05-0-win32.win32.x86_64/sifive/riscv64-unknown-elf-gcc/riscv64-unknown-elf-gcc-8.2.0-2019.05.3/bin/../lib/gcc/riscv64-unknown-elf/8.2.0/../../../../riscv64-unknown-elf/lib/rv32imac/ilp32\libc_nano.a(lib_a-__atexit.o)
                0x0000000020015034                __register_exitproc
 .text.__call_exitprocs
                0x00000000200150b8       0xc8 f:/hifive-iot/freedomstudio-4.7.2.2019-05-0-win32.win32.x86_64/sifive/riscv64-unknown-elf-gcc/riscv64-unknown-elf-gcc-8.2.0-2019.05.3/bin/../lib/gcc/riscv64-unknown-elf/8.2.0/../../../../riscv64-unknown-elf/lib/rv32imac/ilp32\libc_nano.a(lib_a-__call_atexit.o)
                0x00000000200150b8                __call_exitprocs
 .text._gettimeofday_r
                0x0000000020015180       0x2c f:/hifive-iot/freedomstudio-4.7.2.2019-05-0-win32.win32.x86_64/sifive/riscv64-unknown-elf-gcc/riscv64-unknown-elf-gcc-8.2.0-2019.05.3/bin/../lib/gcc/riscv64-unknown-elf/8.2.0/../../../../riscv64-unknown-elf/lib/rv32imac/ilp32\libc_nano.a(lib_a-gettimeofdayr.o)
                0x0000000020015180                _gettimeofday_r
 .text          0x00000000200151ac      0x35e f:/hifive-iot/freedomstudio-4.7.2.2019-05-0-win32.win32.x86_64/sifive/riscv64-unknown-elf-gcc/riscv64-unknown-elf-gcc-8.2.0-2019.05.3/bin/../lib/gcc/riscv64-unknown-elf/8.2.0/rv32imac/ilp32\libgcc.a(_udivdi3.o)
                0x00000000200151ac                __udivdi3
 .text          0x000000002001550a      0x352 f:/hifive-iot/freedomstudio-4.7.2.2019-05-0-win32.win32.x86_64/sifive/riscv64-unknown-elf-gcc/riscv64-unknown-elf-gcc-8.2.0-2019.05.3/bin/../lib/gcc/riscv64-unknown-elf/8.2.0/rv32imac/ilp32\libgcc.a(_umoddi3.o)
                0x000000002001550a                __umoddi3
 .text.metal_timer_get_cyclecount
                0x000000002001585c       0x48 F:/HiFive-IoT/Workspace/sifive-hifive1-revb-hello/bsp/install/lib/debug/\libmetal.a(libriscv__mmachine___a-timer.o)
                0x000000002001585c                metal_timer_get_cyclecount
 .text.metal_timer_get_timebase_frequency
                0x00000000200158a4       0x48 F:/HiFive-IoT/Workspace/sifive-hifive1-revb-hello/bsp/install/lib/debug/\libmetal.a(libriscv__mmachine___a-timer.o)
                0x00000000200158a4                metal_timer_get_timebase_frequency
 .text.metal_tty_putc
                0x00000000200158ec       0x4c F:/HiFive-IoT/Workspace/sifive-hifive1-revb-hello/bsp/install/lib/debug/\libmetal.a(libriscv__mmachine___a-tty.o)
                0x00000000200158ec                metal_tty_putc
 .text.metal_tty_init
                0x0000000020015938       0x20 F:/HiFive-IoT/Workspace/sifive-hifive1-revb-hello/bsp/install/lib/debug/\libmetal.a(libriscv__mmachine___a-tty.o)
 .text._exit    0x0000000020015958       0x14 F:/HiFive-IoT/Workspace/sifive-hifive1-revb-hello/bsp/install/lib/debug/\libmetal-gloss.a(sys_exit.o)
                0x0000000020015958                _exit
 *(.itim .itim.*)
 *(.gnu.linkonce.t.*)

.fini
 *(SORT_NONE(.fini))
                [!provide]                        PROVIDE (__etext = .)
                [!provide]                        PROVIDE (_etext = .)
                [!provide]                        PROVIDE (etext = .)

.rodata         0x000000002001596c      0xd64
 *(.rdata)
 *(.rodata .rodata.*)
 .rodata        0x000000002001596c       0xd4 C:\Users\maitr\AppData\Local\Temp\ccrYcQuv.o
 .rodata.__sf_fake_stderr
                0x0000000020015a40       0x20 f:/hifive-iot/freedomstudio-4.7.2.2019-05-0-win32.win32.x86_64/sifive/riscv64-unknown-elf-gcc/riscv64-unknown-elf-gcc-8.2.0-2019.05.3/bin/../lib/gcc/riscv64-unknown-elf/8.2.0/../../../../riscv64-unknown-elf/lib/rv32imac/ilp32\libc_nano.a(lib_a-findfp.o)
                0x0000000020015a40                __sf_fake_stderr
 .rodata.__sf_fake_stdin
                0x0000000020015a60       0x20 f:/hifive-iot/freedomstudio-4.7.2.2019-05-0-win32.win32.x86_64/sifive/riscv64-unknown-elf-gcc/riscv64-unknown-elf-gcc-8.2.0-2019.05.3/bin/../lib/gcc/riscv64-unknown-elf/8.2.0/../../../../riscv64-unknown-elf/lib/rv32imac/ilp32\libc_nano.a(lib_a-findfp.o)
                0x0000000020015a60                __sf_fake_stdin
 .rodata.__sf_fake_stdout
                0x0000000020015a80       0x20 f:/hifive-iot/freedomstudio-4.7.2.2019-05-0-win32.win32.x86_64/sifive/riscv64-unknown-elf-gcc/riscv64-unknown-elf-gcc-8.2.0-2019.05.3/bin/../lib/gcc/riscv64-unknown-elf/8.2.0/../../../../riscv64-unknown-elf/lib/rv32imac/ilp32\libc_nano.a(lib_a-findfp.o)
                0x0000000020015a80                __sf_fake_stdout
 .rodata._vfprintf_r.str1.4
                0x0000000020015aa0       0x13 f:/hifive-iot/freedomstudio-4.7.2.2019-05-0-win32.win32.x86_64/sifive/riscv64-unknown-elf-gcc/riscv64-unknown-elf-gcc-8.2.0-2019.05.3/bin/../lib/gcc/riscv64-unknown-elf/8.2.0/../../../../riscv64-unknown-elf/lib/rv32imac/ilp32\libc_nano.a(lib_a-nano-vfprintf.o)
 *fill*         0x0000000020015ab3        0x1 
 .rodata._printf_i.str1.4
                0x0000000020015ab4       0x28 f:/hifive-iot/freedomstudio-4.7.2.2019-05-0-win32.win32.x86_64/sifive/riscv64-unknown-elf-gcc/riscv64-unknown-elf-gcc-8.2.0-2019.05.3/bin/../lib/gcc/riscv64-unknown-elf/8.2.0/../../../../riscv64-unknown-elf/lib/rv32imac/ilp32\libc_nano.a(lib_a-nano-vfprintf_i.o)
                                         0x25 (size before relaxing)
 .rodata.__metal_driver_vtable_riscv_clint0
                0x0000000020015adc       0x20 F:/HiFive-IoT/Workspace/sifive-hifive1-revb-hello/bsp/install/lib/debug/\libmetal.a(libriscv__mmachine___a-riscv_clint0.o)
                0x0000000020015adc                __metal_driver_vtable_riscv_clint0
 .rodata.__metal_valid_interrupt_id
                0x0000000020015afc       0x74 F:/HiFive-IoT/Workspace/sifive-hifive1-revb-hello/bsp/install/lib/debug/\libmetal.a(libriscv__mmachine___a-riscv_cpu.o)
 .rodata.__metal_local_interrupt_enable
                0x0000000020015b70       0x80 F:/HiFive-IoT/Workspace/sifive-hifive1-revb-hello/bsp/install/lib/debug/\libmetal.a(libriscv__mmachine___a-riscv_cpu.o)
 .rodata.__metal_driver_riscv_cpu_controller_interrupt_register
                0x0000000020015bf0       0x74 F:/HiFive-IoT/Workspace/sifive-hifive1-revb-hello/bsp/install/lib/debug/\libmetal.a(libriscv__mmachine___a-riscv_cpu.o)
 .rodata.__metal_driver_vtable_riscv_cpu_intc
                0x0000000020015c64       0x20 F:/HiFive-IoT/Workspace/sifive-hifive1-revb-hello/bsp/install/lib/debug/\libmetal.a(libriscv__mmachine___a-riscv_cpu.o)
                0x0000000020015c64                __metal_driver_vtable_riscv_cpu_intc
 .rodata.__metal_driver_vtable_cpu
                0x0000000020015c84       0x40 F:/HiFive-IoT/Workspace/sifive-hifive1-revb-hello/bsp/install/lib/debug/\libmetal.a(libriscv__mmachine___a-riscv_cpu.o)
                0x0000000020015c84                __metal_driver_vtable_cpu
 .rodata.__metal_driver_vtable_riscv_plic0
                0x0000000020015cc4       0x20 F:/HiFive-IoT/Workspace/sifive-hifive1-revb-hello/bsp/install/lib/debug/\libmetal.a(libriscv__mmachine___a-riscv_plic0.o)
                0x0000000020015cc4                __metal_driver_vtable_riscv_plic0
 .rodata.pll_configs
                0x0000000020015ce4      0x880 F:/HiFive-IoT/Workspace/sifive-hifive1-revb-hello/bsp/install/lib/debug/\libmetal.a(libriscv__mmachine___a-sifive_fe310-g000_pll.o)
 .rodata.__metal_driver_vtable_sifive_fe310_g000_pll
                0x0000000020016564        0xc F:/HiFive-IoT/Workspace/sifive-hifive1-revb-hello/bsp/install/lib/debug/\libmetal.a(libriscv__mmachine___a-sifive_fe310-g000_pll.o)
                0x0000000020016564                __metal_driver_vtable_sifive_fe310_g000_pll
 .rodata.__metal_driver_vtable_sifive_gpio0
                0x0000000020016570       0x1c F:/HiFive-IoT/Workspace/sifive-hifive1-revb-hello/bsp/install/lib/debug/\libmetal.a(libriscv__mmachine___a-sifive_gpio0.o)
                0x0000000020016570                __metal_driver_vtable_sifive_gpio0
 .rodata.__metal_driver_vtable_sifive_spi0
                0x000000002001658c       0x10 F:/HiFive-IoT/Workspace/sifive-hifive1-revb-hello/bsp/install/lib/debug/\libmetal.a(libriscv__mmachine___a-sifive_spi0.o)
                0x000000002001658c                __metal_driver_vtable_sifive_spi0
 .rodata.__metal_driver_vtable_sifive_uart0
                0x000000002001659c       0x1c F:/HiFive-IoT/Workspace/sifive-hifive1-revb-hello/bsp/install/lib/debug/\libmetal.a(libriscv__mmachine___a-sifive_uart0.o)
                0x000000002001659c                __metal_driver_vtable_sifive_uart0
 .rodata.libgloss.start
                0x00000000200165b8       0x11 F:/HiFive-IoT/Workspace/sifive-hifive1-revb-hello/bsp/install/lib/debug/\libmetal-gloss.a(crt0.o)
 *fill*         0x00000000200165c9        0x3 
 .rodata        0x00000000200165cc      0x100 f:/hifive-iot/freedomstudio-4.7.2.2019-05-0-win32.win32.x86_64/sifive/riscv64-unknown-elf-gcc/riscv64-unknown-elf-gcc-8.2.0-2019.05.3/bin/../lib/gcc/riscv64-unknown-elf/8.2.0/rv32imac/ilp32\libgcc.a(_clz.o)
                0x00000000200165cc                __clz_tab
 *(.gnu.linkonce.r.*)
                0x00000000200166d0                . = ALIGN (0x8)
 *fill*         0x00000000200166cc        0x4 
 *(.srodata.cst16)
 *(.srodata.cst8)
 *(.srodata.cst4)
 *(.srodata.cst2)
 *(.srodata .srodata.*)

.rela.dyn       0x00000000200166d0        0x0
 .rela.text.main
                0x00000000200166d0        0x0 C:\Users\maitr\AppData\Local\Temp\ccrYcQuv.o
 .rela.text._vfprintf_r
                0x00000000200166d0        0x0 C:\Users\maitr\AppData\Local\Temp\ccrYcQuv.o
 .rela.text._sbrk_r
                0x00000000200166d0        0x0 C:\Users\maitr\AppData\Local\Temp\ccrYcQuv.o
 .rela.text._write_r
                0x00000000200166d0        0x0 C:\Users\maitr\AppData\Local\Temp\ccrYcQuv.o
 .rela.text._close_r
                0x00000000200166d0        0x0 C:\Users\maitr\AppData\Local\Temp\ccrYcQuv.o
 .rela.text._fstat_r
                0x00000000200166d0        0x0 C:\Users\maitr\AppData\Local\Temp\ccrYcQuv.o
 .rela.text._isatty_r
                0x00000000200166d0        0x0 C:\Users\maitr\AppData\Local\Temp\ccrYcQuv.o
 .rela.text._lseek_r
                0x00000000200166d0        0x0 C:\Users\maitr\AppData\Local\Temp\ccrYcQuv.o
 .rela.text._read_r
                0x00000000200166d0        0x0 C:\Users\maitr\AppData\Local\Temp\ccrYcQuv.o
 .rela.text.metal.init.enter
                0x00000000200166d0        0x0 C:\Users\maitr\AppData\Local\Temp\ccrYcQuv.o
 .rela.text.metal_gpio_get_device
                0x00000000200166d0        0x0 C:\Users\maitr\AppData\Local\Temp\ccrYcQuv.o
 .rela.text.metal_spi_get_device
                0x00000000200166d0        0x0 C:\Users\maitr\AppData\Local\Temp\ccrYcQuv.o
 .rela.text.__metal_driver_cpu_get
                0x00000000200166d0        0x0 C:\Users\maitr\AppData\Local\Temp\ccrYcQuv.o
 .rela.text.__metal_default_sw_handler
                0x00000000200166d0        0x0 C:\Users\maitr\AppData\Local\Temp\ccrYcQuv.o
 .rela.text.__metal_exception_handler
                0x00000000200166d0        0x0 C:\Users\maitr\AppData\Local\Temp\ccrYcQuv.o
 .rela.text.metal_cpu_get
                0x00000000200166d0        0x0 C:\Users\maitr\AppData\Local\Temp\ccrYcQuv.o
 .rela.text.libgloss.start
                0x00000000200166d0        0x0 C:\Users\maitr\AppData\Local\Temp\ccrYcQuv.o
 .rela.sdata.brk
                0x00000000200166d0        0x0 C:\Users\maitr\AppData\Local\Temp\ccrYcQuv.o
 .rela.text._sbrk
                0x00000000200166d0        0x0 C:\Users\maitr\AppData\Local\Temp\ccrYcQuv.o
 .rela.text.__libc_fini_array
                0x00000000200166d0        0x0 C:\Users\maitr\AppData\Local\Temp\ccrYcQuv.o
 .rela.text.__libc_init_array
                0x00000000200166d0        0x0 C:\Users\maitr\AppData\Local\Temp\ccrYcQuv.o
 .rela.text.__register_exitproc
                0x00000000200166d0        0x0 C:\Users\maitr\AppData\Local\Temp\ccrYcQuv.o
 .rela.text.startup.register_fini
                0x00000000200166d0        0x0 C:\Users\maitr\AppData\Local\Temp\ccrYcQuv.o
 .rela.text._gettimeofday_r
                0x00000000200166d0        0x0 C:\Users\maitr\AppData\Local\Temp\ccrYcQuv.o
                0x00000000200166d0                . = ALIGN (0x4)

.preinit_array  0x00000000200166d0        0x0
                0x00000000200166d0                PROVIDE (__preinit_array_start = .)
 *(.preinit_array)
                0x00000000200166d0                PROVIDE (__preinit_array_end = .)

.init_array     0x00000000200166d0       0x10
                0x00000000200166d0                PROVIDE (__init_array_start = .)
 *(SORT_BY_INIT_PRIORITY(.init_array.*) SORT_BY_INIT_PRIORITY(.ctors.*))
 .init_array.00000
                0x00000000200166d0        0x4 f:/hifive-iot/freedomstudio-4.7.2.2019-05-0-win32.win32.x86_64/sifive/riscv64-unknown-elf-gcc/riscv64-unknown-elf-gcc-8.2.0-2019.05.3/bin/../lib/gcc/riscv64-unknown-elf/8.2.0/../../../../riscv64-unknown-elf/lib/rv32imac/ilp32\libc_nano.a(lib_a-__call_atexit.o)
 *(.init_array EXCLUDE_FILE(*crtend?.o *crtend.o *crtbegin?.o *crtbegin.o) .ctors)
 .init_array    0x00000000200166d4        0x8 F:/HiFive-IoT/Workspace/sifive-hifive1-revb-hello/bsp/install/lib/debug/\libmetal.a(libriscv__mmachine___a-sifive_fe310-g000_pll.o)
 .init_array    0x00000000200166dc        0x4 F:/HiFive-IoT/Workspace/sifive-hifive1-revb-hello/bsp/install/lib/debug/\libmetal.a(libriscv__mmachine___a-tty.o)
                0x00000000200166e0                PROVIDE (__init_array_end = .)

.fini_array     0x00000000200166e0        0x0
                0x00000000200166e0                PROVIDE (__fini_array_start = .)
 *(SORT_BY_INIT_PRIORITY(.fini_array.*) SORT_BY_INIT_PRIORITY(.dtors.*))
 *(.fini_array EXCLUDE_FILE(*crtend?.o *crtend.o *crtbegin?.o *crtbegin.o) .dtors)
                0x00000000200166e0                PROVIDE (__fini_array_end = .)

.ctors
 *crtbegin.o(.ctors)
 *crtbegin?.o(.ctors)
 *(EXCLUDE_FILE(*crtend?.o *crtend.o) .ctors)
 *(SORT_BY_NAME(.ctors.*))
 *(.ctors)

.dtors
 *crtbegin.o(.dtors)
 *crtbegin?.o(.dtors)
 *(EXCLUDE_FILE(*crtend?.o *crtend.o) .dtors)
 *(SORT_BY_NAME(.dtors.*))
 *(.dtors)

.litimalign     0x00000000200166e0        0x0
                0x00000000200166e0                . = ALIGN (0x4)
                0x00000000200166e0                PROVIDE (metal_segment_itim_source_start = .)

.ditimalign     0x0000000080000000        0x0 load address 0x00000000200166e0
                0x0000000080000000                . = ALIGN (0x4)
                0x0000000080000000                PROVIDE (metal_segment_itim_target_start = .)

.itim
 *(.itim .itim.*)
                0x0000000080000000                . = ALIGN (0x8)
                0x0000000080000000                PROVIDE (metal_segment_itim_target_end = .)

.lalign         0x00000000200166e0        0x0
                0x00000000200166e0                . = ALIGN (0x4)
                [!provide]                        PROVIDE (_data_lma = .)
                0x00000000200166e0                PROVIDE (metal_segment_data_source_start = .)

.dalign         0x0000000080000000        0x0 load address 0x00000000200166e0
                0x0000000080000000                . = ALIGN (0x4)
                0x0000000080000000                PROVIDE (metal_segment_data_target_start = .)

.data           0x0000000080000000      0x804 load address 0x00000000200166e0
 *(.data .data.*)
 .data.impure_data
                0x0000000080000000       0x60 f:/hifive-iot/freedomstudio-4.7.2.2019-05-0-win32.win32.x86_64/sifive/riscv64-unknown-elf-gcc/riscv64-unknown-elf-gcc-8.2.0-2019.05.3/bin/../lib/gcc/riscv64-unknown-elf/8.2.0/../../../../riscv64-unknown-elf/lib/rv32imac/ilp32\libc_nano.a(lib_a-impure.o)
 .data.__metal_dt_clock_0
                0x0000000080000060       0x14 F:/HiFive-IoT/Workspace/sifive-hifive1-revb-hello/bsp/install/lib/debug/\libmetal.a(libriscv__mmachine___a-inline.o)
                0x0000000080000060                __metal_dt_clock_0
 .data.__metal_dt_clock_2
                0x0000000080000074       0x14 F:/HiFive-IoT/Workspace/sifive-hifive1-revb-hello/bsp/install/lib/debug/\libmetal.a(libriscv__mmachine___a-inline.o)
                0x0000000080000074                __metal_dt_clock_2
 .data.__metal_dt_clock_5
                0x0000000080000088       0x14 F:/HiFive-IoT/Workspace/sifive-hifive1-revb-hello/bsp/install/lib/debug/\libmetal.a(libriscv__mmachine___a-inline.o)
                0x0000000080000088                __metal_dt_clock_5
 *fill*         0x000000008000009c        0x4 
 .data.__metal_dt_cpu_0_interrupt_controller
                0x00000000800000a0      0x3b8 F:/HiFive-IoT/Workspace/sifive-hifive1-revb-hello/bsp/install/lib/debug/\libmetal.a(libriscv__mmachine___a-inline.o)
                0x00000000800000a0                __metal_dt_cpu_0_interrupt_controller
 .data.__metal_dt_interrupt_controller_c000000
                0x0000000080000458      0x300 F:/HiFive-IoT/Workspace/sifive-hifive1-revb-hello/bsp/install/lib/debug/\libmetal.a(libriscv__mmachine___a-inline.o)
                0x0000000080000458                __metal_dt_interrupt_controller_c000000
 .data.__metal_dt_clock_3
                0x0000000080000758       0x14 F:/HiFive-IoT/Workspace/sifive-hifive1-revb-hello/bsp/install/lib/debug/\libmetal.a(libriscv__mmachine___a-inline.o)
                0x0000000080000758                __metal_dt_clock_3
 .data.__metal_dt_clock_1
                0x000000008000076c       0x14 F:/HiFive-IoT/Workspace/sifive-hifive1-revb-hello/bsp/install/lib/debug/\libmetal.a(libriscv__mmachine___a-inline.o)
                0x000000008000076c                __metal_dt_clock_1
 .data.__metal_dt_clock_4
                0x0000000080000780       0x14 F:/HiFive-IoT/Workspace/sifive-hifive1-revb-hello/bsp/install/lib/debug/\libmetal.a(libriscv__mmachine___a-inline.o)
                0x0000000080000780                __metal_dt_clock_4
 *(.gnu.linkonce.d.*)
                0x0000000080000798                . = ALIGN (0x8)
 *fill*         0x0000000080000794        0x4 
                0x0000000080000f98                PROVIDE (__global_pointer$ = (. + 0x800))
 *(.sdata .sdata.* .sdata2.*)
 .sdata.txdata  0x0000000080000798        0x4 C:\Users\maitr\AppData\Local\Temp\ccrYcQuv.o
                0x0000000080000798                txdata
 .sdata.rxdata  0x000000008000079c        0x4 C:\Users\maitr\AppData\Local\Temp\ccrYcQuv.o
                0x000000008000079c                rxdata
 .sdata.csmode  0x00000000800007a0        0x4 C:\Users\maitr\AppData\Local\Temp\ccrYcQuv.o
                0x00000000800007a0                csmode
 .sdata.csdef   0x00000000800007a4        0x4 C:\Users\maitr\AppData\Local\Temp\ccrYcQuv.o
                0x00000000800007a4                csdef
 .sdata.delay0  0x00000000800007a8        0x4 C:\Users\maitr\AppData\Local\Temp\ccrYcQuv.o
                0x00000000800007a8                delay0
 .sdata._impure_ptr
                0x00000000800007ac        0x4 f:/hifive-iot/freedomstudio-4.7.2.2019-05-0-win32.win32.x86_64/sifive/riscv64-unknown-elf-gcc/riscv64-unknown-elf-gcc-8.2.0-2019.05.3/bin/../lib/gcc/riscv64-unknown-elf/8.2.0/../../../../riscv64-unknown-elf/lib/rv32imac/ilp32\libc_nano.a(lib_a-impure.o)
                0x00000000800007ac                _impure_ptr
 .sdata2._global_impure_ptr
                0x00000000800007b0        0x4 f:/hifive-iot/freedomstudio-4.7.2.2019-05-0-win32.win32.x86_64/sifive/riscv64-unknown-elf-gcc/riscv64-unknown-elf-gcc-8.2.0-2019.05.3/bin/../lib/gcc/riscv64-unknown-elf/8.2.0/../../../../riscv64-unknown-elf/lib/rv32imac/ilp32\libc_nano.a(lib_a-impure.o)
                0x00000000800007b0                _global_impure_ptr
 .sdata.__metal_cpu_table
                0x00000000800007b4        0x4 F:/HiFive-IoT/Workspace/sifive-hifive1-revb-hello/bsp/install/lib/debug/\libmetal.a(libriscv__mmachine___a-gpio.o)
                0x00000000800007b4                __metal_cpu_table
 .sdata.__metal_gpio_table
                0x00000000800007b8        0x4 F:/HiFive-IoT/Workspace/sifive-hifive1-revb-hello/bsp/install/lib/debug/\libmetal.a(libriscv__mmachine___a-gpio.o)
                0x00000000800007b8                __metal_gpio_table
 .sdata.__metal_spi_table
                0x00000000800007bc        0x4 F:/HiFive-IoT/Workspace/sifive-hifive1-revb-hello/bsp/install/lib/debug/\libmetal.a(libriscv__mmachine___a-gpio.o)
                0x00000000800007bc                __metal_spi_table
 .sdata.__metal_dt_clint_2000000
                0x00000000800007c0        0x8 F:/HiFive-IoT/Workspace/sifive-hifive1-revb-hello/bsp/install/lib/debug/\libmetal.a(libriscv__mmachine___a-inline.o)
                0x00000000800007c0                __metal_dt_clint_2000000
 .sdata.__metal_dt_cpu_0
                0x00000000800007c8        0x4 F:/HiFive-IoT/Workspace/sifive-hifive1-revb-hello/bsp/install/lib/debug/\libmetal.a(libriscv__mmachine___a-inline.o)
                0x00000000800007c8                __metal_dt_cpu_0
 .sdata.__metal_dt_gpio_10012000
                0x00000000800007cc        0x4 F:/HiFive-IoT/Workspace/sifive-hifive1-revb-hello/bsp/install/lib/debug/\libmetal.a(libriscv__mmachine___a-inline.o)
                0x00000000800007cc                __metal_dt_gpio_10012000
 .sdata.__metal_dt_spi_10014000
                0x00000000800007d0        0x8 F:/HiFive-IoT/Workspace/sifive-hifive1-revb-hello/bsp/install/lib/debug/\libmetal.a(libriscv__mmachine___a-inline.o)
                0x00000000800007d0                __metal_dt_spi_10014000
 .sdata.__metal_dt_serial_10013000
                0x00000000800007d8        0x8 F:/HiFive-IoT/Workspace/sifive-hifive1-revb-hello/bsp/install/lib/debug/\libmetal.a(libriscv__mmachine___a-inline.o)
                0x00000000800007d8                __metal_dt_serial_10013000
 .sdata2.__metal_driver_vtable_sifive_fe310_g000_hfrosc
                0x00000000800007e0        0x8 F:/HiFive-IoT/Workspace/sifive-hifive1-revb-hello/bsp/install/lib/debug/\libmetal.a(libriscv__mmachine___a-sifive_fe310-g000_hfrosc.o)
                0x00000000800007e0                __metal_driver_vtable_sifive_fe310_g000_hfrosc
 .sdata2.__metal_driver_vtable_sifive_fe310_g000_hfxosc
                0x00000000800007e8        0x8 F:/HiFive-IoT/Workspace/sifive-hifive1-revb-hello/bsp/install/lib/debug/\libmetal.a(libriscv__mmachine___a-sifive_fe310-g000_hfxosc.o)
                0x00000000800007e8                __metal_driver_vtable_sifive_fe310_g000_hfxosc
 .sdata2.__metal_driver_vtable_sifive_fe310_g000_prci
                0x00000000800007f0        0x8 F:/HiFive-IoT/Workspace/sifive-hifive1-revb-hello/bsp/install/lib/debug/\libmetal.a(libriscv__mmachine___a-sifive_fe310-g000_prci.o)
                0x00000000800007f0                __metal_driver_vtable_sifive_fe310_g000_prci
 .sdata2.__metal_driver_vtable_fixed_clock
                0x00000000800007f8        0x8 F:/HiFive-IoT/Workspace/sifive-hifive1-revb-hello/bsp/install/lib/debug/\libmetal.a(libriscv__mmachine___a-fixed-clock.o)
                0x00000000800007f8                __metal_driver_vtable_fixed_clock
 .sdata.brk     0x0000000080000800        0x4 F:/HiFive-IoT/Workspace/sifive-hifive1-revb-hello/bsp/install/lib/debug/\libmetal-gloss.a(sys_sbrk.o)
 *(.gnu.linkonce.s.*)
                0x0000000080000804                . = ALIGN (0x4)
                [!provide]                        PROVIDE (_edata = .)
                [!provide]                        PROVIDE (edata = .)
                0x0000000080000804                PROVIDE (metal_segment_data_target_end = .)
                [!provide]                        PROVIDE (_fbss = .)
                [!provide]                        PROVIDE (__bss_start = .)
                0x0000000080000804                PROVIDE (metal_segment_bss_target_start = .)

.bss            0x0000000080000808       0xbc
 *(.sbss*)
 .sbss.__malloc_free_list
                0x0000000080000808        0x4 f:/hifive-iot/freedomstudio-4.7.2.2019-05-0-win32.win32.x86_64/sifive/riscv64-unknown-elf-gcc/riscv64-unknown-elf-gcc-8.2.0-2019.05.3/bin/../lib/gcc/riscv64-unknown-elf/8.2.0/../../../../riscv64-unknown-elf/lib/rv32imac/ilp32\libc_nano.a(lib_a-nano-mallocr.o)
                0x0000000080000808                __malloc_free_list
 .sbss.__malloc_sbrk_start
                0x000000008000080c        0x4 f:/hifive-iot/freedomstudio-4.7.2.2019-05-0-win32.win32.x86_64/sifive/riscv64-unknown-elf-gcc/riscv64-unknown-elf-gcc-8.2.0-2019.05.3/bin/../lib/gcc/riscv64-unknown-elf/8.2.0/../../../../riscv64-unknown-elf/lib/rv32imac/ilp32\libc_nano.a(lib_a-nano-mallocr.o)
                0x000000008000080c                __malloc_sbrk_start
 .sbss._global_atexit
                0x0000000080000810        0x4 f:/hifive-iot/freedomstudio-4.7.2.2019-05-0-win32.win32.x86_64/sifive/riscv64-unknown-elf-gcc/riscv64-unknown-elf-gcc-8.2.0-2019.05.3/bin/../lib/gcc/riscv64-unknown-elf/8.2.0/../../../../riscv64-unknown-elf/lib/rv32imac/ilp32\libc_nano.a(lib_a-__call_atexit.o)
                0x0000000080000810                _global_atexit
 *(.gnu.linkonce.sb.*)
 *(.bss .bss.*)
 .bss.__metal_dt_prci_10008000
                0x0000000080000814        0x0 F:/HiFive-IoT/Workspace/sifive-hifive1-revb-hello/bsp/install/lib/debug/\libmetal.a(libriscv__mmachine___a-inline.o)
                0x0000000080000814                __metal_dt_prci_10008000
 *fill*         0x0000000080000814        0x4 
 .bss.t0.2031   0x0000000080000818       0x10 F:/HiFive-IoT/Workspace/sifive-hifive1-revb-hello/bsp/install/lib/debug/\libmetal-gloss.a(sys_times.o)
 .bss._global_atexit0
                0x0000000080000828       0x8c f:/hifive-iot/freedomstudio-4.7.2.2019-05-0-win32.win32.x86_64/sifive/riscv64-unknown-elf-gcc/riscv64-unknown-elf-gcc-8.2.0-2019.05.3/bin/../lib/gcc/riscv64-unknown-elf/8.2.0/../../../../riscv64-unknown-elf/lib/rv32imac/ilp32\libc_nano.a(lib_a-__atexit.o)
 *(.gnu.linkonce.b.*)
 *(COMMON)
 COMMON         0x00000000800008b4        0xc C:\Users\maitr\AppData\Local\Temp\ccrYcQuv.o
                0x00000000800008b4                gpio1
                0x00000000800008b8                clk
                0x00000000800008bc                spi
 COMMON         0x00000000800008c0        0x4 f:/hifive-iot/freedomstudio-4.7.2.2019-05-0-win32.win32.x86_64/sifive/riscv64-unknown-elf-gcc/riscv64-unknown-elf-gcc-8.2.0-2019.05.3/bin/../lib/gcc/riscv64-unknown-elf/8.2.0/../../../../riscv64-unknown-elf/lib/rv32imac/ilp32\libc_nano.a(lib_a-reent.o)
                0x00000000800008c0                errno
                0x00000000800008c4                . = ALIGN (0x4)
                0x00000000800008c8                . = ALIGN (0x8)
                [!provide]                        PROVIDE (_end = .)
                [!provide]                        PROVIDE (end = .)
                0x00000000800008c8                PROVIDE (metal_segment_bss_target_end = .)

.stack          0x00000000800008c4      0x400
                [!provide]                        PROVIDE (metal_segment_stack_begin = .)
                0x0000000000000400                . = __stack_size
 *fill*         0x00000000800008c4      0x400 
                0x0000000080000cc4                PROVIDE (_sp = .)
                [!provide]                        PROVIDE (metal_segment_stack_end = .)

.heap           0x0000000080000cc4      0x400
                0x0000000080000cc4                PROVIDE (metal_segment_heap_target_start = .)
                0x0000000000000400                . = __heap_size
 *fill*         0x0000000080000cc4      0x400 
                0x00000000800010c4                PROVIDE (metal_segment_heap_target_end = .)
                [!provide]                        PROVIDE (_heap_end = .)
OUTPUT(hello elf32-littleriscv)

.debug_info     0x0000000000000000    0x238fb
 .debug_info    0x0000000000000000      0xf4b C:\Users\maitr\AppData\Local\Temp\ccrYcQuv.o